Archive member included to satisfy reference by file (symbol)

C:/NXP/S32DS_Power_v2.1/S32DS/build_tools/e200_ewl2/lib/e200z4/fp\libc99.a(memcpy.o)
                              ./SDK/platform/drivers/src/pit/pit_driver.o (memcpy)
C:/NXP/S32DS_Power_v2.1/S32DS/build_tools/e200_ewl2/lib/e200z4/fp\libc99.a(memset.o)
                              ./SDK/rtos/FreeRTOS_PA/Source/stream_buffer.o (memset)
C:/NXP/S32DS_Power_v2.1/S32DS/build_tools/e200_ewl2/lib/e200z4/fp\libc99.a(strlen.o)
                              ./SDK/rtos/FreeRTOS_PA/Source/tasks.o (strlen)
C:/NXP/S32DS_Power_v2.1/S32DS/build_tools/e200_ewl2/lib/e200z4/fp\libc99.a(__filll_mem.o)
                              C:/NXP/S32DS_Power_v2.1/S32DS/build_tools/e200_ewl2/lib/e200z4/fp\libc99.a(memset.o) (__fill_mem)
c:/nxp/s32ds_power_v2.1/s32ds/build_tools/powerpc-eabivle-4_9/bin/../lib/gcc/powerpc-eabivle/4.9.4/e200z4/fp\libgcc.a(_udivdi3.o)
                              ./SDK/platform/drivers/src/pit/pit_driver.o (__udivdi3)
c:/nxp/s32ds_power_v2.1/s32ds/build_tools/powerpc-eabivle-4_9/bin/../lib/gcc/powerpc-eabivle/4.9.4/e200z4/fp\libgcc.a(e200crtresxgpr.o)
                              C:/NXP/S32DS_Power_v2.1/S32DS/build_tools/e200_ewl2/lib/e200z4/fp\libc99.a(memset.o) (_restgpr_31_x)
c:/nxp/s32ds_power_v2.1/s32ds/build_tools/powerpc-eabivle-4_9/bin/../lib/gcc/powerpc-eabivle/4.9.4/e200z4/fp\libgcc.a(eabivle.o)
                              ./Sources/main.o (__eabi)

Discarded input sections

 .text          0x00000000        0x0 c:/nxp/s32ds_power_v2.1/s32ds/build_tools/powerpc-eabivle-4_9/bin/../lib/gcc/powerpc-eabivle/4.9.4/e200z4/fp/ecrti.o
 .data          0x00000000        0x0 c:/nxp/s32ds_power_v2.1/s32ds/build_tools/powerpc-eabivle-4_9/bin/../lib/gcc/powerpc-eabivle/4.9.4/e200z4/fp/ecrti.o
 .bss           0x00000000        0x0 c:/nxp/s32ds_power_v2.1/s32ds/build_tools/powerpc-eabivle-4_9/bin/../lib/gcc/powerpc-eabivle/4.9.4/e200z4/fp/ecrti.o
 .fixup         0x00000000        0x0 c:/nxp/s32ds_power_v2.1/s32ds/build_tools/powerpc-eabivle-4_9/bin/../lib/gcc/powerpc-eabivle/4.9.4/e200z4/fp/ecrti.o
 .sbss          0x00000000        0x0 c:/nxp/s32ds_power_v2.1/s32ds/build_tools/powerpc-eabivle-4_9/bin/../lib/gcc/powerpc-eabivle/4.9.4/e200z4/fp/ecrti.o
 .sbss2         0x00000000        0x0 c:/nxp/s32ds_power_v2.1/s32ds/build_tools/powerpc-eabivle-4_9/bin/../lib/gcc/powerpc-eabivle/4.9.4/e200z4/fp/ecrti.o
 .gcc_except_table
                0x00000000        0x0 c:/nxp/s32ds_power_v2.1/s32ds/build_tools/powerpc-eabivle-4_9/bin/../lib/gcc/powerpc-eabivle/4.9.4/e200z4/fp/ecrti.o
 .data          0x00000000        0x4 c:/nxp/s32ds_power_v2.1/s32ds/build_tools/powerpc-eabivle-4_9/bin/../lib/gcc/powerpc-eabivle/4.9.4/e200z4/fp/crtbegin.o
 .group         0x00000000        0x8 ./Generated_Code/Cpu.o
 .group         0x00000000        0x8 ./Generated_Code/Cpu.o
 .group         0x00000000        0x8 ./Generated_Code/Cpu.o
 .group         0x00000000        0x8 ./Generated_Code/Cpu.o
 .group         0x00000000        0x8 ./Generated_Code/Cpu.o
 .group         0x00000000        0x8 ./Generated_Code/Cpu.o
 .group         0x00000000        0x8 ./Generated_Code/Cpu.o
 .group         0x00000000        0x8 ./Generated_Code/Cpu.o
 .group         0x00000000        0x8 ./Generated_Code/Cpu.o
 .group         0x00000000        0x8 ./Generated_Code/Cpu.o
 .group         0x00000000        0x8 ./Generated_Code/Cpu.o
 .group         0x00000000        0x8 ./Generated_Code/Cpu.o
 .group         0x00000000        0x8 ./Generated_Code/Cpu.o
 .group         0x00000000        0x8 ./Generated_Code/Cpu.o
 .group         0x00000000        0x8 ./Generated_Code/Cpu.o
 .group         0x00000000        0x8 ./Generated_Code/Cpu.o
 .group         0x00000000        0x8 ./Generated_Code/Cpu.o
 .group         0x00000000        0x8 ./Generated_Code/Cpu.o
 .group         0x00000000        0x8 ./Generated_Code/Cpu.o
 .group         0x00000000        0x8 ./Generated_Code/Cpu.o
 .group         0x00000000        0x8 ./Generated_Code/Cpu.o
 .group         0x00000000        0x8 ./Generated_Code/Cpu.o
 .group         0x00000000        0x8 ./Generated_Code/Cpu.o
 .group         0x00000000        0x8 ./Generated_Code/Cpu.o
 .group         0x00000000        0x8 ./Generated_Code/Cpu.o
 .group         0x00000000        0x8 ./Generated_Code/Cpu.o
 .group         0x00000000        0x8 ./Generated_Code/Cpu.o
 .group         0x00000000        0x8 ./Generated_Code/Cpu.o
 .group         0x00000000        0x8 ./Generated_Code/Cpu.o
 .group         0x00000000        0x8 ./Generated_Code/Cpu.o
 .group         0x00000000        0x8 ./Generated_Code/Cpu.o
 .group         0x00000000        0x8 ./Generated_Code/Cpu.o
 .group         0x00000000        0x8 ./Generated_Code/Cpu.o
 .group         0x00000000        0x8 ./Generated_Code/Cpu.o
 .group         0x00000000        0x8 ./Generated_Code/Cpu.o
 .group         0x00000000        0x8 ./Generated_Code/Cpu.o
 .group         0x00000000        0x8 ./Generated_Code/Cpu.o
[...]
Memory Configuration

Name             Origin             Length             Attributes
flash_rchw       0x00fa4000         0x00000004
cpu0_reset_vec   0x00fa4010         0x00000004
cpu1_reset_vec   0x00fa4014         0x00000004
cpu2_reset_vec   0x00fa4004         0x00000004
m_text           0x01200000         0x001d0000
m_data           0x40000000         0x00040000
m_data2          0x40040000         0x00000020
*default*        0x00000000         0xffffffff

Linker script and memory map

LOAD c:/nxp/s32ds_power_v2.1/s32ds/build_tools/powerpc-eabivle-4_9/bin/../lib/gcc/powerpc-eabivle/4.9.4/e200z4/fp/ecrti.o
LOAD c:/nxp/s32ds_power_v2.1/s32ds/build_tools/powerpc-eabivle-4_9/bin/../lib/gcc/powerpc-eabivle/4.9.4/e200z4/fp/crtbegin.o
LOAD ./Generated_Code/Cpu.o
LOAD ./Generated_Code/can_pal1.o
LOAD ./Generated_Code/clockMan1.o
LOAD ./Generated_Code/crc1.o
LOAD ./Generated_Code/dmaController1.o
LOAD ./Generated_Code/pin_mux.o
LOAD ./Generated_Code/pit1.o
LOAD ./Project_Settings/Startup_Code/core0_intc_sw_handlers.o
LOAD ./Project_Settings/Startup_Code/interrupt_vectors.o
LOAD ./Project_Settings/Startup_Code/startup_MPC5748G.o
LOAD ./SDK/platform/devices/MPC5748G/startup/system_MPC5748G.o
LOAD ./SDK/platform/devices/startup.o
LOAD ./SDK/platform/drivers/src/clock/MPC57xx/clock_MPC57xx.o
LOAD ./SDK/platform/drivers/src/crc/crc_c55_hw_access.o
LOAD ./SDK/platform/drivers/src/crc/crc_driver.o
LOAD ./SDK/platform/drivers/src/edma/edma_driver.o
LOAD ./SDK/platform/drivers/src/edma/edma_hw_access.o
LOAD ./SDK/platform/drivers/src/edma/edma_irq.o
LOAD ./SDK/platform/drivers/src/flash_c55/flash_c55_driver.o
LOAD ./SDK/platform/drivers/src/flexcan/flexcan_driver.o
LOAD ./SDK/platform/drivers/src/flexcan/flexcan_hw_access.o
LOAD ./SDK/platform/drivers/src/flexcan/flexcan_irq.o
LOAD ./SDK/platform/drivers/src/interrupt/interrupt_manager_MPC57xx.o
LOAD ./SDK/platform/drivers/src/pins/siul2/pins_siul2_driver.o
LOAD ./SDK/platform/drivers/src/pins/siul2/siul2_hw_access.o
LOAD ./SDK/platform/drivers/src/pit/pit_driver.o
LOAD ./SDK/platform/drivers/src/pit/pit_hw_access.o
LOAD ./SDK/platform/pal/src/can/can_pal.o
LOAD ./SDK/rtos/FreeRTOS_PA/Source/croutine.o
LOAD ./SDK/rtos/FreeRTOS_PA/Source/event_groups.o
LOAD ./SDK/rtos/FreeRTOS_PA/Source/list.o
LOAD ./SDK/rtos/FreeRTOS_PA/Source/queue.o
LOAD ./SDK/rtos/FreeRTOS_PA/Source/stream_buffer.o
LOAD ./SDK/rtos/FreeRTOS_PA/Source/tasks.o
LOAD ./SDK/rtos/FreeRTOS_PA/Source/timers.o
LOAD ./SDK/rtos/FreeRTOS_PA/Source/portable/GCC/PowerPC/port.o
LOAD ./SDK/rtos/FreeRTOS_PA/Source/portable/GCC/PowerPC/portasm.o
LOAD ./SDK/rtos/FreeRTOS_PA/Source/portable/GCC/PowerPC/porttimer.o
LOAD ./SDK/rtos/FreeRTOS_PA/Source/portable/MemMang/heap_2.o
LOAD ./SDK/rtos/osif/osif_freertos.o
LOAD ./Sources/Bootloader.o
LOAD ./Sources/Can.o
LOAD ./Sources/CanTP.o
LOAD ./Sources/ResetWrapper.o
LOAD ./Sources/UDS.o
LOAD ./Sources/main.o
LOAD ./Sources/Bootloader_Flash/BootloaderFlash.o
LOAD ./Sources/Bootloader_Flash/BootloaderFlashCRCConfig.o
START GROUP
LOAD C:/NXP/S32DS_Power_v2.1/S32DS/build_tools/e200_ewl2/lib/e200z4/fp\libc99.a
LOAD C:/NXP/S32DS_Power_v2.1/S32DS/build_tools/e200_ewl2/lib/e200z4/fp\libm.a
LOAD c:/nxp/s32ds_power_v2.1/s32ds/build_tools/powerpc-eabivle-4_9/bin/../lib/gcc/powerpc-eabivle/4.9.4/e200z4/fp\libgcc.a
LOAD C:/NXP/S32DS_Power_v2.1/S32DS/build_tools/e200_ewl2/lib/e200z4/fp\librt.a
END GROUP
LOAD c:/nxp/s32ds_power_v2.1/s32ds/build_tools/powerpc-eabivle-4_9/bin/../lib/gcc/powerpc-eabivle/4.9.4/e200z4/fp/crtend.o
LOAD c:/nxp/s32ds_power_v2.1/s32ds/build_tools/powerpc-eabivle-4_9/bin/../lib/gcc/powerpc-eabivle/4.9.4/e200z4/fp/ecrtn.o
                0x00000000                __HEAP_SIZE = DEFINED (__heap_size__)?__heap_size__:0x0
                0x00001000                __STACK_SIZE = DEFINED (__stack_size__)?__stack_size__:0x1000
                0x01200000                FLASH_BASE_ADDR = DEFINED (__flash_base_addr__)?__flash_base_addr__:0x1200000
                0x001d0000                FLASH_SIZE = DEFINED (__flash_size__)?__flash_size__:0x1d0000
                0x40000000                SRAM_BASE_ADDR = DEFINED (__sram_base_addr__)?__sram_base_addr__:0x40000000
                0x00040000                SRAM_SIZE = DEFINED (__sram_size__)?__sram_size__:0x40000

.rchw           0x00fa4000        0x4
 *(.rchw)
 .rchw          0x00fa4000        0x4 ./Project_Settings/Startup_Code/startup_MPC5748G.o

.cpu0_reset_vector
                0x00fa4010        0x4
 *(.cpu0_reset_vector)
 .cpu0_reset_vector
                0x00fa4010        0x4 ./Project_Settings/Startup_Code/startup_MPC5748G.o

.cpu1_reset_vector
 *(.cpu1_reset_vector)

.cpu2_reset_vector
 *(.cpu2_reset_vector)

.startup        0x01200000      0x168
                0x01200000                __start = .
 *(.startup)
 .startup       0x01200000      0x168 ./Project_Settings/Startup_Code/startup_MPC5748G.o
                0x01200000                Reset_Handler
                0x01200000                _start

.core_exceptions_table
                0x01201000       0xb4
                0x01201000                __IVPR_VALUE = .
 *(.core_exceptions_table)
 .core_exceptions_table
                0x01201000       0xb4 ./Project_Settings/Startup_Code/interrupt_vectors.o
                0x01201000                IVOR0_Vector
                0x01201000                VTABLE
                0x01201010                IVOR1_Vector
                0x01201020                IVOR2_Vector
                0x01201030                IVOR3_Vector
                0x01201040                IVOR4_Vector
                0x01201050                IVOR5_Vector
                0x01201060                IVOR6_Vector
                0x01201070                IVOR35_Vector
                0x01201080                IVOR8_Vector
                0x01201090                IVOR15_Vector
                0x012010a0                IVOR33_Vector
                0x012010b0                IVOR34_Vector

.intc_vector_table
                0x01202000      0xbcc
                0x01202000                __VECTOR_TABLE = .
                0x01202000                __interrupts_start__ = .
 *(.intc_vector_table)
 .intc_vector_table
                0x01202000      0xbcc ./Project_Settings/Startup_Code/startup_MPC5748G.o
                0x01202000                __isr_vector
                0x01202bc8                PIT_Ch14_IRQHandler
                0x01202bc8                PIT_Ch0_IRQHandler
                0x01202bc8                LINFLEXD6_UART_ErrIRQHandler
                0x01202bc8                LINFLEXD5_UART_ErrIRQHandler
                0x01202bc8                DSPI1_Send_IRQHandler
                0x01202bc8                LINFLEXD2_UART_TxIRQHandler
                0x01202bc8                SIUL_EIRQ_16_23_IRQHandler
                0x01202bc8                ENET0_Rx_1_IRQHandler
                0x01202bc8                EMIOS0_30_31_IRQHandler
                0x01202bc8                SWT0_IRQHandler
                0x01202bc8                PIT_Ch10_IRQHandler
                0x01202bc8                SAI2_Rx_IRQHandler
                0x01202bc8                DSPI0_FIFO_Error_IRQHandler
                0x01202bc8                LINFLEXD3_UART_ErrIRQHandler
                0x01202bc8                PIT_Ch15_IRQHandler
                0x01202bc8                EMIOS1_00_01_IRQHandler
                0x01202bc8                ADC1_WD_IRQHandler
                0x01202bc8                IVOR5_Exception_Handler
                0x01202bc8                ADC0_WD_IRQHandler
                0x01202bc8                EMIOS0_10_11_IRQHandler
                0x01202bc8                USBOTG_IRQHandler
                0x01202bc8                DSPI5_FIFO_Error_IRQHandler
                0x01202bc8                DSPI6_Send_IRQHandler
                0x01202bc8                EMIOS1_26_27_IRQHandler
                0x01202bc8                STM2_Ch2_IRQHandler
                0x01202bc8                IVOR34_Exception_Handler
                0x01202bc8                DSPI4_Send_IRQHandler
                0x01202bc8                WKPU_23_16_IRQHandler
                0x01202bc8                STM2_Ch3_IRQHandler
                0x01202bc8                DSPI3_Send_IRQHandler
                0x01202bc8                ENET0_Tx_2_IRQHandler
                0x01202bc8                LINFLEXD0_UART_ErrIRQHandler
                0x01202bc8                LINFLEXD14_UART_RxIRQHandler
                0x01202bc8                ENET1_Rx_2_IRQHandler
                0x01202bc8                IVOR2_Exception_Handler
                0x01202bc8                PIT_Ch7_IRQHandler
                0x01202bc8                STM2_Ch1_IRQHandler
                0x01202bc8                EMIOS1_04_05_IRQHandler
                0x01202bc8                LINFLEXD11_UART_TxIRQHandler
                0x01202bc8                ENET1_Tx_IRQHandler
                0x01202bc8                SAI2_Tx_IRQHandler
                0x01202bc8                LINFLEXD5_UART_RxIRQHandler
                0x01202bc8                LINFLEXD7_UART_RxIRQHandler
                0x01202bc8                SWT2_IRQHandler
                0x01202bc8                EMIOS0_24_25_IRQHandler
                0x01202bc8                EMIOS2_00_01_IRQHandler
                0x01202bc8                LINFLEXD10_UART_TxIRQHandler
                0x01202bc8                LINFLEXD13_UART_TxIRQHandler
                0x01202bc8                IVOR33_Exception_Handler
                0x01202bc8                SAI0_Tx_IRQHandler
                0x01202bc8                LINFLEXD9_UART_ErrIRQHandler
                0x01202bc8                ENET0_Parser_IRQHandler
                0x01202bc8                EMIOS2_26_27_IRQHandler
                0x01202bc8                LINFLEXD0_UART_TxIRQHandler
                0x01202bc8                DSPI9_FIFO_Error_IRQHandler
                0x01202bc8                DSPI2_FIFO_Error_IRQHandler
                0x01202bc8                EMIOS1_30_31_IRQHandler
                0x01202bc8                LINFLEXD10_UART_RxIRQHandler
                0x01202bc8                PIT_Ch5_IRQHandler
                0x01202bc8                EMIOS0_12_13_IRQHandler
                0x01202bc8                PIT_Ch1_IRQHandler
                0x01202bc8                LINFLEXD14_UART_TxIRQHandler
                0x01202bc8                LINFLEXD9_UART_TxIRQHandler
                0x01202bc8                LINFLEXD14_UART_ErrIRQHandler
                0x01202bc8                LINFLEXD16_UART_ErrIRQHandler
                0x01202bc8                ENET0_Err_IRQHandler
                0x01202bc8                ENET1_Timer_IRQHandler
                0x01202bc8                DSPI0_Send_IRQHandler
                0x01202bc8                ENET1_Rx_IRQHandler
                0x01202bc8                EMIOS1_14_15_IRQHandler
                0x01202bc8                LINFLEXD17_UART_RxIRQHandler
                0x01202bc8                DSPI6_Receive_IRQHandler
                0x01202bc8                LINFLEXD10_UART_ErrIRQHandler
                0x01202bc8                CMP0_IRQHandler
                0x01202bc8                PIT_Ch2_IRQHandler
                0x01202bc8                DSPI0_Receive_IRQHandler
                0x01202bc8                I2C_DRV_Module2IRQHandler
                0x01202bc8                SAI1_Tx_IRQHandler
                0x01202bc8                DSPI2_Send_IRQHandler
                0x01202bc8                EMIOS0_16_17_IRQHandler
                0x01202bc8                BCTU_ListLast_IRQHandler
                0x01202bc8                ENET0_Rx_IRQHandler
                0x01202bc8                STM2_Ch0_IRQHandler
                0x01202bc8                ADC0_EOC_IRQHandler
                0x01202bc8                LINFLEXD11_UART_ErrIRQHandler
                0x01202bc8                IVOR15_Exception_Handler
                0x01202bc8                DSPI4_FIFO_Error_IRQHandler
                0x01202bc8                LINFLEXD15_UART_RxIRQHandler
                0x01202bc8                DSPI2_Receive_IRQHandler
                0x01202bc8                LINFLEXD1_UART_ErrIRQHandler
                0x01202bc8                EMIOS1_10_11_IRQHandler
                0x01202bc8                PIT_Ch4_IRQHandler
                0x01202bc8                DSPI9_Receive_IRQHandler
                0x01202bc8                ADC1_ER_IRQHandler
                0x01202bc8                LINFLEXD13_UART_RxIRQHandler
                0x01202bc8                EMIOS0_22_23_IRQHandler
                0x01202bc8                EMIOS1_28_29_IRQHandler
                0x01202bc8                SAI0_Rx_IRQHandler
                0x01202bc8                DSPI3_Receive_IRQHandler
                0x01202bc8                EMIOS2_28_29_IRQHandler
                0x01202bc8                ENET0_Tx_1_IRQHandler
                0x01202bc8                PIT_Ch11_IRQHandler
                0x01202bc8                ENET1_Tx_1_IRQHandler
                0x01202bc8                SIUL_EIRQ_00_07_IRQHandler
                0x01202bc8                LINFLEXD4_UART_TxIRQHandler
                0x01202bc8                LINFLEXD13_UART_ErrIRQHandler
                0x01202bc8                LINFLEXD12_UART_TxIRQHandler
                0x01202bc8                ADC0_ER_IRQHandler
                0x01202bc8                LINFLEXD8_UART_TxIRQHandler
                0x01202bc8                PIT_Ch12_IRQHandler
                0x01202bc8                ENET0_Rx_2_IRQHandler
                0x01202bc8                LINFLEXD11_UART_RxIRQHandler
                0x01202bc8                DSPI1_FIFO_Error_IRQHandler
                0x01202bc8                DSPI7_Receive_IRQHandler
                0x01202bc8                LINFLEXD6_UART_TxIRQHandler
                0x01202bc8                STM1_Ch2_IRQHandler
                0x01202bc8                CMP2_IRQHandler
                0x01202bc8                EMIOS2_20_21_IRQHandler
                0x01202bc8                IVOR1_Exception_Handler
                0x01202bc8                LINFLEXD7_UART_TxIRQHandler
                0x01202bc8                DSPI7_FIFO_Error_IRQHandler
                0x01202bc8                STM1_Ch0_IRQHandler
                0x01202bc8                DSPI8_Receive_IRQHandler
                0x01202bc8                LINFLEXD16_UART_TxIRQHandler
                0x01202bc8                PIT_Ch13_IRQHandler
                0x01202bc8                LINFLEXD2_UART_RxIRQHandler
                0x01202bc8                I2C_DRV_Module1IRQHandler
                0x01202bc8                ENET0_Tx_IRQHandler
                0x01202bc8                SIUL_EIRQ_24_31_IRQHandler
                0x01202bc8                EMIOS1_06_07_IRQHandler
                0x01202bc8                IVOR3_Exception_Handler
                0x01202bc8                DSPI9_Send_IRQHandler
                0x01202bc8                IVOR8_Exception_Handler
                0x01202bc8                PIT_RTI_IRQHandler
                0x01202bc8                LINFLEXD3_UART_RxIRQHandler
                0x01202bc8                LINFLEXD2_UART_ErrIRQHandler
                0x01202bc8                WKPU_31_24_IRQHandler
                0x01202bc8                LINFLEXD12_UART_RxIRQHandler
                0x01202bc8                LINFLEXD12_UART_ErrIRQHandler
                0x01202bc8                EMIOS1_12_13_IRQHandler
                0x01202bc8                STM1_Ch1_IRQHandler
                0x01202bc8                STM0_Ch0_IRQHandler
                0x01202bc8                DSPI5_Receive_IRQHandler
                0x01202bc8                USBHS_IRQHandler
                0x01202bc8                LINFLEXD17_UART_TxIRQHandler
                0x01202bc8                WKPU_15_08_IRQHandler
                0x01202bc8                EMIOS1_02_03_IRQHandler
                0x01202bc8                LINFLEXD4_UART_ErrIRQHandler
                0x01202bc8                STM0_Ch2_IRQHandler
                0x01202bc8                STM0_Ch3_IRQHandler
                0x01202bc8                EMIOS0_00_01_IRQHandler
                0x01202bc8                LINFLEXD0_UART_RxIRQHandler
                0x01202bc8                LINFLEXD15_UART_TxIRQHandler
                0x01202bc8                LINFLEXD15_UART_ErrIRQHandler
                0x01202bc8                LINFLEXD6_UART_RxIRQHandler
                0x01202bc8                DSPI8_FIFO_Error_IRQHandler
                0x01202bc8                RTC0_IRQHandler
                0x01202bc8                EMIOS0_18_19_IRQHandler
                0x01202bc8                LINFLEXD17_UART_ErrIRQHandler
                0x01202bc8                EMIOS2_02_03_IRQHandler
                0x01202bc8                EMIOS2_18_19_IRQHandler
                0x01202bc8                LINFLEXD8_UART_RxIRQHandler
                0x01202bc8                I2C_DRV_Module0IRQHandler
                0x01202bc8                LINFLEXD7_UART_ErrIRQHandler
                0x01202bc8                EMIOS0_20_21_IRQHandler
                0x01202bc8                DSPI3_FIFO_Error_IRQHandler
                0x01202bc8                I2C_DRV_Module3IRQHandler
                0x01202bc8                DSPI7_Send_IRQHandler
                0x01202bc8                STM1_Ch3_IRQHandler
                0x01202bc8                PIT_Ch6_IRQHandler
                0x01202bc8                IVOR6_Exception_Handler
                0x01202bc8                EMIOS1_24_25_IRQHandler
                0x01202bc8                EMIOS2_04_05_IRQHandler
                0x01202bc8                HSM_DRV_IRQHandler
                0x01202bc8                EMIOS1_08_09_IRQHandler
                0x01202bc8                LINFLEXD5_UART_TxIRQHandler
                0x01202bc8                EMIOS2_12_13_IRQHandler
                0x01202bc8                EMIOS2_10_11_IRQHandler
                0x01202bc8                PIT_Ch9_IRQHandler
                0x01202bc8                PIT_Ch3_IRQHandler
                0x01202bc8                EMIOS0_26_27_IRQHandler
                0x01202bc8                EMIOS1_22_23_IRQHandler
                0x01202bc8                DSPI1_Receive_IRQHandler
                0x01202bc8                EMIOS0_08_09_IRQHandler
                0x01202bc8                DSPI6_FIFO_Error_IRQHandler
                0x01202bc8                DSPI4_Receive_IRQHandler
                0x01202bc8                SIUL_EIRQ_08_15_IRQHandler
                0x01202bc8                ENET1_Rx_1_IRQHandler
                0x01202bc8                FLASH_Done_IRQHandler
                0x01202bc8                ENET1_Err_IRQHandler
                0x01202bc8                LINFLEXD1_UART_TxIRQHandler
                0x01202bc8                EMIOS2_06_07_IRQHandler
                0x01202bc8                ENET1_Parser_IRQHandler
                0x01202bc8                EMIOS0_04_05_IRQHandler
                0x01202bc8                LINFLEXD4_UART_RxIRQHandler
                0x01202bc8                EMIOS2_24_25_IRQHandler
                0x01202bc8                LINFLEXD16_UART_RxIRQHandler
                0x01202bc8                DSPI8_Send_IRQHandler
                0x01202bc8                API0_IRQHandler
                0x01202bc8                EMIOS1_16_17_IRQHandler
                0x01202bc8                SWT1_IRQHandler
                0x01202bc8                EMIOS1_18_19_IRQHandler
                0x01202bc8                EMIOS2_14_15_IRQHandler
                0x01202bc8                EMIOS0_06_07_IRQHandler
                0x01202bc8                DefaultISR
                0x01202bc8                EMIOS0_28_29_IRQHandler
                0x01202bc8                EMIOS2_08_09_IRQHandler
                0x01202bc8                CMP1_IRQHandler
                0x01202bc8                EMIOS0_02_03_IRQHandler
                0x01202bc8                PIT_Ch8_IRQHandler
                0x01202bc8                IVOR0_Exception_Handler
                0x01202bc8                IVOR35_Exception_Handler
                0x01202bc8                LINFLEXD3_UART_TxIRQHandler
                0x01202bc8                LINFLEXD9_UART_RxIRQHandler
                0x01202bc8                uSDHC_DriverIRQHandler
                0x01202bc8                EMIOS2_22_23_IRQHandler
                0x01202bc8                SAI1_Rx_IRQHandler
                0x01202bc8                EMIOS2_30_31_IRQHandler
                0x01202bc8                LINFLEXD8_UART_ErrIRQHandler
                0x01202bc8                DSPI5_Send_IRQHandler
                0x01202bc8                ADC1_EOC_IRQHandler
                0x01202bc8                ENET0_Timer_IRQHandler
                0x01202bc8                ENET1_Tx_2_IRQHandler
                0x01202bc8                STM0_Ch1_IRQHandler
                0x01202bc8                FCCU0_IRQ_Handler
                0x01202bc8                EMIOS1_20_21_IRQHandler
                0x01202bc8                EMIOS2_16_17_IRQHandler
                0x01202bc8                LINFLEXD1_UART_RxIRQHandler
                0x01202bc8                BCTU_ConvUpdate_IRQHandler
                0x01202bc8                WKPU_07_00_IRQHandler
                0x01202bc8                EMIOS0_14_15_IRQHandler
                0x01202bcc                __interrupts_end__ = .
                0x00000c00                __RAM_VECTOR_TABLE_SIZE = 0xc00
                0x01202c00                __VECTOR_TABLE_COPY_END = (__VECTOR_TABLE + __RAM_VECTOR_TABLE_SIZE)

.text           0x01202bd0     0x8180
 *(.text.startup)
 *(.text)
 .text          0x01202bd0      0x16c c:/nxp/s32ds_power_v2.1/s32ds/build_tools/powerpc-eabivle-4_9/bin/../lib/gcc/powerpc-eabivle/4.9.4/e200z4/fp/crtbegin.o
 *fill*         0x01202d3c        0x4 
 .text          0x01202d40      0x2f6 ./Project_Settings/Startup_Code/core0_intc_sw_handlers.o
                0x01202d80                IVOR0_Handler
                0x01202dae                IVOR1_Handler
                0x01202dfc                IVOR2_Handler
                0x01202e36                IVOR3_Handler
                0x01202e70                IVOR4_Handler
                0x01202eb8                IVOR5_Handler
                0x01202ef2                IVOR6_Handler
                0x01202f2c                IVOR8_Handler
                0x01202f66                IVOR15_Handler
                0x01202f94                IVOR33_Handler
                0x01202fce                IVOR34_Handler
                0x01203008                IVOR35_Handler
 *fill*         0x01203036        0xa 
 .text          0x01203040      0x242 ./SDK/rtos/FreeRTOS_PA/Source/portable/GCC/PowerPC/portasm.o
                0x01203040                vPortStartFirstTask
                0x01203090                vPortISRHandler
                0x01203150                xPortSyscall
                0x01203250                vPortNMI
                0x01203270                vPortDataStorage
 .text          0x01203282       0x52 c:/nxp/s32ds_power_v2.1/s32ds/build_tools/powerpc-eabivle-4_9/bin/../lib/gcc/powerpc-eabivle/4.9.4/e200z4/fp\libgcc.a(e200crtresxgpr.o)
                0x01203282                _restgpr_14_x
                0x01203286                _restgpr_15_x
                0x0120328a                _restgpr_16_x
                0x0120328e                _restgpr_17_x
                0x01203292                _restgpr_18_x
                0x01203296                _restgpr_19_x
                0x0120329a                _restgpr_20_x
                0x0120329e                _restgpr_21_x
                0x012032a2                _restgpr_22_x
                0x012032a6                _restgpr_23_x
                0x012032aa                _restgpr_24_x
                0x012032ae                _restgpr_25_x
                0x012032b2                _restgpr_26_x
                0x012032b6                _restgpr_27_x
                0x012032ba                _restgpr_28_x
                0x012032be                _restgpr_29_x
                0x012032c2                _restgpr_30_x
                0x012032c6                _restgpr_31_x
 .text          0x012032d4       0x4a c:/nxp/s32ds_power_v2.1/s32ds/build_tools/powerpc-eabivle-4_9/bin/../lib/gcc/powerpc-eabivle/4.9.4/e200z4/fp\libgcc.a(eabivle.o)
                0x012032d4                __eabi
 *fill*         0x0120331e        0x2 
 .text          0x01203320       0x48 c:/nxp/s32ds_power_v2.1/s32ds/build_tools/powerpc-eabivle-4_9/bin/../lib/gcc/powerpc-eabivle/4.9.4/e200z4/fp/crtend.o
 *(.text.*)
 .text.SystemInit
                0x01203368       0x84 ./SDK/platform/devices/MPC5748G/startup/system_MPC5748G.o
                0x01203368                SystemInit
 .text.init_data_bss
                0x012033ec       0xb8 ./SDK/platform/devices/startup.o
                0x012033ec                init_data_bss
 .text.CLOCK_SYS_GetFircFreq
                0x012034a4       0x1e ./SDK/platform/drivers/src/clock/MPC57xx/clock_MPC57xx.o
 *fill*         0x012034c2        0x2 
 .text.CLOCK_SYS_GetFxoscFreq
                0x012034c4       0x1e ./SDK/platform/drivers/src/clock/MPC57xx/clock_MPC57xx.o
 *fill*         0x012034e2        0x2 
 .text.CLOCK_SYS_CalculateFrequenciesOfClockSources
                0x012034e4      0x13e ./SDK/platform/drivers/src/clock/MPC57xx/clock_MPC57xx.o
 *fill*         0x01203622        0x2 
 .text.CLOCK_DRV_Init
                0x01203624      0xb30 ./SDK/platform/drivers/src/clock/MPC57xx/clock_MPC57xx.o
                0x01203624                CLOCK_DRV_Init
 .text.CLOCK_SYS_Init
                0x01204154       0x18 ./SDK/platform/drivers/src/clock/MPC57xx/clock_MPC57xx.o
                0x01204154                CLOCK_SYS_Init
 .text.CLOCK_SYS_UpdateConfiguration
                0x0120416c      0x172 ./SDK/platform/drivers/src/clock/MPC57xx/clock_MPC57xx.o
                0x0120416c                CLOCK_SYS_UpdateConfiguration
 *fill*         0x012042de        0x2 
 .text.CRC_SetWriteTranspose
                0x012042e0       0x3e ./SDK/platform/drivers/src/crc/crc_c55_hw_access.o
                0x012042e0                CRC_SetWriteTranspose
 *fill*         0x0120431e        0x2 
 .text.CRC_Init
                0x01204320       0x34 ./SDK/platform/drivers/src/crc/crc_c55_hw_access.o
                0x01204320                CRC_Init
 .text.CRC_GetCrcResult
                0x01204354       0x26 ./SDK/platform/drivers/src/crc/crc_c55_hw_access.o
                0x01204354                CRC_GetCrcResult
 *fill*         0x0120437a        0x2 
 .text.CRC_DRV_Deinit
                0x0120437c       0x1c ./SDK/platform/drivers/src/crc/crc_driver.o
                0x0120437c                CRC_DRV_Deinit
 .text.CRC_DRV_WriteData
                0x01204398       0x1e ./SDK/platform/drivers/src/crc/crc_driver.o
                0x01204398                CRC_DRV_WriteData
 *fill*         0x012043b6        0x2 
 .text.CRC_DRV_GetCrcResult
                0x012043b8       0x1a ./SDK/platform/drivers/src/crc/crc_driver.o
                0x012043b8                CRC_DRV_GetCrcResult
 *fill*         0x012043d2        0x2 
 .text.CRC_DRV_Configure
                0x012043d4       0x62 ./SDK/platform/drivers/src/crc/crc_driver.o
                0x012043d4                CRC_DRV_Configure
 *fill*         0x01204436        0x2 
 .text.CRC_DRV_Init
                0x01204438       0x2e ./SDK/platform/drivers/src/crc/crc_driver.o
                0x01204438                CRC_DRV_Init
 *fill*         0x01204466        0x2 
 .text.EDMA_DRV_InstallCallback
                0x01204468       0x16 ./SDK/platform/drivers/src/edma/edma_driver.o
                0x01204468                EDMA_DRV_InstallCallback
 *fill*         0x0120447e        0x2 
 .text.EDMA_DRV_IRQHandler
                0x01204480       0x52 ./SDK/platform/drivers/src/edma/edma_driver.o
                0x01204480                EDMA_DRV_IRQHandler
 *fill*         0x012044d2        0x2 
 .text.EDMA_DRV_ErrorIRQHandler
                0x012044d4       0x6c ./SDK/platform/drivers/src/edma/edma_driver.o
                0x012044d4                EDMA_DRV_ErrorIRQHandler
 .text.EDMA_DRV_ConfigSingleBlockTransfer
                0x01204540      0x15c ./SDK/platform/drivers/src/edma/edma_driver.o
                0x01204540                EDMA_DRV_ConfigSingleBlockTransfer
 .text.EDMA_DRV_StartChannel
                0x0120469c       0x20 ./SDK/platform/drivers/src/edma/edma_driver.o
                0x0120469c                EDMA_DRV_StartChannel
 .text.EDMA_DRV_StopChannel
                0x012046bc       0x20 ./SDK/platform/drivers/src/edma/edma_driver.o
                0x012046bc                EDMA_DRV_StopChannel
 .text.EDMA_DRV_DisableRequestsOnTransferComplete
                0x012046dc       0x1e ./SDK/platform/drivers/src/edma/edma_driver.o
                0x012046dc                EDMA_DRV_DisableRequestsOnTransferComplete
 *fill*         0x012046fa        0x2 
 .text.EDMA_DRV_GetDmaRegBaseAddr
                0x012046fc        0x6 ./SDK/platform/drivers/src/edma/edma_driver.o
                0x012046fc                EDMA_DRV_GetDmaRegBaseAddr
 *fill*         0x01204702        0x2 
 .text.EDMA_GetErrorIntStatusFlag
                0x01204704        0xa ./SDK/platform/drivers/src/edma/edma_hw_access.o
                0x01204704                EDMA_GetErrorIntStatusFlag
 *fill*         0x0120470e        0x2 
 .text.EDMA_ClearErrorIntStatusFlag
                0x01204710        0x6 ./SDK/platform/drivers/src/edma/edma_hw_access.o
                0x01204710                EDMA_ClearErrorIntStatusFlag
 *fill*         0x01204716        0x2 
 .text.EDMA_SetDmaRequestCmd
                0x01204718       0x12 ./SDK/platform/drivers/src/edma/edma_hw_access.o
                0x01204718                EDMA_SetDmaRequestCmd
 *fill*         0x0120472a        0x2 
 .text.EDMA_ClearDoneStatusFlag
                0x0120472c        0x6 ./SDK/platform/drivers/src/edma/edma_hw_access.o
                0x0120472c                EDMA_ClearDoneStatusFlag
 *fill*         0x01204732        0x2 
 .text.EDMA_ClearIntStatusFlag
                0x01204734        0x6 ./SDK/platform/drivers/src/edma/edma_hw_access.o
                0x01204734                EDMA_ClearIntStatusFlag
 *fill*         0x0120473a        0x2 
 .text.EDMA_SetMinorLoopMappingCmd
                0x0120473c       0x14 ./SDK/platform/drivers/src/edma/edma_hw_access.o
                0x0120473c                EDMA_SetMinorLoopMappingCmd
 .text.EDMA_TCDClearReg
                0x01204750       0x34 ./SDK/platform/drivers/src/edma/edma_hw_access.o
                0x01204750                EDMA_TCDClearReg
 .text.EDMA_TCDSetSrcAddr
                0x01204784        0xc ./SDK/platform/drivers/src/edma/edma_hw_access.o
                0x01204784                EDMA_TCDSetSrcAddr
 .text.EDMA_TCDSetSrcOffset
                0x01204790        0xe ./SDK/platform/drivers/src/edma/edma_hw_access.o
                0x01204790                EDMA_TCDSetSrcOffset
 *fill*         0x0120479e        0x2 
 .text.EDMA_TCDSetAttribute
                0x012047a0       0x24 ./SDK/platform/drivers/src/edma/edma_hw_access.o
                0x012047a0                EDMA_TCDSetAttribute
 .text.EDMA_TCDSetNbytes
                0x012047c4       0x42 ./SDK/platform/drivers/src/edma/edma_hw_access.o
                0x012047c4                EDMA_TCDSetNbytes
 *fill*         0x01204806        0x2 
 .text.EDMA_TCDSetDestAddr
                0x01204808        0xa ./SDK/platform/drivers/src/edma/edma_hw_access.o
                0x01204808                EDMA_TCDSetDestAddr
 *fill*         0x01204812        0x2 
 .text.EDMA_TCDSetDestOffset
                0x01204814        0xc ./SDK/platform/drivers/src/edma/edma_hw_access.o
                0x01204814                EDMA_TCDSetDestOffset
 .text.EDMA_TCDSetDisableDmaRequestAfterTCDDoneCmd
                0x01204820       0x26 ./SDK/platform/drivers/src/edma/edma_hw_access.o
                0x01204820                EDMA_TCDSetDisableDmaRequestAfterTCDDoneCmd
 *fill*         0x01204846        0x2 
 .text.EDMA_TCDSetMajorCompleteIntCmd
                0x01204848       0x26 ./SDK/platform/drivers/src/edma/edma_hw_access.o
                0x01204848                EDMA_TCDSetMajorCompleteIntCmd
 *fill*         0x0120486e        0x2 
 .text.EDMA_TCDSetMajorCount
                0x01204870       0x5e ./SDK/platform/drivers/src/edma/edma_hw_access.o
                0x01204870                EDMA_TCDSetMajorCount
 *fill*         0x012048ce        0x2 
 .text.DMA0_Ch0_IRQHandler
                0x012048d0       0x16 ./SDK/platform/drivers/src/edma/edma_irq.o
                0x012048d0                DMA0_Ch0_IRQHandler
 *fill*         0x012048e6        0x2 
 .text.DMA0_Ch1_IRQHandler
                0x012048e8       0x16 ./SDK/platform/drivers/src/edma/edma_irq.o
                0x012048e8                DMA0_Ch1_IRQHandler
 *fill*         0x012048fe        0x2 
 .text.DMA0_Ch2_IRQHandler
                0x01204900       0x16 ./SDK/platform/drivers/src/edma/edma_irq.o
                0x01204900                DMA0_Ch2_IRQHandler
 *fill*         0x01204916        0x2 
 .text.DMA0_Ch3_IRQHandler
                0x01204918       0x16 ./SDK/platform/drivers/src/edma/edma_irq.o
                0x01204918                DMA0_Ch3_IRQHandler
 *fill*         0x0120492e        0x2 
 .text.DMA0_Ch4_IRQHandler
                0x01204930       0x16 ./SDK/platform/drivers/src/edma/edma_irq.o
                0x01204930                DMA0_Ch4_IRQHandler
 *fill*         0x01204946        0x2 
 .text.DMA0_Ch5_IRQHandler
                0x01204948       0x16 ./SDK/platform/drivers/src/edma/edma_irq.o
                0x01204948                DMA0_Ch5_IRQHandler
 *fill*         0x0120495e        0x2 
 .text.DMA0_Ch6_IRQHandler
                0x01204960       0x16 ./SDK/platform/drivers/src/edma/edma_irq.o
                0x01204960                DMA0_Ch6_IRQHandler
 *fill*         0x01204976        0x2 
 .text.DMA0_Ch7_IRQHandler
                0x01204978       0x16 ./SDK/platform/drivers/src/edma/edma_irq.o
                0x01204978                DMA0_Ch7_IRQHandler
 *fill*         0x0120498e        0x2 
 .text.DMA0_Ch8_IRQHandler
                0x01204990       0x16 ./SDK/platform/drivers/src/edma/edma_irq.o
                0x01204990                DMA0_Ch8_IRQHandler
 *fill*         0x012049a6        0x2 
 .text.DMA0_Ch9_IRQHandler
                0x012049a8       0x16 ./SDK/platform/drivers/src/edma/edma_irq.o
                0x012049a8                DMA0_Ch9_IRQHandler
 *fill*         0x012049be        0x2 
 .text.DMA0_Ch10_IRQHandler
                0x012049c0       0x16 ./SDK/platform/drivers/src/edma/edma_irq.o
                0x012049c0                DMA0_Ch10_IRQHandler
 *fill*         0x012049d6        0x2 
 .text.DMA0_Ch11_IRQHandler
                0x012049d8       0x16 ./SDK/platform/drivers/src/edma/edma_irq.o
                0x012049d8                DMA0_Ch11_IRQHandler
 *fill*         0x012049ee        0x2 
 .text.DMA0_Ch12_IRQHandler
                0x012049f0       0x16 ./SDK/platform/drivers/src/edma/edma_irq.o
                0x012049f0                DMA0_Ch12_IRQHandler
 *fill*         0x01204a06        0x2 
 .text.DMA0_Ch13_IRQHandler
                0x01204a08       0x16 ./SDK/platform/drivers/src/edma/edma_irq.o
                0x01204a08                DMA0_Ch13_IRQHandler
 *fill*         0x01204a1e        0x2 
 .text.DMA0_Ch14_IRQHandler
                0x01204a20       0x16 ./SDK/platform/drivers/src/edma/edma_irq.o
                0x01204a20                DMA0_Ch14_IRQHandler
 *fill*         0x01204a36        0x2 
 .text.DMA0_Ch15_IRQHandler
                0x01204a38       0x16 ./SDK/platform/drivers/src/edma/edma_irq.o
                0x01204a38                DMA0_Ch15_IRQHandler
 *fill*         0x01204a4e        0x2 
 .text.DMA0_Ch16_IRQHandler
                0x01204a50       0x16 ./SDK/platform/drivers/src/edma/edma_irq.o
                0x01204a50                DMA0_Ch16_IRQHandler
 *fill*         0x01204a66        0x2 
 .text.DMA0_Ch17_IRQHandler
                0x01204a68       0x16 ./SDK/platform/drivers/src/edma/edma_irq.o
                0x01204a68                DMA0_Ch17_IRQHandler
 *fill*         0x01204a7e        0x2 
 .text.DMA0_Ch18_IRQHandler
                0x01204a80       0x16 ./SDK/platform/drivers/src/edma/edma_irq.o
                0x01204a80                DMA0_Ch18_IRQHandler
 *fill*         0x01204a96        0x2 
 .text.DMA0_Ch19_IRQHandler
                0x01204a98       0x16 ./SDK/platform/drivers/src/edma/edma_irq.o
                0x01204a98                DMA0_Ch19_IRQHandler
 *fill*         0x01204aae        0x2 
 .text.DMA0_Ch20_IRQHandler
                0x01204ab0       0x16 ./SDK/platform/drivers/src/edma/edma_irq.o
                0x01204ab0                DMA0_Ch20_IRQHandler
 *fill*         0x01204ac6        0x2 
 .text.DMA0_Ch21_IRQHandler
                0x01204ac8       0x16 ./SDK/platform/drivers/src/edma/edma_irq.o
                0x01204ac8                DMA0_Ch21_IRQHandler
 *fill*         0x01204ade        0x2 
 .text.DMA0_Ch22_IRQHandler
                0x01204ae0       0x16 ./SDK/platform/drivers/src/edma/edma_irq.o
                0x01204ae0                DMA0_Ch22_IRQHandler
 *fill*         0x01204af6        0x2 
 .text.DMA0_Ch23_IRQHandler
                0x01204af8       0x16 ./SDK/platform/drivers/src/edma/edma_irq.o
                0x01204af8                DMA0_Ch23_IRQHandler
 *fill*         0x01204b0e        0x2 
 .text.DMA0_Ch24_IRQHandler
                0x01204b10       0x16 ./SDK/platform/drivers/src/edma/edma_irq.o
                0x01204b10                DMA0_Ch24_IRQHandler
 *fill*         0x01204b26        0x2 
 .text.DMA0_Ch25_IRQHandler
                0x01204b28       0x16 ./SDK/platform/drivers/src/edma/edma_irq.o
                0x01204b28                DMA0_Ch25_IRQHandler
 *fill*         0x01204b3e        0x2 
 .text.DMA0_Ch26_IRQHandler
                0x01204b40       0x16 ./SDK/platform/drivers/src/edma/edma_irq.o
                0x01204b40                DMA0_Ch26_IRQHandler
 *fill*         0x01204b56        0x2 
 .text.DMA0_Ch27_IRQHandler
                0x01204b58       0x16 ./SDK/platform/drivers/src/edma/edma_irq.o
                0x01204b58                DMA0_Ch27_IRQHandler
 *fill*         0x01204b6e        0x2 
 .text.DMA0_Ch28_IRQHandler
                0x01204b70       0x16 ./SDK/platform/drivers/src/edma/edma_irq.o
                0x01204b70                DMA0_Ch28_IRQHandler
 *fill*         0x01204b86        0x2 
 .text.DMA0_Ch29_IRQHandler
                0x01204b88       0x16 ./SDK/platform/drivers/src/edma/edma_irq.o
                0x01204b88                DMA0_Ch29_IRQHandler
 *fill*         0x01204b9e        0x2 
 .text.DMA0_Ch30_IRQHandler
                0x01204ba0       0x16 ./SDK/platform/drivers/src/edma/edma_irq.o
                0x01204ba0                DMA0_Ch30_IRQHandler
 *fill*         0x01204bb6        0x2 
 .text.DMA0_Ch31_IRQHandler
                0x01204bb8       0x16 ./SDK/platform/drivers/src/edma/edma_irq.o
                0x01204bb8                DMA0_Ch31_IRQHandler
 *fill*         0x01204bce        0x2 
 .text.DMA0_Ch0_Ch31_Error_IRQHandler
                0x01204bd0       0x42 ./SDK/platform/drivers/src/edma/edma_irq.o
                0x01204bd0                DMA0_Ch0_Ch31_Error_IRQHandler
 *fill*         0x01204c12        0x2 
 .text.FLASH_DRV_CheckEraseStatus
                0x01204c14       0x84 ./SDK/platform/drivers/src/flash_c55/flash_c55_driver.o
                0x01204c14                FLASH_DRV_CheckEraseStatus
 .text.FLASH_DRV_Init
                0x01204c98       0x12 ./SDK/platform/drivers/src/flash_c55/flash_c55_driver.o
                0x01204c98                FLASH_DRV_Init
 *fill*         0x01204caa        0x2 
 .text.FLASH_DRV_SetLock
                0x01204cac      0x150 ./SDK/platform/drivers/src/flash_c55/flash_c55_driver.o
                0x01204cac                FLASH_DRV_SetLock
 .text.FLASH_DRV_GetLock
                0x01204dfc      0x10e ./SDK/platform/drivers/src/flash_c55/flash_c55_driver.o
                0x01204dfc                FLASH_DRV_GetLock
 *fill*         0x01204f0a        0x2 
 .text.FLASH_DRV_Erase
                0x01204f0c      0x28e ./SDK/platform/drivers/src/flash_c55/flash_c55_driver.o
                0x01204f0c                FLASH_DRV_Erase
 *fill*         0x0120519a        0x2 
 .text.FLASH_DRV_BlankCheck
                0x0120519c       0x9a ./SDK/platform/drivers/src/flash_c55/flash_c55_driver.o
                0x0120519c                FLASH_DRV_BlankCheck
 *fill*         0x01205236        0x2 
 .text.FLASH_DRV_Program
                0x01205238       0xc2 ./SDK/platform/drivers/src/flash_c55/flash_c55_driver.o
                0x01205238                FLASH_DRV_Program
 *fill*         0x012052fa        0x2 
 .text.FLASH_DRV_CheckProgramStatus
                0x012052fc       0xe6 ./SDK/platform/drivers/src/flash_c55/flash_c55_driver.o
                0x012052fc                FLASH_DRV_CheckProgramStatus
 *fill*         0x012053e2        0x2 
 .text.FLASH_DRV_ProgramVerify
                0x012053e4       0xa0 ./SDK/platform/drivers/src/flash_c55/flash_c55_driver.o
                0x012053e4                FLASH_DRV_ProgramVerify
 .text.FLEXCAN_StartSendData
                0x01205484       0xde ./SDK/platform/drivers/src/flexcan/flexcan_driver.o
 *fill*         0x01205562        0x2 
 .text.FLEXCAN_StartRxMessageBufferData
                0x01205564       0x9c ./SDK/platform/drivers/src/flexcan/flexcan_driver.o
 .text.FLEXCAN_CompleteRxMessageFifoData
                0x01205600       0xd2 ./SDK/platform/drivers/src/flexcan/flexcan_driver.o
 *fill*         0x012056d2        0x2 
 .text.FLEXCAN_CompleteRxFifoDataDMA
                0x012056d4       0x4c ./SDK/platform/drivers/src/flexcan/flexcan_driver.o
 .text.FLEXCAN_CompleteTransfer
                0x01205720       0x56 ./SDK/platform/drivers/src/flexcan/flexcan_driver.o
 *fill*         0x01205776        0x2 
 .text.FLEXCAN_StartRxMessageFifoData
                0x01205778      0x12c ./SDK/platform/drivers/src/flexcan/flexcan_driver.o
 .text.FLEXCAN_DRV_Init
                0x012058a4      0x3f4 ./SDK/platform/drivers/src/flexcan/flexcan_driver.o
                0x012058a4                FLEXCAN_DRV_Init
 .text.FLEXCAN_DRV_ConfigTxMb
                0x01205c98       0x4a ./SDK/platform/drivers/src/flexcan/flexcan_driver.o
                0x01205c98                FLEXCAN_DRV_ConfigTxMb
 *fill*         0x01205ce2        0x2 
 .text.FLEXCAN_DRV_Send
                0x01205ce4       0x42 ./SDK/platform/drivers/src/flexcan/flexcan_driver.o
                0x01205ce4                FLEXCAN_DRV_Send
 *fill*         0x01205d26        0x2 
 .text.FLEXCAN_DRV_ConfigRxMb
                0x01205d28       0xa4 ./SDK/platform/drivers/src/flexcan/flexcan_driver.o
                0x01205d28                FLEXCAN_DRV_ConfigRxMb
 .text.FLEXCAN_DRV_ConfigRxFifo
                0x01205dcc       0x40 ./SDK/platform/drivers/src/flexcan/flexcan_driver.o
                0x01205dcc                FLEXCAN_DRV_ConfigRxFifo
 .text.FLEXCAN_DRV_Receive
                0x01205e0c       0x16 ./SDK/platform/drivers/src/flexcan/flexcan_driver.o
                0x01205e0c                FLEXCAN_DRV_Receive
 *fill*         0x01205e22        0x2 
 .text.FLEXCAN_DRV_RxFifo
                0x01205e24       0x16 ./SDK/platform/drivers/src/flexcan/flexcan_driver.o
                0x01205e24                FLEXCAN_DRV_RxFifo
 *fill*         0x01205e3a        0x2 
 .text.FLEXCAN_DRV_Deinit
                0x01205e3c      0x13e ./SDK/platform/drivers/src/flexcan/flexcan_driver.o
                0x01205e3c                FLEXCAN_DRV_Deinit
 *fill*         0x01205f7a        0x2 
 .text.FLEXCAN_IRQHandler
                0x01205f7c      0x2ec ./SDK/platform/drivers/src/flexcan/flexcan_driver.o
                0x01205f7c                FLEXCAN_IRQHandler
 .text.FLEXCAN_Error_IRQHandler
                0x01206268       0x46 ./SDK/platform/drivers/src/flexcan/flexcan_driver.o
                0x01206268                FLEXCAN_Error_IRQHandler
 *fill*         0x012062ae        0x2 
 .text.FLEXCAN_WakeUpHandler
                0x012062b0       0x90 ./SDK/platform/drivers/src/flexcan/flexcan_driver.o
                0x012062b0                FLEXCAN_WakeUpHandler
 .text.FLEXCAN_DRV_InstallEventCallback
                0x01206340       0x18 ./SDK/platform/drivers/src/flexcan/flexcan_driver.o
                0x01206340                FLEXCAN_DRV_InstallEventCallback
 .text.FLEXCAN_ComputePayloadSize
                0x01206358       0x4c ./SDK/platform/drivers/src/flexcan/flexcan_hw_access.o
 .text.FLEXCAN_GetMaxMbNum
                0x012063a4       0x30 ./SDK/platform/drivers/src/flexcan/flexcan_hw_access.o
                0x012063a4                FLEXCAN_GetMaxMbNum
 .text.FLEXCAN_Enable
                0x012063d4       0x24 ./SDK/platform/drivers/src/flexcan/flexcan_hw_access.o
                0x012063d4                FLEXCAN_Enable
 .text.FLEXCAN_Disable
                0x012063f8       0x18 ./SDK/platform/drivers/src/flexcan/flexcan_hw_access.o
                0x012063f8                FLEXCAN_Disable
 .text.FLEXCAN_Init
                0x01206410       0xbe ./SDK/platform/drivers/src/flexcan/flexcan_hw_access.o
                0x01206410                FLEXCAN_Init
 *fill*         0x012064ce        0x2 
 .text.FLEXCAN_EnableRxFifo
                0x012064d0       0x6c ./SDK/platform/drivers/src/flexcan/flexcan_hw_access.o
                0x012064d0                FLEXCAN_EnableRxFifo
 .text.FLEXCAN_SetRxFifoFilter
                0x0120653c      0x21c ./SDK/platform/drivers/src/flexcan/flexcan_hw_access.o
                0x0120653c                FLEXCAN_SetRxFifoFilter
 .text.FLEXCAN_SetMsgBuffIntCmd
                0x01206758       0xd0 ./SDK/platform/drivers/src/flexcan/flexcan_hw_access.o
                0x01206758                FLEXCAN_SetMsgBuffIntCmd
 .text.FLEXCAN_SetErrIntCmd
                0x01206828       0x54 ./SDK/platform/drivers/src/flexcan/flexcan_hw_access.o
                0x01206828                FLEXCAN_SetErrIntCmd
 .text.FLEXCAN_ExitFreezeMode
                0x0120687c       0x16 ./SDK/platform/drivers/src/flexcan/flexcan_hw_access.o
                0x0120687c                FLEXCAN_ExitFreezeMode
 *fill*         0x01206892        0x2 
 .text.FLEXCAN_EnterFreezeMode
                0x01206894       0x3c ./SDK/platform/drivers/src/flexcan/flexcan_hw_access.o
                0x01206894                FLEXCAN_EnterFreezeMode
 .text.FLEXCAN_ClearErrIntStatusFlag
                0x012068d0       0x1e ./SDK/platform/drivers/src/flexcan/flexcan_hw_access.o
                0x012068d0                FLEXCAN_ClearErrIntStatusFlag
 *fill*         0x012068ee        0x2 
 .text.FLEXCAN_ReadRxFifo
                0x012068f0       0x70 ./SDK/platform/drivers/src/flexcan/flexcan_hw_access.o
                0x012068f0                FLEXCAN_ReadRxFifo
 .text.FLEXCAN_SetOperationMode
                0x01206960       0x70 ./SDK/platform/drivers/src/flexcan/flexcan_hw_access.o
                0x01206960                FLEXCAN_SetOperationMode
 .text.FLEXCAN_SetPayloadSize
                0x012069d0       0x2e ./SDK/platform/drivers/src/flexcan/flexcan_hw_access.o
                0x012069d0                FLEXCAN_SetPayloadSize
 *fill*         0x012069fe        0x2 
 .text.FLEXCAN_GetPayloadSize
                0x01206a00       0x1e ./SDK/platform/drivers/src/flexcan/flexcan_hw_access.o
                0x01206a00                FLEXCAN_GetPayloadSize
 *fill*         0x01206a1e        0x2 
 .text.FLEXCAN_GetMsgBuffRegion
                0x01206a20       0x50 ./SDK/platform/drivers/src/flexcan/flexcan_hw_access.o
                0x01206a20                FLEXCAN_GetMsgBuffRegion
 .text.FLEXCAN_SetTxMsgBuff
                0x01206a70      0x1be ./SDK/platform/drivers/src/flexcan/flexcan_hw_access.o
                0x01206a70                FLEXCAN_SetTxMsgBuff
 *fill*         0x01206c2e        0x2 
 .text.FLEXCAN_SetRxMsgBuff
                0x01206c30       0xe4 ./SDK/platform/drivers/src/flexcan/flexcan_hw_access.o
                0x01206c30                FLEXCAN_SetRxMsgBuff
 .text.FLEXCAN_LockRxMsgBuff
                0x01206d14       0x16 ./SDK/platform/drivers/src/flexcan/flexcan_hw_access.o
                0x01206d14                FLEXCAN_LockRxMsgBuff
 *fill*         0x01206d2a        0x2 
 .text.FLEXCAN_GetMsgBuff
                0x01206d2c       0xaa ./SDK/platform/drivers/src/flexcan/flexcan_hw_access.o
                0x01206d2c                FLEXCAN_GetMsgBuff
 *fill*         0x01206dd6        0x2 
 .text.FLEXCAN_SetMaxMsgBuffNum
                0x01206dd8       0xd2 ./SDK/platform/drivers/src/flexcan/flexcan_hw_access.o
                0x01206dd8                FLEXCAN_SetMaxMsgBuffNum
 *fill*         0x01206eaa        0x2 
 .text.CAN0_ORed_IRQHandler
                0x01206eac       0x16 ./SDK/platform/drivers/src/flexcan/flexcan_irq.o
                0x01206eac                CAN0_ORed_IRQHandler
 *fill*         0x01206ec2        0x2 
 .text.CAN0_Error_IRQHandler
                0x01206ec4       0x16 ./SDK/platform/drivers/src/flexcan/flexcan_irq.o
                0x01206ec4                CAN0_Error_IRQHandler
 *fill*         0x01206eda        0x2 
 .text.CAN0_Wake_Up_IRQHandler
                0x01206edc       0x16 ./SDK/platform/drivers/src/flexcan/flexcan_irq.o
                0x01206edc                CAN0_Wake_Up_IRQHandler
 *fill*         0x01206ef2        0x2 
 .text.CAN0_ORed_00_03_MB_IRQHandler
                0x01206ef4       0x16 ./SDK/platform/drivers/src/flexcan/flexcan_irq.o
                0x01206ef4                CAN0_ORed_00_03_MB_IRQHandler
 *fill*         0x01206f0a        0x2 
 .text.CAN0_ORed_04_07_MB_IRQHandler
                0x01206f0c       0x16 ./SDK/platform/drivers/src/flexcan/flexcan_irq.o
                0x01206f0c                CAN0_ORed_04_07_MB_IRQHandler
 *fill*         0x01206f22        0x2 
 .text.CAN0_ORed_08_11_MB_IRQHandler
                0x01206f24       0x16 ./SDK/platform/drivers/src/flexcan/flexcan_irq.o
                0x01206f24                CAN0_ORed_08_11_MB_IRQHandler
 *fill*         0x01206f3a        0x2 
 .text.CAN0_ORed_12_15_MB_IRQHandler
                0x01206f3c       0x16 ./SDK/platform/drivers/src/flexcan/flexcan_irq.o
                0x01206f3c                CAN0_ORed_12_15_MB_IRQHandler
 *fill*         0x01206f52        0x2 
 .text.CAN0_ORed_16_31_MB_IRQHandler
                0x01206f54       0x16 ./SDK/platform/drivers/src/flexcan/flexcan_irq.o
                0x01206f54                CAN0_ORed_16_31_MB_IRQHandler
 *fill*         0x01206f6a        0x2 
 .text.CAN0_ORed_32_63_MB_IRQHandler
                0x01206f6c       0x16 ./SDK/platform/drivers/src/flexcan/flexcan_irq.o
                0x01206f6c                CAN0_ORed_32_63_MB_IRQHandler
 *fill*         0x01206f82        0x2 
 .text.CAN0_ORed_64_95_MB_IRQHandler
                0x01206f84       0x16 ./SDK/platform/drivers/src/flexcan/flexcan_irq.o
                0x01206f84                CAN0_ORed_64_95_MB_IRQHandler
 *fill*         0x01206f9a        0x2 
 .text.CAN1_ORed_IRQHandler
                0x01206f9c       0x16 ./SDK/platform/drivers/src/flexcan/flexcan_irq.o
                0x01206f9c                CAN1_ORed_IRQHandler
 *fill*         0x01206fb2        0x2 
 .text.CAN1_Error_IRQHandler
                0x01206fb4       0x16 ./SDK/platform/drivers/src/flexcan/flexcan_irq.o
                0x01206fb4                CAN1_Error_IRQHandler
 *fill*         0x01206fca        0x2 
 .text.CAN1_ORed_00_03_MB_IRQHandler
                0x01206fcc       0x16 ./SDK/platform/drivers/src/flexcan/flexcan_irq.o
                0x01206fcc                CAN1_ORed_00_03_MB_IRQHandler
 *fill*         0x01206fe2        0x2 
 .text.CAN1_ORed_04_07_MB_IRQHandler
                0x01206fe4       0x16 ./SDK/platform/drivers/src/flexcan/flexcan_irq.o
                0x01206fe4                CAN1_ORed_04_07_MB_IRQHandler
 *fill*         0x01206ffa        0x2 
 .text.CAN1_ORed_08_11_MB_IRQHandler
                0x01206ffc       0x16 ./SDK/platform/drivers/src/flexcan/flexcan_irq.o
                0x01206ffc                CAN1_ORed_08_11_MB_IRQHandler
 *fill*         0x01207012        0x2 
 .text.CAN1_ORed_12_15_MB_IRQHandler
                0x01207014       0x16 ./SDK/platform/drivers/src/flexcan/flexcan_irq.o
                0x01207014                CAN1_ORed_12_15_MB_IRQHandler
 *fill*         0x0120702a        0x2 
 .text.CAN1_ORed_16_31_MB_IRQHandler
                0x0120702c       0x16 ./SDK/platform/drivers/src/flexcan/flexcan_irq.o
                0x0120702c                CAN1_ORed_16_31_MB_IRQHandler
 *fill*         0x01207042        0x2 
 .text.CAN1_ORed_32_63_MB_IRQHandler
                0x01207044       0x16 ./SDK/platform/drivers/src/flexcan/flexcan_irq.o
                0x01207044                CAN1_ORed_32_63_MB_IRQHandler
 *fill*         0x0120705a        0x2 
 .text.CAN1_ORed_64_95_MB_IRQHandler
                0x0120705c       0x16 ./SDK/platform/drivers/src/flexcan/flexcan_irq.o
                0x0120705c                CAN1_ORed_64_95_MB_IRQHandler
 *fill*         0x01207072        0x2 
 .text.CAN2_ORed_IRQHandler
                0x01207074       0x16 ./SDK/platform/drivers/src/flexcan/flexcan_irq.o
                0x01207074                CAN2_ORed_IRQHandler
 *fill*         0x0120708a        0x2 
 .text.CAN2_Error_IRQHandler
                0x0120708c       0x16 ./SDK/platform/drivers/src/flexcan/flexcan_irq.o
                0x0120708c                CAN2_Error_IRQHandler
 *fill*         0x012070a2        0x2 
 .text.CAN2_ORed_00_03_MB_IRQHandler
                0x012070a4       0x16 ./SDK/platform/drivers/src/flexcan/flexcan_irq.o
                0x012070a4                CAN2_ORed_00_03_MB_IRQHandler
 *fill*         0x012070ba        0x2 
 .text.CAN2_ORed_04_07_MB_IRQHandler
                0x012070bc       0x16 ./SDK/platform/drivers/src/flexcan/flexcan_irq.o
                0x012070bc                CAN2_ORed_04_07_MB_IRQHandler
 *fill*         0x012070d2        0x2 
 .text.CAN2_ORed_08_11_MB_IRQHandler
                0x012070d4       0x16 ./SDK/platform/drivers/src/flexcan/flexcan_irq.o
                0x012070d4                CAN2_ORed_08_11_MB_IRQHandler
 *fill*         0x012070ea        0x2 
 .text.CAN2_ORed_12_15_MB_IRQHandler
                0x012070ec       0x16 ./SDK/platform/drivers/src/flexcan/flexcan_irq.o
                0x012070ec                CAN2_ORed_12_15_MB_IRQHandler
 *fill*         0x01207102        0x2 
 .text.CAN2_ORed_16_31_MB_IRQHandler
                0x01207104       0x16 ./SDK/platform/drivers/src/flexcan/flexcan_irq.o
                0x01207104                CAN2_ORed_16_31_MB_IRQHandler
 *fill*         0x0120711a        0x2 
 .text.CAN2_ORed_32_63_MB_IRQHandler
                0x0120711c       0x16 ./SDK/platform/drivers/src/flexcan/flexcan_irq.o
                0x0120711c                CAN2_ORed_32_63_MB_IRQHandler
 *fill*         0x01207132        0x2 
 .text.CAN2_ORed_64_95_MB_IRQHandler
                0x01207134       0x16 ./SDK/platform/drivers/src/flexcan/flexcan_irq.o
                0x01207134                CAN2_ORed_64_95_MB_IRQHandler
 *fill*         0x0120714a        0x2 
 .text.CAN3_ORed_IRQHandler
                0x0120714c       0x16 ./SDK/platform/drivers/src/flexcan/flexcan_irq.o
                0x0120714c                CAN3_ORed_IRQHandler
 *fill*         0x01207162        0x2 
 .text.CAN3_Error_IRQHandler
                0x01207164       0x16 ./SDK/platform/drivers/src/flexcan/flexcan_irq.o
                0x01207164                CAN3_Error_IRQHandler
 *fill*         0x0120717a        0x2 
 .text.CAN3_ORed_00_03_MB_IRQHandler
                0x0120717c       0x16 ./SDK/platform/drivers/src/flexcan/flexcan_irq.o
                0x0120717c                CAN3_ORed_00_03_MB_IRQHandler
 *fill*         0x01207192        0x2 
 .text.CAN3_ORed_04_07_MB_IRQHandler
                0x01207194       0x16 ./SDK/platform/drivers/src/flexcan/flexcan_irq.o
                0x01207194                CAN3_ORed_04_07_MB_IRQHandler
 *fill*         0x012071aa        0x2 
 .text.CAN3_ORed_08_11_MB_IRQHandler
                0x012071ac       0x16 ./SDK/platform/drivers/src/flexcan/flexcan_irq.o
                0x012071ac                CAN3_ORed_08_11_MB_IRQHandler
 *fill*         0x012071c2        0x2 
 .text.CAN3_ORed_12_15_MB_IRQHandler
                0x012071c4       0x16 ./SDK/platform/drivers/src/flexcan/flexcan_irq.o
                0x012071c4                CAN3_ORed_12_15_MB_IRQHandler
 *fill*         0x012071da        0x2 
 .text.CAN3_ORed_16_31_MB_IRQHandler
                0x012071dc       0x16 ./SDK/platform/drivers/src/flexcan/flexcan_irq.o
                0x012071dc                CAN3_ORed_16_31_MB_IRQHandler
 *fill*         0x012071f2        0x2 
 .text.CAN3_ORed_32_63_MB_IRQHandler
                0x012071f4       0x16 ./SDK/platform/drivers/src/flexcan/flexcan_irq.o
                0x012071f4                CAN3_ORed_32_63_MB_IRQHandler
 *fill*         0x0120720a        0x2 
 .text.CAN3_ORed_64_95_MB_IRQHandler
                0x0120720c       0x16 ./SDK/platform/drivers/src/flexcan/flexcan_irq.o
                0x0120720c                CAN3_ORed_64_95_MB_IRQHandler
 *fill*         0x01207222        0x2 
 .text.CAN4_ORed_IRQHandler
                0x01207224       0x16 ./SDK/platform/drivers/src/flexcan/flexcan_irq.o
                0x01207224                CAN4_ORed_IRQHandler
 *fill*         0x0120723a        0x2 
 .text.CAN4_Error_IRQHandler
                0x0120723c       0x16 ./SDK/platform/drivers/src/flexcan/flexcan_irq.o
                0x0120723c                CAN4_Error_IRQHandler
 *fill*         0x01207252        0x2 
 .text.CAN4_ORed_00_03_MB_IRQHandler
                0x01207254       0x16 ./SDK/platform/drivers/src/flexcan/flexcan_irq.o
                0x01207254                CAN4_ORed_00_03_MB_IRQHandler
 *fill*         0x0120726a        0x2 
 .text.CAN4_ORed_04_07_MB_IRQHandler
                0x0120726c       0x16 ./SDK/platform/drivers/src/flexcan/flexcan_irq.o
                0x0120726c                CAN4_ORed_04_07_MB_IRQHandler
 *fill*         0x01207282        0x2 
 .text.CAN4_ORed_08_11_MB_IRQHandler
                0x01207284       0x16 ./SDK/platform/drivers/src/flexcan/flexcan_irq.o
                0x01207284                CAN4_ORed_08_11_MB_IRQHandler
 *fill*         0x0120729a        0x2 
 .text.CAN4_ORed_12_15_MB_IRQHandler
                0x0120729c       0x16 ./SDK/platform/drivers/src/flexcan/flexcan_irq.o
                0x0120729c                CAN4_ORed_12_15_MB_IRQHandler
 *fill*         0x012072b2        0x2 
 .text.CAN4_ORed_16_31_MB_IRQHandler
                0x012072b4       0x16 ./SDK/platform/drivers/src/flexcan/flexcan_irq.o
                0x012072b4                CAN4_ORed_16_31_MB_IRQHandler
 *fill*         0x012072ca        0x2 
 .text.CAN4_ORed_32_63_MB_IRQHandler
                0x012072cc       0x16 ./SDK/platform/drivers/src/flexcan/flexcan_irq.o
                0x012072cc                CAN4_ORed_32_63_MB_IRQHandler
 *fill*         0x012072e2        0x2 
 .text.CAN4_ORed_64_95_MB_IRQHandler
                0x012072e4       0x16 ./SDK/platform/drivers/src/flexcan/flexcan_irq.o
                0x012072e4                CAN4_ORed_64_95_MB_IRQHandler
 *fill*         0x012072fa        0x2 
 .text.CAN5_ORed_IRQHandler
                0x012072fc       0x16 ./SDK/platform/drivers/src/flexcan/flexcan_irq.o
                0x012072fc                CAN5_ORed_IRQHandler
 *fill*         0x01207312        0x2 
 .text.CAN5_Error_IRQHandler
                0x01207314       0x16 ./SDK/platform/drivers/src/flexcan/flexcan_irq.o
                0x01207314                CAN5_Error_IRQHandler
 *fill*         0x0120732a        0x2 
 .text.CAN5_ORed_00_03_MB_IRQHandler
                0x0120732c       0x16 ./SDK/platform/drivers/src/flexcan/flexcan_irq.o
                0x0120732c                CAN5_ORed_00_03_MB_IRQHandler
 *fill*         0x01207342        0x2 
 .text.CAN5_ORed_04_07_MB_IRQHandler
                0x01207344       0x16 ./SDK/platform/drivers/src/flexcan/flexcan_irq.o
                0x01207344                CAN5_ORed_04_07_MB_IRQHandler
 *fill*         0x0120735a        0x2 
 .text.CAN5_ORed_08_11_MB_IRQHandler
                0x0120735c       0x16 ./SDK/platform/drivers/src/flexcan/flexcan_irq.o
                0x0120735c                CAN5_ORed_08_11_MB_IRQHandler
 *fill*         0x01207372        0x2 
 .text.CAN5_ORed_12_15_MB_IRQHandler
                0x01207374       0x16 ./SDK/platform/drivers/src/flexcan/flexcan_irq.o
                0x01207374                CAN5_ORed_12_15_MB_IRQHandler
 *fill*         0x0120738a        0x2 
 .text.CAN5_ORed_16_31_MB_IRQHandler
                0x0120738c       0x16 ./SDK/platform/drivers/src/flexcan/flexcan_irq.o
                0x0120738c                CAN5_ORed_16_31_MB_IRQHandler
 *fill*         0x012073a2        0x2 
 .text.CAN5_ORed_32_63_MB_IRQHandler
                0x012073a4       0x16 ./SDK/platform/drivers/src/flexcan/flexcan_irq.o
                0x012073a4                CAN5_ORed_32_63_MB_IRQHandler
 *fill*         0x012073ba        0x2 
 .text.CAN5_ORed_64_95_MB_IRQHandler
                0x012073bc       0x16 ./SDK/platform/drivers/src/flexcan/flexcan_irq.o
                0x012073bc                CAN5_ORed_64_95_MB_IRQHandler
 *fill*         0x012073d2        0x2 
 .text.CAN6_ORed_IRQHandler
                0x012073d4       0x16 ./SDK/platform/drivers/src/flexcan/flexcan_irq.o
                0x012073d4                CAN6_ORed_IRQHandler
 *fill*         0x012073ea        0x2 
 .text.CAN6_Error_IRQHandler
                0x012073ec       0x16 ./SDK/platform/drivers/src/flexcan/flexcan_irq.o
                0x012073ec                CAN6_Error_IRQHandler
 *fill*         0x01207402        0x2 
 .text.CAN6_ORed_00_03_MB_IRQHandler
                0x01207404       0x16 ./SDK/platform/drivers/src/flexcan/flexcan_irq.o
                0x01207404                CAN6_ORed_00_03_MB_IRQHandler
 *fill*         0x0120741a        0x2 
 .text.CAN6_ORed_04_07_MB_IRQHandler
                0x0120741c       0x16 ./SDK/platform/drivers/src/flexcan/flexcan_irq.o
                0x0120741c                CAN6_ORed_04_07_MB_IRQHandler
 *fill*         0x01207432        0x2 
 .text.CAN6_ORed_08_11_MB_IRQHandler
                0x01207434       0x16 ./SDK/platform/drivers/src/flexcan/flexcan_irq.o
                0x01207434                CAN6_ORed_08_11_MB_IRQHandler
 *fill*         0x0120744a        0x2 
 .text.CAN6_ORed_12_15_MB_IRQHandler
                0x0120744c       0x16 ./SDK/platform/drivers/src/flexcan/flexcan_irq.o
                0x0120744c                CAN6_ORed_12_15_MB_IRQHandler
 *fill*         0x01207462        0x2 
 .text.CAN6_ORed_16_31_MB_IRQHandler
                0x01207464       0x16 ./SDK/platform/drivers/src/flexcan/flexcan_irq.o
                0x01207464                CAN6_ORed_16_31_MB_IRQHandler
 *fill*         0x0120747a        0x2 
 .text.CAN6_ORed_32_63_MB_IRQHandler
                0x0120747c       0x16 ./SDK/platform/drivers/src/flexcan/flexcan_irq.o
                0x0120747c                CAN6_ORed_32_63_MB_IRQHandler
 *fill*         0x01207492        0x2 
 .text.CAN6_ORed_64_95_MB_IRQHandler
                0x01207494       0x16 ./SDK/platform/drivers/src/flexcan/flexcan_irq.o
                0x01207494                CAN6_ORed_64_95_MB_IRQHandler
 *fill*         0x012074aa        0x2 
 .text.CAN7_ORed_IRQHandler
                0x012074ac       0x16 ./SDK/platform/drivers/src/flexcan/flexcan_irq.o
                0x012074ac                CAN7_ORed_IRQHandler
 *fill*         0x012074c2        0x2 
 .text.CAN7_Error_IRQHandler
                0x012074c4       0x16 ./SDK/platform/drivers/src/flexcan/flexcan_irq.o
                0x012074c4                CAN7_Error_IRQHandler
 *fill*         0x012074da        0x2 
 .text.CAN7_ORed_00_03_MB_IRQHandler
                0x012074dc       0x16 ./SDK/platform/drivers/src/flexcan/flexcan_irq.o
                0x012074dc                CAN7_ORed_00_03_MB_IRQHandler
 *fill*         0x012074f2        0x2 
 .text.CAN7_ORed_04_07_MB_IRQHandler
                0x012074f4       0x16 ./SDK/platform/drivers/src/flexcan/flexcan_irq.o
                0x012074f4                CAN7_ORed_04_07_MB_IRQHandler
 *fill*         0x0120750a        0x2 
 .text.CAN7_ORed_08_11_MB_IRQHandler
                0x0120750c       0x16 ./SDK/platform/drivers/src/flexcan/flexcan_irq.o
                0x0120750c                CAN7_ORed_08_11_MB_IRQHandler
 *fill*         0x01207522        0x2 
 .text.CAN7_ORed_12_15_MB_IRQHandler
                0x01207524       0x16 ./SDK/platform/drivers/src/flexcan/flexcan_irq.o
                0x01207524                CAN7_ORed_12_15_MB_IRQHandler
 *fill*         0x0120753a        0x2 
 .text.CAN7_ORed_16_31_MB_IRQHandler
                0x0120753c       0x16 ./SDK/platform/drivers/src/flexcan/flexcan_irq.o
                0x0120753c                CAN7_ORed_16_31_MB_IRQHandler
 *fill*         0x01207552        0x2 
 .text.CAN7_ORed_32_63_MB_IRQHandler
                0x01207554       0x16 ./SDK/platform/drivers/src/flexcan/flexcan_irq.o
                0x01207554                CAN7_ORed_32_63_MB_IRQHandler
 *fill*         0x0120756a        0x2 
 .text.CAN7_ORed_64_95_MB_IRQHandler
                0x0120756c       0x16 ./SDK/platform/drivers/src/flexcan/flexcan_irq.o
                0x0120756c                CAN7_ORed_64_95_MB_IRQHandler
 *fill*         0x01207582        0x2 
 .text.INT_SYS_InstallHandler
                0x01207584       0x28 ./SDK/platform/drivers/src/interrupt/interrupt_manager_MPC57xx.o
                0x01207584                INT_SYS_InstallHandler
 .text.INT_SYS_EnableIRQ
                0x012075ac       0x2e ./SDK/platform/drivers/src/interrupt/interrupt_manager_MPC57xx.o
                0x012075ac                INT_SYS_EnableIRQ
 *fill*         0x012075da        0x2 
 .text.INT_SYS_DisableIRQ
                0x012075dc       0x2a ./SDK/platform/drivers/src/interrupt/interrupt_manager_MPC57xx.o
                0x012075dc                INT_SYS_DisableIRQ
 *fill*         0x01207606        0x2 
 .text.INT_SYS_EnableIRQGlobal
                0x01207608       0x26 ./SDK/platform/drivers/src/interrupt/interrupt_manager_MPC57xx.o
                0x01207608                INT_SYS_EnableIRQGlobal
 *fill*         0x0120762e        0x2 
 .text.INT_SYS_DisableIRQGlobal
                0x01207630       0x10 ./SDK/platform/drivers/src/interrupt/interrupt_manager_MPC57xx.o
                0x01207630                INT_SYS_DisableIRQGlobal
 .text.INT_SYS_SetPriority
                0x01207640       0x18 ./SDK/platform/drivers/src/interrupt/interrupt_manager_MPC57xx.o
                0x01207640                INT_SYS_SetPriority
 .text.PIT_DRV_Deinit
                0x01207658       0x1a ./SDK/platform/drivers/src/pit/pit_driver.o
                0x01207658                PIT_DRV_Deinit
 *fill*         0x01207672        0x2 
 .text.PIT_Reset
                0x01207674       0x42 ./SDK/platform/drivers/src/pit/pit_hw_access.o
                0x01207674                PIT_Reset
 *fill*         0x012076b6        0x2 
 .text.CAN_FindFlexCANState
                0x012076b8        0x4 ./SDK/platform/pal/src/can/can_pal.o
 .text.CAN_FlexInternalCallback
                0x012076bc       0xa2 ./SDK/platform/pal/src/can/can_pal.o
 *fill*         0x0120775e        0x2 
 .text.CAN_Init
                0x01207760      0x114 ./SDK/platform/pal/src/can/can_pal.o
                0x01207760                CAN_Init
 .text.CAN_Deinit
                0x01207874       0x40 ./SDK/platform/pal/src/can/can_pal.o
                0x01207874                CAN_Deinit
 .text.CAN_ConfigTxBuff
                0x012078b4       0xa4 ./SDK/platform/pal/src/can/can_pal.o
                0x012078b4                CAN_ConfigTxBuff
 .text.CAN_ConfigRxBuff
                0x01207958       0xb0 ./SDK/platform/pal/src/can/can_pal.o
                0x01207958                CAN_ConfigRxBuff
 .text.CAN_Send
                0x01207a08       0xac ./SDK/platform/pal/src/can/can_pal.o
                0x01207a08                CAN_Send
 .text.CAN_Receive
                0x01207ab4       0x7a ./SDK/platform/pal/src/can/can_pal.o
                0x01207ab4                CAN_Receive
 *fill*         0x01207b2e        0x2 
 .text.CAN_InstallEventCallback
                0x01207b30       0x62 ./SDK/platform/pal/src/can/can_pal.o
                0x01207b30                CAN_InstallEventCallback
 *fill*         0x01207b92        0x2 
 .text.vListInitialise
                0x01207b94       0x14 ./SDK/rtos/FreeRTOS_PA/Source/list.o
                0x01207b94                vListInitialise
 .text.vListInitialiseItem
                0x01207ba8        0x6 ./SDK/rtos/FreeRTOS_PA/Source/list.o
                0x01207ba8                vListInitialiseItem
 *fill*         0x01207bae        0x2 
 .text.vListInsertEnd
                0x01207bb0       0x18 ./SDK/rtos/FreeRTOS_PA/Source/list.o
                0x01207bb0                vListInsertEnd
 .text.vListInsert
                0x01207bc8       0x34 ./SDK/rtos/FreeRTOS_PA/Source/list.o
                0x01207bc8                vListInsert
 .text.uxListRemove
                0x01207bfc       0x2a ./SDK/rtos/FreeRTOS_PA/Source/list.o
                0x01207bfc                uxListRemove
 .text.prvCopyDataToQueue
                0x01207c26       0xa0 ./SDK/rtos/FreeRTOS_PA/Source/queue.o
 *fill*         0x01207cc6        0x2 
 .text.prvUnlockQueue
                0x01207cc8       0xba ./SDK/rtos/FreeRTOS_PA/Source/queue.o
 *fill*         0x01207d82        0x2 
 .text.xQueueGenericReset
                0x01207d84       0xb2 ./SDK/rtos/FreeRTOS_PA/Source/queue.o
                0x01207d84                xQueueGenericReset
 *fill*         0x01207e36        0x2 
 .text.xQueueGenericCreate
                0x01207e38       0x9c ./SDK/rtos/FreeRTOS_PA/Source/queue.o
                0x01207e38                xQueueGenericCreate
 .text.xQueueCreateCountingSemaphore
                0x01207ed4       0x82 ./SDK/rtos/FreeRTOS_PA/Source/queue.o
                0x01207ed4                xQueueCreateCountingSemaphore
 *fill*         0x01207f56        0x2 
 .text.xQueueGenericSend
                0x01207f58      0x220 ./SDK/rtos/FreeRTOS_PA/Source/queue.o
                0x01207f58                xQueueGenericSend
 .text.xQueueGiveFromISR
                0x01208178      0x15c ./SDK/rtos/FreeRTOS_PA/Source/queue.o
                0x01208178                xQueueGiveFromISR
 .text.vQueueDelete
                0x012082d4       0x42 ./SDK/rtos/FreeRTOS_PA/Source/queue.o
                0x012082d4                vQueueDelete
 *fill*         0x01208316        0x2 
 .text.prvResetNextTaskUnblockTime
                0x01208318       0x24 ./SDK/rtos/FreeRTOS_PA/Source/tasks.o
 .text.prvIdleTask
                0x0120833c       0x76 ./SDK/rtos/FreeRTOS_PA/Source/tasks.o
 *fill*         0x012083b2        0x2 
 .text.prvAddCurrentTaskToDelayedList
                0x012083b4       0xb2 ./SDK/rtos/FreeRTOS_PA/Source/tasks.o
 *fill*         0x01208466        0x2 
 .text.xTaskCreate
                0x01208468      0x1fc ./SDK/rtos/FreeRTOS_PA/Source/tasks.o
                0x01208468                xTaskCreate
 .text.vTaskStartScheduler
                0x01208664       0xa4 ./SDK/rtos/FreeRTOS_PA/Source/tasks.o
                0x01208664                vTaskStartScheduler
 .text.vTaskSuspendAll
                0x01208708        0xc ./SDK/rtos/FreeRTOS_PA/Source/tasks.o
                0x01208708                vTaskSuspendAll
 .text.xTaskIncrementTick
                0x01208714      0x15e ./SDK/rtos/FreeRTOS_PA/Source/tasks.o
                0x01208714                xTaskIncrementTick
 *fill*         0x01208872        0x2 
 .text.xTaskResumeAll
                0x01208874      0x12a ./SDK/rtos/FreeRTOS_PA/Source/tasks.o
                0x01208874                xTaskResumeAll
 *fill*         0x0120899e        0x2 
 .text.vTaskDelay
                0x012089a0       0x68 ./SDK/rtos/FreeRTOS_PA/Source/tasks.o
                0x012089a0                vTaskDelay
 .text.vTaskSwitchContext
                0x01208a08       0xc6 ./SDK/rtos/FreeRTOS_PA/Source/tasks.o
                0x01208a08                vTaskSwitchContext
 *fill*         0x01208ace        0x2 
 .text.vTaskPlaceOnEventList
                0x01208ad0       0x56 ./SDK/rtos/FreeRTOS_PA/Source/tasks.o
                0x01208ad0                vTaskPlaceOnEventList
 *fill*         0x01208b26        0x2 
 .text.xTaskRemoveFromEventList
                0x01208b28       0xbe ./SDK/rtos/FreeRTOS_PA/Source/tasks.o
                0x01208b28                xTaskRemoveFromEventList
 *fill*         0x01208be6        0x2 
 .text.vTaskInternalSetTimeOutState
                0x01208be8        0xe ./SDK/rtos/FreeRTOS_PA/Source/tasks.o
                0x01208be8                vTaskInternalSetTimeOutState
 *fill*         0x01208bf6        0x2 
 .text.xTaskCheckForTimeOut
                0x01208bf8       0xe8 ./SDK/rtos/FreeRTOS_PA/Source/tasks.o
                0x01208bf8                xTaskCheckForTimeOut
 .text.vTaskMissedYield
                0x01208ce0        0x8 ./SDK/rtos/FreeRTOS_PA/Source/tasks.o
                0x01208ce0                vTaskMissedYield
 .text.xTaskGetSchedulerState
                0x01208ce8       0x1a ./SDK/rtos/FreeRTOS_PA/Source/tasks.o
                0x01208ce8                xTaskGetSchedulerState
 *fill*         0x01208d02        0x2 
 .text.xTaskPriorityDisinherit
                0x01208d04      0x126 ./SDK/rtos/FreeRTOS_PA/Source/tasks.o
                0x01208d04                xTaskPriorityDisinherit
 *fill*         0x01208e2a        0x2 
 .text.vPortTickISR
                0x01208e2c       0x7a ./SDK/rtos/FreeRTOS_PA/Source/portable/GCC/PowerPC/port.o
                0x01208e2c                vPortTickISR
 *fill*         0x01208ea6        0x2 
 .text.pxPortInitialiseStack
                0x01208ea8       0xf6 ./SDK/rtos/FreeRTOS_PA/Source/portable/GCC/PowerPC/port.o
                0x01208ea8                pxPortInitialiseStack
 *fill*         0x01208f9e        0x2 
 .text.xPortStartScheduler
                0x01208fa0       0x26 ./SDK/rtos/FreeRTOS_PA/Source/portable/GCC/PowerPC/port.o
                0x01208fa0                xPortStartScheduler
 *fill*         0x01208fc6        0x2 
 .text.vPortTaskEnterCritical
                0x01208fc8       0x30 ./SDK/rtos/FreeRTOS_PA/Source/portable/GCC/PowerPC/port.o
                0x01208fc8                vPortTaskEnterCritical
 .text.vPortTaskExitCritical
                0x01208ff8       0x34 ./SDK/rtos/FreeRTOS_PA/Source/portable/GCC/PowerPC/port.o
                0x01208ff8                vPortTaskExitCritical
 .text.prvPortTimerSetup
                0x0120902c       0x50 ./SDK/rtos/FreeRTOS_PA/Source/portable/GCC/PowerPC/porttimer.o
                0x0120902c                prvPortTimerSetup
 .text.prvPortTimerReset
                0x0120907c        0xc ./SDK/rtos/FreeRTOS_PA/Source/portable/GCC/PowerPC/porttimer.o
                0x0120907c                prvPortTimerReset
 .text.pvPortMalloc
                0x01209088       0xfc ./SDK/rtos/FreeRTOS_PA/Source/portable/MemMang/heap_2.o
                0x01209088                pvPortMalloc
 .text.vPortFree
                0x01209184       0x58 ./SDK/rtos/FreeRTOS_PA/Source/portable/MemMang/heap_2.o
                0x01209184                vPortFree
 .text.OSIF_SemaPost
                0x012091dc       0xb2 ./SDK/rtos/osif/osif_freertos.o
                0x012091dc                OSIF_SemaPost
 *fill*         0x0120928e        0x2 
 .text.OSIF_SemaCreate
                0x01209290       0x24 ./SDK/rtos/osif/osif_freertos.o
                0x01209290                OSIF_SemaCreate
 .text.OSIF_SemaDestroy
                0x012092b4       0x18 ./SDK/rtos/osif/osif_freertos.o
                0x012092b4                OSIF_SemaDestroy
 .text.Bootloader_Init
                0x012092cc       0x88 ./Sources/Bootloader.o
                0x012092cc                Bootloader_Init
 .text.Bootloader_Erase_Memory
                0x01209354       0x4c ./Sources/Bootloader.o
                0x01209354                Bootloader_Erase_Memory
 .text.Bootloader_Program
                0x012093a0       0x6c ./Sources/Bootloader.o
                0x012093a0                Bootloader_Program
 .text.Bootloader_CheckMemory
                0x0120940c       0x60 ./Sources/Bootloader.o
                0x0120940c                Bootloader_CheckMemory
 .text.handleFlowCtl
                0x0120946c        0xe ./Sources/CanTP.o
                0x0120946c                handleFlowCtl
 *fill*         0x0120947a        0x2 
 .text.interrupt_callback
                0x0120947c       0x4e ./Sources/CanTP.o
                0x0120947c                interrupt_callback
 *fill*         0x012094ca        0x2 
 .text.send_flow_control
                0x012094cc       0x70 ./Sources/CanTP.o
                0x012094cc                send_flow_control
 .text.handleSingleFrame
                0x0120953c       0x44 ./Sources/CanTP.o
                0x0120953c                handleSingleFrame
 .text.timeOutHandle
                0x01209580       0x68 ./Sources/CanTP.o
                0x01209580                timeOutHandle
 .text.recieve  0x012095e8       0x80 ./Sources/CanTP.o
                0x012095e8                recieve
 .text.readCanTPPayload
                0x01209668       0x52 ./Sources/CanTP.o
                0x01209668                readCanTPPayload
 *fill*         0x012096ba        0x2 
 .text.handleConsecutiveFrame
                0x012096bc      0x11a ./Sources/CanTP.o
                0x012096bc                handleConsecutiveFrame
 *fill*         0x012097d6        0x2 
 .text.handleFirstFrame
                0x012097d8       0x5e ./Sources/CanTP.o
                0x012097d8                handleFirstFrame
 *fill*         0x01209836        0x2 
 .text.CanTP_init
                0x01209838       0x16 ./Sources/CanTP.o
                0x01209838                CanTP_init
 *fill*         0x0120984e        0x2 
 .text.Can_init
                0x01209850       0x64 ./Sources/CanTP.o
                0x01209850                Can_init
 .text.Do_Reset
                0x012098b4       0x2c ./Sources/ResetWrapper.o
                0x012098b4                Do_Reset
 .text.REQ_Download_Abort
                0x012098e0       0x16 ./Sources/UDS.o
 *fill*         0x012098f6        0x2 
 .text.Transfer_Data_Abort
                0x012098f8       0x1a ./Sources/UDS.o
 *fill*         0x01209912        0x2 
 .text.Finished_Routine_CTR
                0x01209914       0x1c ./Sources/UDS.o
                0x01209914                Finished_Routine_CTR
 .text.UDS_Create_pos_response
                0x01209930       0x28 ./Sources/UDS.o
                0x01209930                UDS_Create_pos_response
 .text.UDS_Create_neg_response
                0x01209958       0x24 ./Sources/UDS.o
                0x01209958                UDS_Create_neg_response
 .text.UDS_Session_Control
                0x0120997c       0x70 ./Sources/UDS.o
                0x0120997c                UDS_Session_Control
 .text.UDS_ECU_Reset
                0x012099ec       0x64 ./Sources/UDS.o
                0x012099ec                UDS_ECU_Reset
 .text.UDS_Read_by_ID
                0x01209a50       0x6a ./Sources/UDS.o
                0x01209a50                UDS_Read_by_ID
 *fill*         0x01209aba        0x2 
 .text.UDS_Write_by_ID
                0x01209abc       0x66 ./Sources/UDS.o
                0x01209abc                UDS_Write_by_ID
 *fill*         0x01209b22        0x2 
 .text.UDS_Request_Download
                0x01209b24      0x180 ./Sources/UDS.o
                0x01209b24                UDS_Request_Download
 .text.UDS_Transfer_Data
                0x01209ca4      0x13e ./Sources/UDS.o
                0x01209ca4                UDS_Transfer_Data
 *fill*         0x01209de2        0x2 
 .text.UDS_Request_Transfer_Exit
                0x01209de4       0x62 ./Sources/UDS.o
                0x01209de4                UDS_Request_Transfer_Exit
 *fill*         0x01209e46        0x2 
 .text.UDS_Check_Memory
                0x01209e48       0xa8 ./Sources/UDS.o
                0x01209e48                UDS_Check_Memory
 .text.UDS_Erase_Memory
                0x01209ef0       0xa6 ./Sources/UDS.o
                0x01209ef0                UDS_Erase_Memory
 *fill*         0x01209f96        0x2 
 .text.UDS_Routine_Control
                0x01209f98      0x32a ./Sources/UDS.o
                0x01209f98                UDS_Routine_Control
 *fill*         0x0120a2c2        0x2 
 .text.UDS_Init
                0x0120a2c4       0x36 ./Sources/UDS.o
                0x0120a2c4                UDS_Init
 *fill*         0x0120a2fa        0x2 
 .text.UDS_Receive
                0x0120a2fc      0x104 ./Sources/UDS.o
                0x0120a2fc                UDS_Receive
 .text.UDS_BL_Receive
                0x0120a400        0xa ./Sources/UDS.o
                0x0120a400                UDS_BL_Receive
 *fill*         0x0120a40a        0x2 
 .text.UDS_StubTask
                0x0120a40c      0x4ce ./Sources/main.o
                0x0120a40c                UDS_StubTask
 *fill*         0x0120a8da        0x2 
 .text.recieve2
                0x0120a8dc       0x20 ./Sources/main.o
                0x0120a8dc                recieve2
 .text.main     0x0120a8fc      0x104 ./Sources/main.o
                0x0120a8fc                main
 .text.BootloaderFlash_Init
                0x0120aa00       0x2c ./Sources/Bootloader_Flash/BootloaderFlash.o
                0x0120aa00                BootloaderFlash_Init
 .text.BootloaderFlash_Unlock
                0x0120aa2c       0x18 ./Sources/Bootloader_Flash/BootloaderFlash.o
                0x0120aa2c                BootloaderFlash_Unlock
 .text.BootloaderFlash_Erase
                0x0120aa44       0xbc ./Sources/Bootloader_Flash/BootloaderFlash.o
                0x0120aa44                BootloaderFlash_Erase
 .text.BootloaderFlash_VerifyBlank
                0x0120ab00       0x1e ./Sources/Bootloader_Flash/BootloaderFlash.o
                0x0120ab00                BootloaderFlash_VerifyBlank
 *fill*         0x0120ab1e        0x2 
 .text.BootloaderFlash_Program
                0x0120ab20       0x4c ./Sources/Bootloader_Flash/BootloaderFlash.o
                0x0120ab20                BootloaderFlash_Program
 .text.BootloaderFlash_ProgramVerify
                0x0120ab6c       0x4c ./Sources/Bootloader_Flash/BootloaderFlash.o
                0x0120ab6c                BootloaderFlash_ProgramVerify
 .text.BootloaderFlash_InitCRC
                0x0120abb8       0x1e ./Sources/Bootloader_Flash/BootloaderFlash.o
                0x0120abb8                BootloaderFlash_InitCRC
 *fill*         0x0120abd6        0x2 
 .text.BootloaderFlash_CalculateCRC32
                0x0120abd8       0x24 ./Sources/Bootloader_Flash/BootloaderFlash.o
                0x0120abd8                BootloaderFlash_CalculateCRC32
 .text.DisableFlashControllerCache
                0x0120abfc       0x18 ./Sources/Bootloader_Flash/BootloaderFlash.o
                0x0120abfc                DisableFlashControllerCache
 .text.RestoreFlashControllerCache
                0x0120ac14        0xa ./Sources/Bootloader_Flash/BootloaderFlash.o
                0x0120ac14                RestoreFlashControllerCache
 .text.memcpy   0x0120ac1e       0x3c C:/NXP/S32DS_Power_v2.1/S32DS/build_tools/e200_ewl2/lib/e200z4/fp\libc99.a(memcpy.o)
                0x0120ac1e                memcpy
 .text.memset   0x0120ac5a       0x1a C:/NXP/S32DS_Power_v2.1/S32DS/build_tools/e200_ewl2/lib/e200z4/fp\libc99.a(memset.o)
                0x0120ac5a                memset
 .text.__fill_mem
                0x0120ac74       0xa0 C:/NXP/S32DS_Power_v2.1/S32DS/build_tools/e200_ewl2/lib/e200z4/fp\libc99.a(__filll_mem.o)
                0x0120ac74                __fill_mem
 *(.init)
 .init          0x0120ad14        0xc c:/nxp/s32ds_power_v2.1/s32ds/build_tools/powerpc-eabivle-4_9/bin/../lib/gcc/powerpc-eabivle/4.9.4/e200z4/fp/ecrti.o
                0x0120ad14                __init
 .init          0x0120ad20        0x4 c:/nxp/s32ds_power_v2.1/s32ds/build_tools/powerpc-eabivle-4_9/bin/../lib/gcc/powerpc-eabivle/4.9.4/e200z4/fp/crtbegin.o
 .init          0x0120ad24        0x4 c:/nxp/s32ds_power_v2.1/s32ds/build_tools/powerpc-eabivle-4_9/bin/../lib/gcc/powerpc-eabivle/4.9.4/e200z4/fp/crtend.o
 .init          0x0120ad28        0xa c:/nxp/s32ds_power_v2.1/s32ds/build_tools/powerpc-eabivle-4_9/bin/../lib/gcc/powerpc-eabivle/4.9.4/e200z4/fp/ecrtn.o
 *(.fini)
 *fill*         0x0120ad32        0x2 
 .fini          0x0120ad34        0xc c:/nxp/s32ds_power_v2.1/s32ds/build_tools/powerpc-eabivle-4_9/bin/../lib/gcc/powerpc-eabivle/4.9.4/e200z4/fp/ecrti.o
                0x0120ad34                __fini
 .fini          0x0120ad40        0x4 c:/nxp/s32ds_power_v2.1/s32ds/build_tools/powerpc-eabivle-4_9/bin/../lib/gcc/powerpc-eabivle/4.9.4/e200z4/fp/crtbegin.o
 .fini          0x0120ad44        0xa c:/nxp/s32ds_power_v2.1/s32ds/build_tools/powerpc-eabivle-4_9/bin/../lib/gcc/powerpc-eabivle/4.9.4/e200z4/fp/ecrtn.o
                0x0120ad50                . = ALIGN (0x10)
 *fill*         0x0120ad4e        0x2 

.glink          0x0120ad50        0x0
 .glink         0x0120ad50        0x0 c:/nxp/s32ds_power_v2.1/s32ds/build_tools/powerpc-eabivle-4_9/bin/../lib/gcc/powerpc-eabivle/4.9.4/e200z4/fp/crtbegin.o

.sdata2         0x0120ad50        0x8
                0x0120ad50                . = ALIGN (0x4)
                0x0120ad50                __sdata2_start__ = .
 *(.sdata2)
 .sdata2        0x0120ad50        0x0 c:/nxp/s32ds_power_v2.1/s32ds/build_tools/powerpc-eabivle-4_9/bin/../lib/gcc/powerpc-eabivle/4.9.4/e200z4/fp/ecrti.o
                0x0120ad50                __SDATA2_START__
 .sdata2        0x0120ad50        0x0 c:/nxp/s32ds_power_v2.1/s32ds/build_tools/powerpc-eabivle-4_9/bin/../lib/gcc/powerpc-eabivle/4.9.4/e200z4/fp/crtbegin.o
                0x01212d50                _SDA2_BASE_
 *(.sdata2.*)
 .sdata2.can_pal1_instance
                0x0120ad50        0x8 ./Generated_Code/can_pal1.o
                0x0120ad50                can_pal1_instance
                0x0120ad58                . = ALIGN (0x4)
                0x0120ad58                __sdata2_end__ = .

.got2           0x0120ad58       0x1c
 *(.got2*)
 .got2          0x0120ad58       0x1c c:/nxp/s32ds_power_v2.1/s32ds/build_tools/powerpc-eabivle-4_9/bin/../lib/gcc/powerpc-eabivle/4.9.4/e200z4/fp\libgcc.a(eabivle.o)

.preinit_array  0x0120ad74        0x0
                [!provide]                PROVIDE (__preinit_array_start, .)
 *(.preinit_array)
                [!provide]                PROVIDE (__preinit_array_end, .)

.init_array     0x0120ad74        0x0
                [!provide]                PROVIDE (__init_array_start, .)
 *(SORT(.init_array.*))
 *(.init_array)
                [!provide]                PROVIDE (__init_array_end, .)

.dtors          0x0120ad74        0x8
 *crtbegin.o(.dtors)
 .dtors         0x0120ad74        0x4 c:/nxp/s32ds_power_v2.1/s32ds/build_tools/powerpc-eabivle-4_9/bin/../lib/gcc/powerpc-eabivle/4.9.4/e200z4/fp/crtbegin.o
 *crtbegin?.o(.dtors)
 *(EXCLUDE_FILE(*crtend?.o *crtend.o) .dtors)
 .dtors         0x0120ad78        0x0 c:/nxp/s32ds_power_v2.1/s32ds/build_tools/powerpc-eabivle-4_9/bin/../lib/gcc/powerpc-eabivle/4.9.4/e200z4/fp/ecrti.o
                0x0120ad78                __DTOR_LIST__
 .dtors         0x0120ad78        0x0 c:/nxp/s32ds_power_v2.1/s32ds/build_tools/powerpc-eabivle-4_9/bin/../lib/gcc/powerpc-eabivle/4.9.4/e200z4/fp/ecrtn.o
 *(SORT(.dtors.*))
 *(.dtors)
 .dtors         0x0120ad78        0x4 c:/nxp/s32ds_power_v2.1/s32ds/build_tools/powerpc-eabivle-4_9/bin/../lib/gcc/powerpc-eabivle/4.9.4/e200z4/fp/crtend.o
                0x0120ad78                __DTOR_END__

.ctors          0x0120ad7c        0x8
 *crtbegin.o(.ctors)
 .ctors         0x0120ad7c        0x4 c:/nxp/s32ds_power_v2.1/s32ds/build_tools/powerpc-eabivle-4_9/bin/../lib/gcc/powerpc-eabivle/4.9.4/e200z4/fp/crtbegin.o
 *crtbegin?.o(.ctors)
 *(EXCLUDE_FILE(*crtend?.o *crtend.o) .ctors)
 .ctors         0x0120ad80        0x0 c:/nxp/s32ds_power_v2.1/s32ds/build_tools/powerpc-eabivle-4_9/bin/../lib/gcc/powerpc-eabivle/4.9.4/e200z4/fp/ecrti.o
                0x0120ad80                __CTOR_LIST__
 .ctors         0x0120ad80        0x0 c:/nxp/s32ds_power_v2.1/s32ds/build_tools/powerpc-eabivle-4_9/bin/../lib/gcc/powerpc-eabivle/4.9.4/e200z4/fp/ecrtn.o
                0x0120ad80                __CTOR_END__
 *(SORT(.ctors.*))
 *(.ctors)
 .ctors         0x0120ad80        0x4 c:/nxp/s32ds_power_v2.1/s32ds/build_tools/powerpc-eabivle-4_9/bin/../lib/gcc/powerpc-eabivle/4.9.4/e200z4/fp/crtend.o

.fini_array     0x0120ad84        0x0
                [!provide]                PROVIDE (__fini_array_start, .)
 *(SORT(.fini_array.*))
 *(.fini_array)
                [!provide]                PROVIDE (__fini_array_end, .)

.noinit         0x40040000        0x4
                0x40040000                __noinit_start__ = .
 *(.noinit)
 .noinit        0x40040000        0x4 ./Sources/UDS.o
                0x40040000                initVAR
 *(.noinit.*)
                0x40040004                __noinit_end__ = .

.rodata         0x0120ad84      0x6dc
 *(.rodata)
 .rodata        0x0120ad84       0x10 ./SDK/platform/drivers/src/flexcan/flexcan_driver.o
 *(.rodata.*)
 .rodata.can_pal1_Config0
                0x0120ad94       0x44 ./Generated_Code/can_pal1.o
                0x0120ad94                can_pal1_Config0
 .rodata.s_vectors
                0x0120add8        0xc ./SDK/platform/devices/startup.o
 .rodata.CLOCK_DRV_Init
                0x0120ade4       0xe8 ./SDK/platform/drivers/src/clock/MPC57xx/clock_MPC57xx.o
 .rodata.clockNameMappings
                0x0120aecc      0x10a ./SDK/platform/drivers/src/clock/MPC57xx/clock_MPC57xx.o
                0x0120aecc                clockNameMappings
 *fill*         0x0120afd6        0x2 
 .rodata.EDMA_DRV_ConfigSingleBlockTransfer
                0x0120afd8       0x10 ./SDK/platform/drivers/src/edma/edma_driver.o
 .rodata.FLASH_DRV_SetLock
                0x0120afe8       0x18 ./SDK/platform/drivers/src/flash_c55/flash_c55_driver.o
 .rodata.FLASH_DRV_GetLock
                0x0120b000       0x18 ./SDK/platform/drivers/src/flash_c55/flash_c55_driver.o
 .rodata.FLASH_BLOCK_ADDR
                0x0120b018       0xb0 ./SDK/platform/drivers/src/flash_c55/flash_c55_driver.o
 .rodata.FLASH_BLOCK_MASK
                0x0120b0c8       0xb0 ./SDK/platform/drivers/src/flash_c55/flash_c55_driver.o
 .rodata.g_flexcanBusOffIrqId
                0x0120b178       0x20 ./SDK/platform/drivers/src/flexcan/flexcan_driver.o
 .rodata.g_flexcanErrorIrqId
                0x0120b198       0x20 ./SDK/platform/drivers/src/flexcan/flexcan_driver.o
 .rodata.g_flexcanOredMessageBufferIrqId
                0x0120b1b8       0xe0 ./SDK/platform/drivers/src/flexcan/flexcan_driver.o
 .rodata.g_flexcanBase
                0x0120b298       0x20 ./SDK/platform/drivers/src/flexcan/flexcan_driver.o
 .rodata.g_flexcanWakeUpIrqId
                0x0120b2b8       0x20 ./SDK/platform/drivers/src/flexcan/flexcan_driver.o
 .rodata.FLEXCAN_ComputePayloadSize
                0x0120b2d8       0x1c ./SDK/platform/drivers/src/flexcan/flexcan_hw_access.o
 .rodata.FLEXCAN_SetRxFifoFilter
                0x0120b2f4       0x10 ./SDK/platform/drivers/src/flexcan/flexcan_hw_access.o
 .rodata.FLEXCAN_SetOperationMode
                0x0120b304       0x14 ./SDK/platform/drivers/src/flexcan/flexcan_hw_access.o
 .rodata.payload_code.5741
                0x0120b318       0x41 ./SDK/platform/drivers/src/flexcan/flexcan_hw_access.o
 *fill*         0x0120b359        0x3 
 .rodata.flexcanBase.5760
                0x0120b35c       0x20 ./SDK/platform/drivers/src/flexcan/flexcan_hw_access.o
 .rodata.maxMbNum.5761
                0x0120b37c       0x20 ./SDK/platform/drivers/src/flexcan/flexcan_hw_access.o
 .rodata.str1.4
                0x0120b39c        0x5 ./SDK/rtos/FreeRTOS_PA/Source/tasks.o
 *fill*         0x0120b3a1        0x3 
 .rodata.UDS_StubTask
                0x0120b3a4       0x30 ./Sources/main.o
 .rodata.str1.4
                0x0120b3d4       0x20 ./Sources/main.o
                                 0x1f (size before relaxing)
 .rodata.g_BlocksStartAddresses
                0x0120b3f4       0x58 ./Sources/Bootloader_Flash/BootloaderFlash.o
 .rodata.g_BootloaderFLashCRC_InitConfig
                0x0120b44c       0x14 ./Sources/Bootloader_Flash/BootloaderFlashCRCConfig.o
                0x0120b44c                g_BootloaderFLashCRC_InitConfig

.sbss2          0x0120b460        0x0
 .sbss2         0x0120b460        0x0 c:/nxp/s32ds_power_v2.1/s32ds/build_tools/powerpc-eabivle-4_9/bin/../lib/gcc/powerpc-eabivle/4.9.4/e200z4/fp/ecrtn.o

.eh_frame_hdr   0x0120b460       0x14
 *(.eh_frame_hdr)
 .eh_frame_hdr  0x0120b460       0x14 c:/nxp/s32ds_power_v2.1/s32ds/build_tools/powerpc-eabivle-4_9/bin/../lib/gcc/powerpc-eabivle/4.9.4/e200z4/fp\libgcc.a(_udivdi3.o)
                0x0120b460                __GNU_EH_FRAME_HDR

.eh_frame       0x0120b474       0x84
 *(.eh_frame)
 .eh_frame      0x0120b474        0x0 c:/nxp/s32ds_power_v2.1/s32ds/build_tools/powerpc-eabivle-4_9/bin/../lib/gcc/powerpc-eabivle/4.9.4/e200z4/fp/ecrti.o
                0x0120b474                __EH_FRAME_BEGIN__
 .eh_frame      0x0120b474        0x0 c:/nxp/s32ds_power_v2.1/s32ds/build_tools/powerpc-eabivle-4_9/bin/../lib/gcc/powerpc-eabivle/4.9.4/e200z4/fp/crtbegin.o
 .eh_frame      0x0120b474        0x0 c:/nxp/s32ds_power_v2.1/s32ds/build_tools/powerpc-eabivle-4_9/bin/../lib/gcc/powerpc-eabivle/4.9.4/e200z4/fp/crtbegin.o
 .eh_frame      0x0120b474        0x0 c:/nxp/s32ds_power_v2.1/s32ds/build_tools/powerpc-eabivle-4_9/bin/../lib/gcc/powerpc-eabivle/4.9.4/e200z4/fp\libgcc.a(_udivdi3.o)
                                 0x48 (size before relaxing)