Archive member included to satisfy reference by file (symbol)

D:/S32/S32DS/build_tools/e200_ewl2/lib/e200z4/fp\libc99.a(memcpy.o)
                              ./SDK/platform/drivers/src/pit/pit_driver.o (memcpy)
D:/S32/S32DS/build_tools/e200_ewl2/lib/e200z4/fp\libc99.a(memset.o)
                              ./SDK/rtos/FreeRTOS_PA/Source/stream_buffer.o (memset)
D:/S32/S32DS/build_tools/e200_ewl2/lib/e200z4/fp\libc99.a(strlen.o)
                              ./SDK/rtos/FreeRTOS_PA/Source/tasks.o (strlen)
D:/S32/S32DS/build_tools/e200_ewl2/lib/e200z4/fp\libc99.a(__filll_mem.o)
                              D:/S32/S32DS/build_tools/e200_ewl2/lib/e200z4/fp\libc99.a(memset.o) (__fill_mem)
d:/s32/s32ds/build_tools/powerpc-eabivle-4_9/bin/../lib/gcc/powerpc-eabivle/4.9.4/e200z4/fp\libgcc.a(_udivdi3.o)
                              ./SDK/platform/drivers/src/pit/pit_driver.o (__udivdi3)
d:/s32/s32ds/build_tools/powerpc-eabivle-4_9/bin/../lib/gcc/powerpc-eabivle/4.9.4/e200z4/fp\libgcc.a(e200crtresxgpr.o)
                              D:/S32/S32DS/build_tools/e200_ewl2/lib/e200z4/fp\libc99.a(memset.o) (_restgpr_31_x)
d:/s32/s32ds/build_tools/powerpc-eabivle-4_9/bin/../lib/gcc/powerpc-eabivle/4.9.4/e200z4/fp\libgcc.a(eabivle.o)
                              ./Sources/main.o (__eabi)

Discarded input sections

 .text          0x00000000        0x0 d:/s32/s32ds/build_tools/powerpc-eabivle-4_9/bin/../lib/gcc/powerpc-eabivle/4.9.4/e200z4/fp/ecrti.o
 .data          0x00000000        0x0 d:/s32/s32ds/build_tools/powerpc-eabivle-4_9/bin/../lib/gcc/powerpc-eabivle/4.9.4/e200z4/fp/ecrti.o
 .bss           0x00000000        0x0 d:/s32/s32ds/build_tools/powerpc-eabivle-4_9/bin/../lib/gcc/powerpc-eabivle/4.9.4/e200z4/fp/ecrti.o
 .fixup         0x00000000        0x0 d:/s32/s32ds/build_tools/powerpc-eabivle-4_9/bin/../lib/gcc/powerpc-eabivle/4.9.4/e200z4/fp/ecrti.o
 .sbss          0x00000000        0x0 d:/s32/s32ds/build_tools/powerpc-eabivle-4_9/bin/../lib/gcc/powerpc-eabivle/4.9.4/e200z4/fp/ecrti.o
 .sbss2         0x00000000        0x0 d:/s32/s32ds/build_tools/powerpc-eabivle-4_9/bin/../lib/gcc/powerpc-eabivle/4.9.4/e200z4/fp/ecrti.o
 .gcc_except_table
                0x00000000        0x0 d:/s32/s32ds/build_tools/powerpc-eabivle-4_9/bin/../lib/gcc/powerpc-eabivle/4.9.4/e200z4/fp/ecrti.o
 .data          0x00000000        0x4 d:/s32/s32ds/build_tools/powerpc-eabivle-4_9/bin/../lib/gcc/powerpc-eabivle/4.9.4/e200z4/fp/crtbegin.o
 .group         0x00000000        0x8 ./Generated_Code/Cpu.o
 .group         0x00000000        0x8 ./Generated_Code/Cpu.o
 .group         0x00000000        0x8 ./Generated_Code/Cpu.o
 .group         0x00000000        0x8 ./Generated_Code/Cpu.o
 .group         0x00000000        0x8 ./Generated_Code/Cpu.o
 .group         0x00000000        0x8 ./Generated_Code/Cpu.o
 .group         0x00000000        0x8 ./Generated_Code/Cpu.o
 .group         0x00000000        0x8 ./Generated_Code/Cpu.o
 .group         0x00000000        0x8 ./Generated_Code/Cpu.o
 .group         0x00000000        0x8 ./Generated_Code/Cpu.o
 .group         0x00000000        0x8 ./Generated_Code/Cpu.o
 .group         0x00000000        0x8 ./Generated_Code/Cpu.o
 .group         0x00000000        0x8 ./Generated_Code/Cpu.o
 .group         0x00000000        0x8 ./Generated_Code/Cpu.o
 .group         0x00000000        0x8 ./Generated_Code/Cpu.o
 .group         0x00000000        0x8 ./Generated_Code/Cpu.o
 .group         0x00000000        0x8 ./Generated_Code/Cpu.o
 .group         0x00000000        0x8 ./Generated_Code/Cpu.o
 .group         0x00000000        0x8 ./Generated_Code/Cpu.o
 .group         0x00000000        0x8 ./Generated_Code/Cpu.o
 .group         0x00000000        0x8 ./Generated_Code/Cpu.o
 .group         0x00000000        0x8 ./Generated_Code/Cpu.o
 .group         0x00000000        0x8 ./Generated_Code/Cpu.o
 .group         0x00000000        0x8 ./Generated_Code/Cpu.o
 .group         0x00000000        0x8 ./Generated_Code/Cpu.o
 .group         0x00000000        0x8 ./Generated_Code/Cpu.o
 .group         0x00000000        0x8 ./Generated_Code/Cpu.o
 .group         0x00000000        0x8 ./Generated_Code/Cpu.o
 .group         0x00000000        0x8 ./Generated_Code/Cpu.o
 .group         0x00000000        0x8 ./Generated_Code/Cpu.o
 .group         0x00000000        0x8 ./Generated_Code/Cpu.o
 .group         0x00000000        0x8 ./Generated_Code/Cpu.o
 .group         0x00000000        0x8 ./Generated_Code/Cpu.o
 .group         0x00000000        0x8 ./Generated_Code/Cpu.o
 .group         0x00000000        0x8 ./Generated_Code/Cpu.o
 .group         0x00000000        0x8 ./Generated_Code/Cpu.o
 .group         0x00000000        0x8 ./Generated_Code/Cpu.o
 .group         0x00000000        0x8 ./Generated_Code/Cpu.o
 .group         0x00000000        0x8 ./Generated_Code/Cpu.o
 .group         0x00000000        0x8 ./Generated_Code/Cpu.o
 .text          0x00000000        0x0 ./Generated_Code/Cpu.o
[...]
Memory Configuration

Name             Origin             Length             Attributes
flash_rchw       0x00fa4000         0x00000004
cpu0_reset_vec   0x00fa4010         0x00000004
cpu1_reset_vec   0x00fa4014         0x00000004
cpu2_reset_vec   0x00fa4004         0x00000004
m_text           0x01200000         0x001d0000
m_data           0x40000000         0x00040000
m_data2          0x40040000         0x00000020
*default*        0x00000000         0xffffffff

Linker script and memory map

LOAD d:/s32/s32ds/build_tools/powerpc-eabivle-4_9/bin/../lib/gcc/powerpc-eabivle/4.9.4/e200z4/fp/ecrti.o
LOAD d:/s32/s32ds/build_tools/powerpc-eabivle-4_9/bin/../lib/gcc/powerpc-eabivle/4.9.4/e200z4/fp/crtbegin.o
LOAD ./Generated_Code/Cpu.o
LOAD ./Generated_Code/can_pal1.o
LOAD ./Generated_Code/clockMan1.o
LOAD ./Generated_Code/crc1.o
LOAD ./Generated_Code/dmaController1.o
LOAD ./Generated_Code/pin_mux.o
LOAD ./Generated_Code/pit1.o
LOAD ./Project_Settings/Startup_Code/core0_intc_sw_handlers.o
LOAD ./Project_Settings/Startup_Code/interrupt_vectors.o
LOAD ./Project_Settings/Startup_Code/startup_MPC5748G.o
LOAD ./SDK/platform/devices/MPC5748G/startup/system_MPC5748G.o
LOAD ./SDK/platform/devices/startup.o
LOAD ./SDK/platform/drivers/src/clock/MPC57xx/clock_MPC57xx.o
LOAD ./SDK/platform/drivers/src/crc/crc_c55_hw_access.o
LOAD ./SDK/platform/drivers/src/crc/crc_driver.o
LOAD ./SDK/platform/drivers/src/edma/edma_driver.o
LOAD ./SDK/platform/drivers/src/edma/edma_hw_access.o
LOAD ./SDK/platform/drivers/src/edma/edma_irq.o
LOAD ./SDK/platform/drivers/src/flash_c55/flash_c55_driver.o
LOAD ./SDK/platform/drivers/src/flexcan/flexcan_driver.o
LOAD ./SDK/platform/drivers/src/flexcan/flexcan_hw_access.o
LOAD ./SDK/platform/drivers/src/flexcan/flexcan_irq.o
LOAD ./SDK/platform/drivers/src/interrupt/interrupt_manager_MPC57xx.o
LOAD ./SDK/platform/drivers/src/pins/siul2/pins_siul2_driver.o
LOAD ./SDK/platform/drivers/src/pins/siul2/siul2_hw_access.o
LOAD ./SDK/platform/drivers/src/pit/pit_driver.o
LOAD ./SDK/platform/drivers/src/pit/pit_hw_access.o
LOAD ./SDK/platform/pal/src/can/can_pal.o
LOAD ./SDK/rtos/FreeRTOS_PA/Source/croutine.o
LOAD ./SDK/rtos/FreeRTOS_PA/Source/event_groups.o
LOAD ./SDK/rtos/FreeRTOS_PA/Source/list.o
LOAD ./SDK/rtos/FreeRTOS_PA/Source/queue.o
LOAD ./SDK/rtos/FreeRTOS_PA/Source/stream_buffer.o
LOAD ./SDK/rtos/FreeRTOS_PA/Source/tasks.o
LOAD ./SDK/rtos/FreeRTOS_PA/Source/timers.o
LOAD ./SDK/rtos/FreeRTOS_PA/Source/portable/GCC/PowerPC/port.o
LOAD ./SDK/rtos/FreeRTOS_PA/Source/portable/GCC/PowerPC/portasm.o
LOAD ./SDK/rtos/FreeRTOS_PA/Source/portable/GCC/PowerPC/porttimer.o
LOAD ./SDK/rtos/FreeRTOS_PA/Source/portable/MemMang/heap_2.o
LOAD ./SDK/rtos/osif/osif_freertos.o
LOAD ./Sources/Bootloader.o
LOAD ./Sources/Can.o
LOAD ./Sources/CanTP.o
LOAD ./Sources/ResetWrapper.o
LOAD ./Sources/UDS.o
LOAD ./Sources/main.o
LOAD ./Sources/Bootloader_Flash/BootloaderFlash.o
LOAD ./Sources/Bootloader_Flash/BootloaderFlashCRCConfig.o
START GROUP
LOAD D:/S32/S32DS/build_tools/e200_ewl2/lib/e200z4/fp\libc99.a
LOAD D:/S32/S32DS/build_tools/e200_ewl2/lib/e200z4/fp\libm.a
LOAD d:/s32/s32ds/build_tools/powerpc-eabivle-4_9/bin/../lib/gcc/powerpc-eabivle/4.9.4/e200z4/fp\libgcc.a
LOAD D:/S32/S32DS/build_tools/e200_ewl2/lib/e200z4/fp\librt.a
END GROUP
LOAD d:/s32/s32ds/build_tools/powerpc-eabivle-4_9/bin/../lib/gcc/powerpc-eabivle/4.9.4/e200z4/fp/crtend.o
LOAD d:/s32/s32ds/build_tools/powerpc-eabivle-4_9/bin/../lib/gcc/powerpc-eabivle/4.9.4/e200z4/fp/ecrtn.o
                0x00000000                __HEAP_SIZE = DEFINED (__heap_size__)?__heap_size__:0x0
                0x00001000                __STACK_SIZE = DEFINED (__stack_size__)?__stack_size__:0x1000
                0x01200000                FLASH_BASE_ADDR = DEFINED (__flash_base_addr__)?__flash_base_addr__:0x1200000
                0x001d0000                FLASH_SIZE = DEFINED (__flash_size__)?__flash_size__:0x1d0000
                0x40000000                SRAM_BASE_ADDR = DEFINED (__sram_base_addr__)?__sram_base_addr__:0x40000000
                0x00040000                SRAM_SIZE = DEFINED (__sram_size__)?__sram_size__:0x40000

.rchw           0x00fa4000        0x4
 *(.rchw)
 .rchw          0x00fa4000        0x4 ./Project_Settings/Startup_Code/startup_MPC5748G.o

.cpu0_reset_vector
                0x00fa4010        0x4
 *(.cpu0_reset_vector)
 .cpu0_reset_vector
                0x00fa4010        0x4 ./Project_Settings/Startup_Code/startup_MPC5748G.o

.cpu1_reset_vector
 *(.cpu1_reset_vector)

.cpu2_reset_vector
 *(.cpu2_reset_vector)

.startup        0x01200000      0x168
                0x01200000                __start = .
 *(.startup)
 .startup       0x01200000      0x168 ./Project_Settings/Startup_Code/startup_MPC5748G.o
                0x01200000                Reset_Handler
                0x01200000                _start

.core_exceptions_table
                0x01201000       0xb4
                0x01201000                __IVPR_VALUE = .
 *(.core_exceptions_table)
 .core_exceptions_table
                0x01201000       0xb4 ./Project_Settings/Startup_Code/interrupt_vectors.o
                0x01201000                IVOR0_Vector
                0x01201000                VTABLE
                0x01201010                IVOR1_Vector
                0x01201020                IVOR2_Vector
                0x01201030                IVOR3_Vector
                0x01201040                IVOR4_Vector
                0x01201050                IVOR5_Vector
                0x01201060                IVOR6_Vector
                0x01201070                IVOR35_Vector
                0x01201080                IVOR8_Vector
                0x01201090                IVOR15_Vector
                0x012010a0                IVOR33_Vector
                0x012010b0                IVOR34_Vector

.intc_vector_table
                0x01202000      0xbcc
                0x01202000                __VECTOR_TABLE = .
                0x01202000                __interrupts_start__ = .
 *(.intc_vector_table)
 .intc_vector_table
                0x01202000      0xbcc ./Project_Settings/Startup_Code/startup_MPC5748G.o
                0x01202000                __isr_vector
                0x01202bc8                PIT_Ch14_IRQHandler
                0x01202bc8                PIT_Ch0_IRQHandler
                0x01202bc8                LINFLEXD6_UART_ErrIRQHandler
                0x01202bc8                LINFLEXD5_UART_ErrIRQHandler
                0x01202bc8                DSPI1_Send_IRQHandler
                0x01202bc8                LINFLEXD2_UART_TxIRQHandler
                0x01202bc8                SIUL_EIRQ_16_23_IRQHandler
                0x01202bc8                ENET0_Rx_1_IRQHandler
                0x01202bc8                EMIOS0_30_31_IRQHandler
                0x01202bc8                SWT0_IRQHandler
                0x01202bc8                PIT_Ch10_IRQHandler
                0x01202bc8                SAI2_Rx_IRQHandler
                0x01202bc8                DSPI0_FIFO_Error_IRQHandler
                0x01202bc8                LINFLEXD3_UART_ErrIRQHandler
                0x01202bc8                PIT_Ch15_IRQHandler
                0x01202bc8                EMIOS1_00_01_IRQHandler
                0x01202bc8                ADC1_WD_IRQHandler
                0x01202bc8                IVOR5_Exception_Handler
                0x01202bc8                ADC0_WD_IRQHandler
                0x01202bc8                EMIOS0_10_11_IRQHandler
                0x01202bc8                USBOTG_IRQHandler
                0x01202bc8                DSPI5_FIFO_Error_IRQHandler
                0x01202bc8                DSPI6_Send_IRQHandler
                0x01202bc8                EMIOS1_26_27_IRQHandler
                0x01202bc8                STM2_Ch2_IRQHandler
                0x01202bc8                IVOR34_Exception_Handler
                0x01202bc8                DSPI4_Send_IRQHandler
                0x01202bc8                WKPU_23_16_IRQHandler
                0x01202bc8                STM2_Ch3_IRQHandler
                0x01202bc8                DSPI3_Send_IRQHandler
                0x01202bc8                ENET0_Tx_2_IRQHandler
                0x01202bc8                LINFLEXD0_UART_ErrIRQHandler
                0x01202bc8                LINFLEXD14_UART_RxIRQHandler
                0x01202bc8                ENET1_Rx_2_IRQHandler
                0x01202bc8                IVOR2_Exception_Handler
                0x01202bc8                PIT_Ch7_IRQHandler
                0x01202bc8                STM2_Ch1_IRQHandler
                0x01202bc8                EMIOS1_04_05_IRQHandler
                0x01202bc8                LINFLEXD11_UART_TxIRQHandler
                0x01202bc8                ENET1_Tx_IRQHandler
                0x01202bc8                SAI2_Tx_IRQHandler
                0x01202bc8                LINFLEXD5_UART_RxIRQHandler
                0x01202bc8                LINFLEXD7_UART_RxIRQHandler
                0x01202bc8                SWT2_IRQHandler
                0x01202bc8                EMIOS0_24_25_IRQHandler
                0x01202bc8                EMIOS2_00_01_IRQHandler
                0x01202bc8                LINFLEXD10_UART_TxIRQHandler
                0x01202bc8                LINFLEXD13_UART_TxIRQHandler
                0x01202bc8                IVOR33_Exception_Handler
                0x01202bc8                SAI0_Tx_IRQHandler
                0x01202bc8                LINFLEXD9_UART_ErrIRQHandler
                0x01202bc8                ENET0_Parser_IRQHandler
                0x01202bc8                EMIOS2_26_27_IRQHandler
                0x01202bc8                LINFLEXD0_UART_TxIRQHandler
                0x01202bc8                DSPI9_FIFO_Error_IRQHandler
                0x01202bc8                DSPI2_FIFO_Error_IRQHandler
                0x01202bc8                EMIOS1_30_31_IRQHandler
                0x01202bc8                LINFLEXD10_UART_RxIRQHandler
                0x01202bc8                PIT_Ch5_IRQHandler
                0x01202bc8                EMIOS0_12_13_IRQHandler
                0x01202bc8                PIT_Ch1_IRQHandler
                0x01202bc8                LINFLEXD14_UART_TxIRQHandler
                0x01202bc8                LINFLEXD9_UART_TxIRQHandler
                0x01202bc8                LINFLEXD14_UART_ErrIRQHandler
                0x01202bc8                LINFLEXD16_UART_ErrIRQHandler
                0x01202bc8                ENET0_Err_IRQHandler
                0x01202bc8                ENET1_Timer_IRQHandler
                0x01202bc8                DSPI0_Send_IRQHandler
                0x01202bc8                ENET1_Rx_IRQHandler
                0x01202bc8                EMIOS1_14_15_IRQHandler
                0x01202bc8                LINFLEXD17_UART_RxIRQHandler
                0x01202bc8                DSPI6_Receive_IRQHandler
                0x01202bc8                LINFLEXD10_UART_ErrIRQHandler
                0x01202bc8                CMP0_IRQHandler
                0x01202bc8                PIT_Ch2_IRQHandler
                0x01202bc8                DSPI0_Receive_IRQHandler
                0x01202bc8                I2C_DRV_Module2IRQHandler
                0x01202bc8                SAI1_Tx_IRQHandler
                0x01202bc8                DSPI2_Send_IRQHandler
                0x01202bc8                EMIOS0_16_17_IRQHandler
                0x01202bc8                BCTU_ListLast_IRQHandler
                0x01202bc8                ENET0_Rx_IRQHandler
                0x01202bc8                STM2_Ch0_IRQHandler
                0x01202bc8                ADC0_EOC_IRQHandler
                0x01202bc8                LINFLEXD11_UART_ErrIRQHandler
                0x01202bc8                IVOR15_Exception_Handler
                0x01202bc8                DSPI4_FIFO_Error_IRQHandler
                0x01202bc8                LINFLEXD15_UART_RxIRQHandler
                0x01202bc8                DSPI2_Receive_IRQHandler
                0x01202bc8                LINFLEXD1_UART_ErrIRQHandler
                0x01202bc8                EMIOS1_10_11_IRQHandler
                0x01202bc8                PIT_Ch4_IRQHandler
                0x01202bc8                DSPI9_Receive_IRQHandler
                0x01202bc8                ADC1_ER_IRQHandler
                0x01202bc8                LINFLEXD13_UART_RxIRQHandler
                0x01202bc8                EMIOS0_22_23_IRQHandler
                0x01202bc8                EMIOS1_28_29_IRQHandler
                0x01202bc8                SAI0_Rx_IRQHandler
                0x01202bc8                DSPI3_Receive_IRQHandler
                0x01202bc8                EMIOS2_28_29_IRQHandler
                0x01202bc8                ENET0_Tx_1_IRQHandler
                0x01202bc8                PIT_Ch11_IRQHandler
                0x01202bc8                ENET1_Tx_1_IRQHandler
                0x01202bc8                SIUL_EIRQ_00_07_IRQHandler
                0x01202bc8                LINFLEXD4_UART_TxIRQHandler
                0x01202bc8                LINFLEXD13_UART_ErrIRQHandler
                0x01202bc8                LINFLEXD12_UART_TxIRQHandler
                0x01202bc8                ADC0_ER_IRQHandler
                0x01202bc8                LINFLEXD8_UART_TxIRQHandler
                0x01202bc8                PIT_Ch12_IRQHandler
                0x01202bc8                ENET0_Rx_2_IRQHandler
                0x01202bc8                LINFLEXD11_UART_RxIRQHandler
                0x01202bc8                DSPI1_FIFO_Error_IRQHandler
                0x01202bc8                DSPI7_Receive_IRQHandler
                0x01202bc8                LINFLEXD6_UART_TxIRQHandler
                0x01202bc8                STM1_Ch2_IRQHandler
                0x01202bc8                CMP2_IRQHandler
                0x01202bc8                EMIOS2_20_21_IRQHandler
                0x01202bc8                IVOR1_Exception_Handler
                0x01202bc8                LINFLEXD7_UART_TxIRQHandler
                0x01202bc8                DSPI7_FIFO_Error_IRQHandler
                0x01202bc8                STM1_Ch0_IRQHandler
                0x01202bc8                DSPI8_Receive_IRQHandler
                0x01202bc8                LINFLEXD16_UART_TxIRQHandler
                0x01202bc8                PIT_Ch13_IRQHandler
                0x01202bc8                LINFLEXD2_UART_RxIRQHandler
                0x01202bc8                I2C_DRV_Module1IRQHandler
                0x01202bc8                ENET0_Tx_IRQHandler
                0x01202bc8                SIUL_EIRQ_24_31_IRQHandler
                0x01202bc8                EMIOS1_06_07_IRQHandler
                0x01202bc8                IVOR3_Exception_Handler
                0x01202bc8                DSPI9_Send_IRQHandler
                0x01202bc8                IVOR8_Exception_Handler
                0x01202bc8                PIT_RTI_IRQHandler
                0x01202bc8                LINFLEXD3_UART_RxIRQHandler
                0x01202bc8                LINFLEXD2_UART_ErrIRQHandler
                0x01202bc8                WKPU_31_24_IRQHandler
                0x01202bc8                LINFLEXD12_UART_RxIRQHandler
                0x01202bc8                LINFLEXD12_UART_ErrIRQHandler
                0x01202bc8                EMIOS1_12_13_IRQHandler
                0x01202bc8                STM1_Ch1_IRQHandler
                0x01202bc8                STM0_Ch0_IRQHandler
                0x01202bc8                DSPI5_Receive_IRQHandler
                0x01202bc8                USBHS_IRQHandler
                0x01202bc8                LINFLEXD17_UART_TxIRQHandler
                0x01202bc8                WKPU_15_08_IRQHandler
                0x01202bc8                EMIOS1_02_03_IRQHandler
                0x01202bc8                LINFLEXD4_UART_ErrIRQHandler
                0x01202bc8                STM0_Ch2_IRQHandler
                0x01202bc8                STM0_Ch3_IRQHandler
                0x01202bc8                EMIOS0_00_01_IRQHandler
                0x01202bc8                LINFLEXD0_UART_RxIRQHandler
                0x01202bc8                LINFLEXD15_UART_TxIRQHandler
                0x01202bc8                LINFLEXD15_UART_ErrIRQHandler
                0x01202bc8                LINFLEXD6_UART_RxIRQHandler
                0x01202bc8                DSPI8_FIFO_Error_IRQHandler
                0x01202bc8                RTC0_IRQHandler
                0x01202bc8                EMIOS0_18_19_IRQHandler
                0x01202bc8                LINFLEXD17_UART_ErrIRQHandler
                0x01202bc8                EMIOS2_02_03_IRQHandler
                0x01202bc8                EMIOS2_18_19_IRQHandler
                0x01202bc8                LINFLEXD8_UART_RxIRQHandler
                0x01202bc8                I2C_DRV_Module0IRQHandler
                0x01202bc8                LINFLEXD7_UART_ErrIRQHandler
                0x01202bc8                EMIOS0_20_21_IRQHandler
                0x01202bc8                DSPI3_FIFO_Error_IRQHandler
                0x01202bc8                I2C_DRV_Module3IRQHandler
                0x01202bc8                DSPI7_Send_IRQHandler
                0x01202bc8                STM1_Ch3_IRQHandler
                0x01202bc8                PIT_Ch6_IRQHandler
                0x01202bc8                IVOR6_Exception_Handler
                0x01202bc8                EMIOS1_24_25_IRQHandler
                0x01202bc8                EMIOS2_04_05_IRQHandler
                0x01202bc8                HSM_DRV_IRQHandler
                0x01202bc8                EMIOS1_08_09_IRQHandler
                0x01202bc8                LINFLEXD5_UART_TxIRQHandler
                0x01202bc8                EMIOS2_12_13_IRQHandler
                0x01202bc8                EMIOS2_10_11_IRQHandler
                0x01202bc8                PIT_Ch9_IRQHandler
                0x01202bc8                PIT_Ch3_IRQHandler
                0x01202bc8                EMIOS0_26_27_IRQHandler
                0x01202bc8                EMIOS1_22_23_IRQHandler
                0x01202bc8                DSPI1_Receive_IRQHandler
                0x01202bc8                EMIOS0_08_09_IRQHandler
                0x01202bc8                DSPI6_FIFO_Error_IRQHandler
                0x01202bc8                DSPI4_Receive_IRQHandler
                0x01202bc8                SIUL_EIRQ_08_15_IRQHandler
                0x01202bc8                ENET1_Rx_1_IRQHandler
                0x01202bc8                FLASH_Done_IRQHandler
                0x01202bc8                ENET1_Err_IRQHandler
                0x01202bc8                LINFLEXD1_UART_TxIRQHandler
                0x01202bc8                EMIOS2_06_07_IRQHandler
                0x01202bc8                ENET1_Parser_IRQHandler
                0x01202bc8                EMIOS0_04_05_IRQHandler
                0x01202bc8                LINFLEXD4_UART_RxIRQHandler
                0x01202bc8                EMIOS2_24_25_IRQHandler
                0x01202bc8                LINFLEXD16_UART_RxIRQHandler
                0x01202bc8                DSPI8_Send_IRQHandler
                0x01202bc8                API0_IRQHandler
                0x01202bc8                EMIOS1_16_17_IRQHandler
                0x01202bc8                SWT1_IRQHandler
                0x01202bc8                EMIOS1_18_19_IRQHandler
                0x01202bc8                EMIOS2_14_15_IRQHandler
                0x01202bc8                EMIOS0_06_07_IRQHandler
                0x01202bc8                DefaultISR
                0x01202bc8                EMIOS0_28_29_IRQHandler
                0x01202bc8                EMIOS2_08_09_IRQHandler
                0x01202bc8                CMP1_IRQHandler
                0x01202bc8                EMIOS0_02_03_IRQHandler
                0x01202bc8                PIT_Ch8_IRQHandler
                0x01202bc8                IVOR0_Exception_Handler
                0x01202bc8                IVOR35_Exception_Handler
                0x01202bc8                LINFLEXD3_UART_TxIRQHandler
                0x01202bc8                LINFLEXD9_UART_RxIRQHandler
                0x01202bc8                uSDHC_DriverIRQHandler
                0x01202bc8                EMIOS2_22_23_IRQHandler
                0x01202bc8                SAI1_Rx_IRQHandler
                0x01202bc8                EMIOS2_30_31_IRQHandler
                0x01202bc8                LINFLEXD8_UART_ErrIRQHandler
                0x01202bc8                DSPI5_Send_IRQHandler
                0x01202bc8                ADC1_EOC_IRQHandler
                0x01202bc8                ENET0_Timer_IRQHandler
                0x01202bc8                ENET1_Tx_2_IRQHandler
                0x01202bc8                STM0_Ch1_IRQHandler
                0x01202bc8                FCCU0_IRQ_Handler
                0x01202bc8                EMIOS1_20_21_IRQHandler
                0x01202bc8                EMIOS2_16_17_IRQHandler
                0x01202bc8                LINFLEXD1_UART_RxIRQHandler
                0x01202bc8                BCTU_ConvUpdate_IRQHandler
                0x01202bc8                WKPU_07_00_IRQHandler
                0x01202bc8                EMIOS0_14_15_IRQHandler
                0x01202bcc                __interrupts_end__ = .
                0x00000c00                __RAM_VECTOR_TABLE_SIZE = 0xc00
                0x01202c00                __VECTOR_TABLE_COPY_END = (__VECTOR_TABLE + __RAM_VECTOR_TABLE_SIZE)

.text           0x01202bd0     0x7f60
 *(.text.startup)
 *(.text)
 .text          0x01202bd0      0x16c d:/s32/s32ds/build_tools/powerpc-eabivle-4_9/bin/../lib/gcc/powerpc-eabivle/4.9.4/e200z4/fp/crtbegin.o
 *fill*         0x01202d3c        0x4 
 .text          0x01202d40      0x2f6 ./Project_Settings/Startup_Code/core0_intc_sw_handlers.o
                0x01202d80                IVOR0_Handler
                0x01202dae                IVOR1_Handler
                0x01202dfc                IVOR2_Handler
                0x01202e36                IVOR3_Handler
                0x01202e70                IVOR4_Handler
                0x01202eb8                IVOR5_Handler
                0x01202ef2                IVOR6_Handler
                0x01202f2c                IVOR8_Handler
                0x01202f66                IVOR15_Handler
                0x01202f94                IVOR33_Handler
                0x01202fce                IVOR34_Handler
                0x01203008                IVOR35_Handler
 *fill*         0x01203036        0xa 
 .text          0x01203040      0x242 ./SDK/rtos/FreeRTOS_PA/Source/portable/GCC/PowerPC/portasm.o
                0x01203040                vPortStartFirstTask
                0x01203090                vPortISRHandler
                0x01203150                xPortSyscall
                0x01203250                vPortNMI
                0x01203270                vPortDataStorage
 .text          0x01203282       0x52 d:/s32/s32ds/build_tools/powerpc-eabivle-4_9/bin/../lib/gcc/powerpc-eabivle/4.9.4/e200z4/fp\libgcc.a(e200crtresxgpr.o)
                0x01203282                _restgpr_14_x
                0x01203286                _restgpr_15_x
                0x0120328a                _restgpr_16_x
                0x0120328e                _restgpr_17_x
                0x01203292                _restgpr_18_x
                0x01203296                _restgpr_19_x
                0x0120329a                _restgpr_20_x
                0x0120329e                _restgpr_21_x
                0x012032a2                _restgpr_22_x
                0x012032a6                _restgpr_23_x
                0x012032aa                _restgpr_24_x
                0x012032ae                _restgpr_25_x
                0x012032b2                _restgpr_26_x
                0x012032b6                _restgpr_27_x
                0x012032ba                _restgpr_28_x
                0x012032be                _restgpr_29_x
                0x012032c2                _restgpr_30_x
                0x012032c6                _restgpr_31_x
 .text          0x012032d4       0x4a d:/s32/s32ds/build_tools/powerpc-eabivle-4_9/bin/../lib/gcc/powerpc-eabivle/4.9.4/e200z4/fp\libgcc.a(eabivle.o)
                0x012032d4                __eabi
 *fill*         0x0120331e        0x2 
 .text          0x01203320       0x48 d:/s32/s32ds/build_tools/powerpc-eabivle-4_9/bin/../lib/gcc/powerpc-eabivle/4.9.4/e200z4/fp/crtend.o
 *(.text.*)
 .text.SystemInit
                0x01203368       0x84 ./SDK/platform/devices/MPC5748G/startup/system_MPC5748G.o
                0x01203368                SystemInit
 .text.init_data_bss
                0x012033ec       0xb8 ./SDK/platform/devices/startup.o
                0x012033ec                init_data_bss
 .text.CLOCK_SYS_GetFircFreq
                0x012034a4       0x1e ./SDK/platform/drivers/src/clock/MPC57xx/clock_MPC57xx.o
 *fill*         0x012034c2        0x2 
 .text.CLOCK_SYS_GetFxoscFreq
                0x012034c4       0x1e ./SDK/platform/drivers/src/clock/MPC57xx/clock_MPC57xx.o
 *fill*         0x012034e2        0x2 
 .text.CLOCK_SYS_CalculateFrequenciesOfClockSources
                0x012034e4      0x13e ./SDK/platform/drivers/src/clock/MPC57xx/clock_MPC57xx.o
 *fill*         0x01203622        0x2 
 .text.CLOCK_DRV_Init
                0x01203624      0xb30 ./SDK/platform/drivers/src/clock/MPC57xx/clock_MPC57xx.o
                0x01203624                CLOCK_DRV_Init
 .text.CLOCK_SYS_Init
                0x01204154       0x18 ./SDK/platform/drivers/src/clock/MPC57xx/clock_MPC57xx.o
                0x01204154                CLOCK_SYS_Init
 .text.CLOCK_SYS_UpdateConfiguration
                0x0120416c      0x172 ./SDK/platform/drivers/src/clock/MPC57xx/clock_MPC57xx.o
                0x0120416c                CLOCK_SYS_UpdateConfiguration
 *fill*         0x012042de        0x2 
 .text.CRC_SetWriteTranspose
                0x012042e0       0x3e ./SDK/platform/drivers/src/crc/crc_c55_hw_access.o
                0x012042e0                CRC_SetWriteTranspose
 *fill*         0x0120431e        0x2 
 .text.CRC_Init
                0x01204320       0x34 ./SDK/platform/drivers/src/crc/crc_c55_hw_access.o
                0x01204320                CRC_Init
 .text.CRC_GetCrcResult
                0x01204354       0x26 ./SDK/platform/drivers/src/crc/crc_c55_hw_access.o
                0x01204354                CRC_GetCrcResult
 *fill*         0x0120437a        0x2 
 .text.CRC_DRV_WriteData
                0x0120437c       0x1e ./SDK/platform/drivers/src/crc/crc_driver.o
                0x0120437c                CRC_DRV_WriteData
 *fill*         0x0120439a        0x2 
 .text.CRC_DRV_GetCrcResult
                0x0120439c       0x1a ./SDK/platform/drivers/src/crc/crc_driver.o
                0x0120439c                CRC_DRV_GetCrcResult
 *fill*         0x012043b6        0x2 
 .text.CRC_DRV_Configure
                0x012043b8       0x62 ./SDK/platform/drivers/src/crc/crc_driver.o
                0x012043b8                CRC_DRV_Configure
 *fill*         0x0120441a        0x2 
 .text.CRC_DRV_Init
                0x0120441c       0x2e ./SDK/platform/drivers/src/crc/crc_driver.o
                0x0120441c                CRC_DRV_Init
 *fill*         0x0120444a        0x2 
 .text.EDMA_DRV_InstallCallback
                0x0120444c       0x16 ./SDK/platform/drivers/src/edma/edma_driver.o
                0x0120444c                EDMA_DRV_InstallCallback
 *fill*         0x01204462        0x2 
 .text.EDMA_DRV_IRQHandler
                0x01204464       0x52 ./SDK/platform/drivers/src/edma/edma_driver.o
                0x01204464                EDMA_DRV_IRQHandler
 *fill*         0x012044b6        0x2 
 .text.EDMA_DRV_ErrorIRQHandler
                0x012044b8       0x6c ./SDK/platform/drivers/src/edma/edma_driver.o
                0x012044b8                EDMA_DRV_ErrorIRQHandler
 .text.EDMA_DRV_ConfigSingleBlockTransfer
                0x01204524      0x15c ./SDK/platform/drivers/src/edma/edma_driver.o
                0x01204524                EDMA_DRV_ConfigSingleBlockTransfer
 .text.EDMA_DRV_StartChannel
                0x01204680       0x20 ./SDK/platform/drivers/src/edma/edma_driver.o
                0x01204680                EDMA_DRV_StartChannel
 .text.EDMA_DRV_StopChannel
                0x012046a0       0x20 ./SDK/platform/drivers/src/edma/edma_driver.o
                0x012046a0                EDMA_DRV_StopChannel
 .text.EDMA_DRV_DisableRequestsOnTransferComplete
                0x012046c0       0x1e ./SDK/platform/drivers/src/edma/edma_driver.o
                0x012046c0                EDMA_DRV_DisableRequestsOnTransferComplete
 *fill*         0x012046de        0x2 
 .text.EDMA_DRV_GetDmaRegBaseAddr
                0x012046e0        0x6 ./SDK/platform/drivers/src/edma/edma_driver.o
                0x012046e0                EDMA_DRV_GetDmaRegBaseAddr
 *fill*         0x012046e6        0x2 
 .text.EDMA_GetErrorIntStatusFlag
                0x012046e8        0xa ./SDK/platform/drivers/src/edma/edma_hw_access.o
                0x012046e8                EDMA_GetErrorIntStatusFlag
 *fill*         0x012046f2        0x2 
 .text.EDMA_ClearErrorIntStatusFlag
                0x012046f4        0x6 ./SDK/platform/drivers/src/edma/edma_hw_access.o
                0x012046f4                EDMA_ClearErrorIntStatusFlag
 *fill*         0x012046fa        0x2 
 .text.EDMA_SetDmaRequestCmd
                0x012046fc       0x12 ./SDK/platform/drivers/src/edma/edma_hw_access.o
                0x012046fc                EDMA_SetDmaRequestCmd
 *fill*         0x0120470e        0x2 
 .text.EDMA_ClearDoneStatusFlag
                0x01204710        0x6 ./SDK/platform/drivers/src/edma/edma_hw_access.o
                0x01204710                EDMA_ClearDoneStatusFlag
 *fill*         0x01204716        0x2 
 .text.EDMA_ClearIntStatusFlag
                0x01204718        0x6 ./SDK/platform/drivers/src/edma/edma_hw_access.o
                0x01204718                EDMA_ClearIntStatusFlag
 *fill*         0x0120471e        0x2 
 .text.EDMA_SetMinorLoopMappingCmd
                0x01204720       0x14 ./SDK/platform/drivers/src/edma/edma_hw_access.o
                0x01204720                EDMA_SetMinorLoopMappingCmd
 .text.EDMA_TCDClearReg
                0x01204734       0x34 ./SDK/platform/drivers/src/edma/edma_hw_access.o
                0x01204734                EDMA_TCDClearReg
 .text.EDMA_TCDSetSrcAddr
                0x01204768        0xc ./SDK/platform/drivers/src/edma/edma_hw_access.o
                0x01204768                EDMA_TCDSetSrcAddr
 .text.EDMA_TCDSetSrcOffset
                0x01204774        0xe ./SDK/platform/drivers/src/edma/edma_hw_access.o
                0x01204774                EDMA_TCDSetSrcOffset
 *fill*         0x01204782        0x2 
 .text.EDMA_TCDSetAttribute
                0x01204784       0x24 ./SDK/platform/drivers/src/edma/edma_hw_access.o
                0x01204784                EDMA_TCDSetAttribute
 .text.EDMA_TCDSetNbytes
                0x012047a8       0x42 ./SDK/platform/drivers/src/edma/edma_hw_access.o
                0x012047a8                EDMA_TCDSetNbytes
 *fill*         0x012047ea        0x2 
 .text.EDMA_TCDSetDestAddr
                0x012047ec        0xa ./SDK/platform/drivers/src/edma/edma_hw_access.o
                0x012047ec                EDMA_TCDSetDestAddr
 *fill*         0x012047f6        0x2 
 .text.EDMA_TCDSetDestOffset
                0x012047f8        0xc ./SDK/platform/drivers/src/edma/edma_hw_access.o
                0x012047f8                EDMA_TCDSetDestOffset
 .text.EDMA_TCDSetDisableDmaRequestAfterTCDDoneCmd
                0x01204804       0x26 ./SDK/platform/drivers/src/edma/edma_hw_access.o
                0x01204804                EDMA_TCDSetDisableDmaRequestAfterTCDDoneCmd
 *fill*         0x0120482a        0x2 
 .text.EDMA_TCDSetMajorCompleteIntCmd
                0x0120482c       0x26 ./SDK/platform/drivers/src/edma/edma_hw_access.o
                0x0120482c                EDMA_TCDSetMajorCompleteIntCmd
 *fill*         0x01204852        0x2 
 .text.EDMA_TCDSetMajorCount
                0x01204854       0x5e ./SDK/platform/drivers/src/edma/edma_hw_access.o
                0x01204854                EDMA_TCDSetMajorCount
 *fill*         0x012048b2        0x2 
 .text.DMA0_Ch0_IRQHandler
                0x012048b4       0x16 ./SDK/platform/drivers/src/edma/edma_irq.o
                0x012048b4                DMA0_Ch0_IRQHandler
 *fill*         0x012048ca        0x2 
 .text.DMA0_Ch1_IRQHandler
                0x012048cc       0x16 ./SDK/platform/drivers/src/edma/edma_irq.o
                0x012048cc                DMA0_Ch1_IRQHandler
 *fill*         0x012048e2        0x2 
 .text.DMA0_Ch2_IRQHandler
                0x012048e4       0x16 ./SDK/platform/drivers/src/edma/edma_irq.o
                0x012048e4                DMA0_Ch2_IRQHandler
 *fill*         0x012048fa        0x2 
 .text.DMA0_Ch3_IRQHandler
                0x012048fc       0x16 ./SDK/platform/drivers/src/edma/edma_irq.o
                0x012048fc                DMA0_Ch3_IRQHandler
 *fill*         0x01204912        0x2 
 .text.DMA0_Ch4_IRQHandler
                0x01204914       0x16 ./SDK/platform/drivers/src/edma/edma_irq.o
                0x01204914                DMA0_Ch4_IRQHandler
 *fill*         0x0120492a        0x2 
 .text.DMA0_Ch5_IRQHandler
                0x0120492c       0x16 ./SDK/platform/drivers/src/edma/edma_irq.o
                0x0120492c                DMA0_Ch5_IRQHandler
 *fill*         0x01204942        0x2 
 .text.DMA0_Ch6_IRQHandler
                0x01204944       0x16 ./SDK/platform/drivers/src/edma/edma_irq.o
                0x01204944                DMA0_Ch6_IRQHandler
 *fill*         0x0120495a        0x2 
 .text.DMA0_Ch7_IRQHandler
                0x0120495c       0x16 ./SDK/platform/drivers/src/edma/edma_irq.o
                0x0120495c                DMA0_Ch7_IRQHandler
 *fill*         0x01204972        0x2 
 .text.DMA0_Ch8_IRQHandler
                0x01204974       0x16 ./SDK/platform/drivers/src/edma/edma_irq.o
                0x01204974                DMA0_Ch8_IRQHandler
 *fill*         0x0120498a        0x2 
 .text.DMA0_Ch9_IRQHandler
                0x0120498c       0x16 ./SDK/platform/drivers/src/edma/edma_irq.o
                0x0120498c                DMA0_Ch9_IRQHandler
 *fill*         0x012049a2        0x2 
 .text.DMA0_Ch10_IRQHandler
                0x012049a4       0x16 ./SDK/platform/drivers/src/edma/edma_irq.o
                0x012049a4                DMA0_Ch10_IRQHandler
 *fill*         0x012049ba        0x2 
 .text.DMA0_Ch11_IRQHandler
                0x012049bc       0x16 ./SDK/platform/drivers/src/edma/edma_irq.o
                0x012049bc                DMA0_Ch11_IRQHandler
 *fill*         0x012049d2        0x2 
 .text.DMA0_Ch12_IRQHandler
                0x012049d4       0x16 ./SDK/platform/drivers/src/edma/edma_irq.o
                0x012049d4                DMA0_Ch12_IRQHandler
 *fill*         0x012049ea        0x2 
 .text.DMA0_Ch13_IRQHandler
                0x012049ec       0x16 ./SDK/platform/drivers/src/edma/edma_irq.o
                0x012049ec                DMA0_Ch13_IRQHandler
 *fill*         0x01204a02        0x2 
 .text.DMA0_Ch14_IRQHandler
                0x01204a04       0x16 ./SDK/platform/drivers/src/edma/edma_irq.o
                0x01204a04                DMA0_Ch14_IRQHandler
 *fill*         0x01204a1a        0x2 
 .text.DMA0_Ch15_IRQHandler
                0x01204a1c       0x16 ./SDK/platform/drivers/src/edma/edma_irq.o
                0x01204a1c                DMA0_Ch15_IRQHandler
 *fill*         0x01204a32        0x2 
 .text.DMA0_Ch16_IRQHandler
                0x01204a34       0x16 ./SDK/platform/drivers/src/edma/edma_irq.o
                0x01204a34                DMA0_Ch16_IRQHandler
 *fill*         0x01204a4a        0x2 
 .text.DMA0_Ch17_IRQHandler
                0x01204a4c       0x16 ./SDK/platform/drivers/src/edma/edma_irq.o
                0x01204a4c                DMA0_Ch17_IRQHandler
 *fill*         0x01204a62        0x2 
 .text.DMA0_Ch18_IRQHandler
                0x01204a64       0x16 ./SDK/platform/drivers/src/edma/edma_irq.o
                0x01204a64                DMA0_Ch18_IRQHandler
 *fill*         0x01204a7a        0x2 
 .text.DMA0_Ch19_IRQHandler
                0x01204a7c       0x16 ./SDK/platform/drivers/src/edma/edma_irq.o
                0x01204a7c                DMA0_Ch19_IRQHandler
 *fill*         0x01204a92        0x2 
 .text.DMA0_Ch20_IRQHandler
                0x01204a94       0x16 ./SDK/platform/drivers/src/edma/edma_irq.o
                0x01204a94                DMA0_Ch20_IRQHandler
 *fill*         0x01204aaa        0x2 
 .text.DMA0_Ch21_IRQHandler
                0x01204aac       0x16 ./SDK/platform/drivers/src/edma/edma_irq.o
                0x01204aac                DMA0_Ch21_IRQHandler
 *fill*         0x01204ac2        0x2 
 .text.DMA0_Ch22_IRQHandler
                0x01204ac4       0x16 ./SDK/platform/drivers/src/edma/edma_irq.o
                0x01204ac4                DMA0_Ch22_IRQHandler
 *fill*         0x01204ada        0x2 
 .text.DMA0_Ch23_IRQHandler
                0x01204adc       0x16 ./SDK/platform/drivers/src/edma/edma_irq.o
                0x01204adc                DMA0_Ch23_IRQHandler
 *fill*         0x01204af2        0x2 
 .text.DMA0_Ch24_IRQHandler
                0x01204af4       0x16 ./SDK/platform/drivers/src/edma/edma_irq.o
                0x01204af4                DMA0_Ch24_IRQHandler
 *fill*         0x01204b0a        0x2 
 .text.DMA0_Ch25_IRQHandler
                0x01204b0c       0x16 ./SDK/platform/drivers/src/edma/edma_irq.o
                0x01204b0c                DMA0_Ch25_IRQHandler
 *fill*         0x01204b22        0x2 
 .text.DMA0_Ch26_IRQHandler
                0x01204b24       0x16 ./SDK/platform/drivers/src/edma/edma_irq.o
                0x01204b24                DMA0_Ch26_IRQHandler
 *fill*         0x01204b3a        0x2 
 .text.DMA0_Ch27_IRQHandler
                0x01204b3c       0x16 ./SDK/platform/drivers/src/edma/edma_irq.o
                0x01204b3c                DMA0_Ch27_IRQHandler
 *fill*         0x01204b52        0x2 
 .text.DMA0_Ch28_IRQHandler
                0x01204b54       0x16 ./SDK/platform/drivers/src/edma/edma_irq.o
                0x01204b54                DMA0_Ch28_IRQHandler
 *fill*         0x01204b6a        0x2 
 .text.DMA0_Ch29_IRQHandler
                0x01204b6c       0x16 ./SDK/platform/drivers/src/edma/edma_irq.o
                0x01204b6c                DMA0_Ch29_IRQHandler
 *fill*         0x01204b82        0x2 
 .text.DMA0_Ch30_IRQHandler
                0x01204b84       0x16 ./SDK/platform/drivers/src/edma/edma_irq.o
                0x01204b84                DMA0_Ch30_IRQHandler
 *fill*         0x01204b9a        0x2 
 .text.DMA0_Ch31_IRQHandler
                0x01204b9c       0x16 ./SDK/platform/drivers/src/edma/edma_irq.o
                0x01204b9c                DMA0_Ch31_IRQHandler
 *fill*         0x01204bb2        0x2 
 .text.DMA0_Ch0_Ch31_Error_IRQHandler
                0x01204bb4       0x42 ./SDK/platform/drivers/src/edma/edma_irq.o
                0x01204bb4                DMA0_Ch0_Ch31_Error_IRQHandler
 *fill*         0x01204bf6        0x2 
 .text.FLASH_DRV_CheckEraseStatus
                0x01204bf8       0x84 ./SDK/platform/drivers/src/flash_c55/flash_c55_driver.o
                0x01204bf8                FLASH_DRV_CheckEraseStatus
 .text.FLASH_DRV_Init
                0x01204c7c       0x12 ./SDK/platform/drivers/src/flash_c55/flash_c55_driver.o
                0x01204c7c                FLASH_DRV_Init
 *fill*         0x01204c8e        0x2 
 .text.FLASH_DRV_SetLock
                0x01204c90      0x150 ./SDK/platform/drivers/src/flash_c55/flash_c55_driver.o
                0x01204c90                FLASH_DRV_SetLock
 .text.FLASH_DRV_GetLock
                0x01204de0      0x10e ./SDK/platform/drivers/src/flash_c55/flash_c55_driver.o
                0x01204de0                FLASH_DRV_GetLock
 *fill*         0x01204eee        0x2 
 .text.FLASH_DRV_Erase
                0x01204ef0      0x28e ./SDK/platform/drivers/src/flash_c55/flash_c55_driver.o
                0x01204ef0                FLASH_DRV_Erase
 *fill*         0x0120517e        0x2 
 .text.FLASH_DRV_BlankCheck
                0x01205180       0x9a ./SDK/platform/drivers/src/flash_c55/flash_c55_driver.o
                0x01205180                FLASH_DRV_BlankCheck
 *fill*         0x0120521a        0x2 
 .text.FLASH_DRV_Program
                0x0120521c       0xc2 ./SDK/platform/drivers/src/flash_c55/flash_c55_driver.o
                0x0120521c                FLASH_DRV_Program
 *fill*         0x012052de        0x2 
 .text.FLASH_DRV_CheckProgramStatus
                0x012052e0       0xe6 ./SDK/platform/drivers/src/flash_c55/flash_c55_driver.o
                0x012052e0                FLASH_DRV_CheckProgramStatus
 *fill*         0x012053c6        0x2 
 .text.FLASH_DRV_ProgramVerify
                0x012053c8       0xa0 ./SDK/platform/drivers/src/flash_c55/flash_c55_driver.o
                0x012053c8                FLASH_DRV_ProgramVerify
 .text.FLEXCAN_StartSendData
                0x01205468       0xde ./SDK/platform/drivers/src/flexcan/flexcan_driver.o
 *fill*         0x01205546        0x2 
 .text.FLEXCAN_StartRxMessageBufferData
                0x01205548       0x9c ./SDK/platform/drivers/src/flexcan/flexcan_driver.o
 .text.FLEXCAN_CompleteRxMessageFifoData
                0x012055e4       0xd2 ./SDK/platform/drivers/src/flexcan/flexcan_driver.o
 *fill*         0x012056b6        0x2 
 .text.FLEXCAN_CompleteRxFifoDataDMA
                0x012056b8       0x4c ./SDK/platform/drivers/src/flexcan/flexcan_driver.o
 .text.FLEXCAN_CompleteTransfer
                0x01205704       0x56 ./SDK/platform/drivers/src/flexcan/flexcan_driver.o
 *fill*         0x0120575a        0x2 
 .text.FLEXCAN_StartRxMessageFifoData
                0x0120575c      0x12c ./SDK/platform/drivers/src/flexcan/flexcan_driver.o
 .text.FLEXCAN_DRV_Init
                0x01205888      0x3f4 ./SDK/platform/drivers/src/flexcan/flexcan_driver.o
                0x01205888                FLEXCAN_DRV_Init
 .text.FLEXCAN_DRV_ConfigTxMb
                0x01205c7c       0x4a ./SDK/platform/drivers/src/flexcan/flexcan_driver.o
                0x01205c7c                FLEXCAN_DRV_ConfigTxMb
 *fill*         0x01205cc6        0x2 
 .text.FLEXCAN_DRV_Send
                0x01205cc8       0x42 ./SDK/platform/drivers/src/flexcan/flexcan_driver.o
                0x01205cc8                FLEXCAN_DRV_Send
 *fill*         0x01205d0a        0x2 
 .text.FLEXCAN_DRV_ConfigRxMb
                0x01205d0c       0xa4 ./SDK/platform/drivers/src/flexcan/flexcan_driver.o
                0x01205d0c                FLEXCAN_DRV_ConfigRxMb
 .text.FLEXCAN_DRV_ConfigRxFifo
                0x01205db0       0x40 ./SDK/platform/drivers/src/flexcan/flexcan_driver.o
                0x01205db0                FLEXCAN_DRV_ConfigRxFifo
 .text.FLEXCAN_DRV_Receive
                0x01205df0       0x16 ./SDK/platform/drivers/src/flexcan/flexcan_driver.o
                0x01205df0                FLEXCAN_DRV_Receive
 *fill*         0x01205e06        0x2 
 .text.FLEXCAN_DRV_RxFifo
                0x01205e08       0x16 ./SDK/platform/drivers/src/flexcan/flexcan_driver.o
                0x01205e08                FLEXCAN_DRV_RxFifo
 *fill*         0x01205e1e        0x2 
 .text.FLEXCAN_DRV_Deinit
                0x01205e20      0x13e ./SDK/platform/drivers/src/flexcan/flexcan_driver.o
                0x01205e20                FLEXCAN_DRV_Deinit
 *fill*         0x01205f5e        0x2 
 .text.FLEXCAN_IRQHandler
                0x01205f60      0x2ec ./SDK/platform/drivers/src/flexcan/flexcan_driver.o
                0x01205f60                FLEXCAN_IRQHandler
 .text.FLEXCAN_Error_IRQHandler
                0x0120624c       0x46 ./SDK/platform/drivers/src/flexcan/flexcan_driver.o
                0x0120624c                FLEXCAN_Error_IRQHandler
 *fill*         0x01206292        0x2 
 .text.FLEXCAN_WakeUpHandler
                0x01206294       0x90 ./SDK/platform/drivers/src/flexcan/flexcan_driver.o
                0x01206294                FLEXCAN_WakeUpHandler
 .text.FLEXCAN_DRV_InstallEventCallback
                0x01206324       0x18 ./SDK/platform/drivers/src/flexcan/flexcan_driver.o
                0x01206324                FLEXCAN_DRV_InstallEventCallback
 .text.FLEXCAN_ComputePayloadSize
                0x0120633c       0x4c ./SDK/platform/drivers/src/flexcan/flexcan_hw_access.o
 .text.FLEXCAN_GetMaxMbNum
                0x01206388       0x30 ./SDK/platform/drivers/src/flexcan/flexcan_hw_access.o
                0x01206388                FLEXCAN_GetMaxMbNum
 .text.FLEXCAN_Enable
                0x012063b8       0x24 ./SDK/platform/drivers/src/flexcan/flexcan_hw_access.o
                0x012063b8                FLEXCAN_Enable
 .text.FLEXCAN_Disable
                0x012063dc       0x18 ./SDK/platform/drivers/src/flexcan/flexcan_hw_access.o
                0x012063dc                FLEXCAN_Disable
 .text.FLEXCAN_Init
                0x012063f4       0xbe ./SDK/platform/drivers/src/flexcan/flexcan_hw_access.o
                0x012063f4                FLEXCAN_Init
 *fill*         0x012064b2        0x2 
 .text.FLEXCAN_EnableRxFifo
                0x012064b4       0x6c ./SDK/platform/drivers/src/flexcan/flexcan_hw_access.o
                0x012064b4                FLEXCAN_EnableRxFifo
 .text.FLEXCAN_SetRxFifoFilter
                0x01206520      0x21c ./SDK/platform/drivers/src/flexcan/flexcan_hw_access.o
                0x01206520                FLEXCAN_SetRxFifoFilter
 .text.FLEXCAN_SetMsgBuffIntCmd
                0x0120673c       0xd0 ./SDK/platform/drivers/src/flexcan/flexcan_hw_access.o
                0x0120673c                FLEXCAN_SetMsgBuffIntCmd
 .text.FLEXCAN_SetErrIntCmd
                0x0120680c       0x54 ./SDK/platform/drivers/src/flexcan/flexcan_hw_access.o
                0x0120680c                FLEXCAN_SetErrIntCmd
 .text.FLEXCAN_ExitFreezeMode
                0x01206860       0x16 ./SDK/platform/drivers/src/flexcan/flexcan_hw_access.o
                0x01206860                FLEXCAN_ExitFreezeMode
 *fill*         0x01206876        0x2 
 .text.FLEXCAN_EnterFreezeMode
                0x01206878       0x3c ./SDK/platform/drivers/src/flexcan/flexcan_hw_access.o
                0x01206878                FLEXCAN_EnterFreezeMode
 .text.FLEXCAN_ClearErrIntStatusFlag
                0x012068b4       0x1e ./SDK/platform/drivers/src/flexcan/flexcan_hw_access.o
                0x012068b4                FLEXCAN_ClearErrIntStatusFlag
 *fill*         0x012068d2        0x2 
 .text.FLEXCAN_ReadRxFifo
                0x012068d4       0x70 ./SDK/platform/drivers/src/flexcan/flexcan_hw_access.o
                0x012068d4                FLEXCAN_ReadRxFifo
 .text.FLEXCAN_SetOperationMode
                0x01206944       0x70 ./SDK/platform/drivers/src/flexcan/flexcan_hw_access.o
                0x01206944                FLEXCAN_SetOperationMode
 .text.FLEXCAN_SetPayloadSize
                0x012069b4       0x2e ./SDK/platform/drivers/src/flexcan/flexcan_hw_access.o
                0x012069b4                FLEXCAN_SetPayloadSize
 *fill*         0x012069e2        0x2 
 .text.FLEXCAN_GetPayloadSize
                0x012069e4       0x1e ./SDK/platform/drivers/src/flexcan/flexcan_hw_access.o
                0x012069e4                FLEXCAN_GetPayloadSize
 *fill*         0x01206a02        0x2 
 .text.FLEXCAN_GetMsgBuffRegion
                0x01206a04       0x50 ./SDK/platform/drivers/src/flexcan/flexcan_hw_access.o
                0x01206a04                FLEXCAN_GetMsgBuffRegion
 .text.FLEXCAN_SetTxMsgBuff
                0x01206a54      0x1be ./SDK/platform/drivers/src/flexcan/flexcan_hw_access.o
                0x01206a54                FLEXCAN_SetTxMsgBuff
 *fill*         0x01206c12        0x2 
 .text.FLEXCAN_SetRxMsgBuff
                0x01206c14       0xe4 ./SDK/platform/drivers/src/flexcan/flexcan_hw_access.o
                0x01206c14                FLEXCAN_SetRxMsgBuff
 .text.FLEXCAN_LockRxMsgBuff
                0x01206cf8       0x16 ./SDK/platform/drivers/src/flexcan/flexcan_hw_access.o
                0x01206cf8                FLEXCAN_LockRxMsgBuff
 *fill*         0x01206d0e        0x2 
 .text.FLEXCAN_GetMsgBuff
                0x01206d10       0xaa ./SDK/platform/drivers/src/flexcan/flexcan_hw_access.o
                0x01206d10                FLEXCAN_GetMsgBuff
 *fill*         0x01206dba        0x2 
 .text.FLEXCAN_SetMaxMsgBuffNum
                0x01206dbc       0xd2 ./SDK/platform/drivers/src/flexcan/flexcan_hw_access.o
                0x01206dbc                FLEXCAN_SetMaxMsgBuffNum
 *fill*         0x01206e8e        0x2 
 .text.CAN0_ORed_IRQHandler
                0x01206e90       0x16 ./SDK/platform/drivers/src/flexcan/flexcan_irq.o
                0x01206e90                CAN0_ORed_IRQHandler
 *fill*         0x01206ea6        0x2 
 .text.CAN0_Error_IRQHandler
                0x01206ea8       0x16 ./SDK/platform/drivers/src/flexcan/flexcan_irq.o
                0x01206ea8                CAN0_Error_IRQHandler
 *fill*         0x01206ebe        0x2 
 .text.CAN0_Wake_Up_IRQHandler
                0x01206ec0       0x16 ./SDK/platform/drivers/src/flexcan/flexcan_irq.o
                0x01206ec0                CAN0_Wake_Up_IRQHandler
 *fill*         0x01206ed6        0x2 
 .text.CAN0_ORed_00_03_MB_IRQHandler
                0x01206ed8       0x16 ./SDK/platform/drivers/src/flexcan/flexcan_irq.o
                0x01206ed8                CAN0_ORed_00_03_MB_IRQHandler
 *fill*         0x01206eee        0x2 
 .text.CAN0_ORed_04_07_MB_IRQHandler
                0x01206ef0       0x16 ./SDK/platform/drivers/src/flexcan/flexcan_irq.o
                0x01206ef0                CAN0_ORed_04_07_MB_IRQHandler
 *fill*         0x01206f06        0x2 
 .text.CAN0_ORed_08_11_MB_IRQHandler
                0x01206f08       0x16 ./SDK/platform/drivers/src/flexcan/flexcan_irq.o
                0x01206f08                CAN0_ORed_08_11_MB_IRQHandler
 *fill*         0x01206f1e        0x2 
 .text.CAN0_ORed_12_15_MB_IRQHandler
                0x01206f20       0x16 ./SDK/platform/drivers/src/flexcan/flexcan_irq.o
                0x01206f20                CAN0_ORed_12_15_MB_IRQHandler
 *fill*         0x01206f36        0x2 
 .text.CAN0_ORed_16_31_MB_IRQHandler
                0x01206f38       0x16 ./SDK/platform/drivers/src/flexcan/flexcan_irq.o
                0x01206f38                CAN0_ORed_16_31_MB_IRQHandler
 *fill*         0x01206f4e        0x2 
 .text.CAN0_ORed_32_63_MB_IRQHandler
                0x01206f50       0x16 ./SDK/platform/drivers/src/flexcan/flexcan_irq.o
                0x01206f50                CAN0_ORed_32_63_MB_IRQHandler
 *fill*         0x01206f66        0x2 
 .text.CAN0_ORed_64_95_MB_IRQHandler
                0x01206f68       0x16 ./SDK/platform/drivers/src/flexcan/flexcan_irq.o
                0x01206f68                CAN0_ORed_64_95_MB_IRQHandler
 *fill*         0x01206f7e        0x2 
 .text.CAN1_ORed_IRQHandler
                0x01206f80       0x16 ./SDK/platform/drivers/src/flexcan/flexcan_irq.o
                0x01206f80                CAN1_ORed_IRQHandler
 *fill*         0x01206f96        0x2 
 .text.CAN1_Error_IRQHandler
                0x01206f98       0x16 ./SDK/platform/drivers/src/flexcan/flexcan_irq.o
                0x01206f98                CAN1_Error_IRQHandler
 *fill*         0x01206fae        0x2 
 .text.CAN1_ORed_00_03_MB_IRQHandler
                0x01206fb0       0x16 ./SDK/platform/drivers/src/flexcan/flexcan_irq.o
                0x01206fb0                CAN1_ORed_00_03_MB_IRQHandler
 *fill*         0x01206fc6        0x2 
 .text.CAN1_ORed_04_07_MB_IRQHandler
                0x01206fc8       0x16 ./SDK/platform/drivers/src/flexcan/flexcan_irq.o
                0x01206fc8                CAN1_ORed_04_07_MB_IRQHandler
 *fill*         0x01206fde        0x2 
 .text.CAN1_ORed_08_11_MB_IRQHandler
                0x01206fe0       0x16 ./SDK/platform/drivers/src/flexcan/flexcan_irq.o
                0x01206fe0                CAN1_ORed_08_11_MB_IRQHandler
 *fill*         0x01206ff6        0x2 
 .text.CAN1_ORed_12_15_MB_IRQHandler
                0x01206ff8       0x16 ./SDK/platform/drivers/src/flexcan/flexcan_irq.o
                0x01206ff8                CAN1_ORed_12_15_MB_IRQHandler
 *fill*         0x0120700e        0x2 
 .text.CAN1_ORed_16_31_MB_IRQHandler
                0x01207010       0x16 ./SDK/platform/drivers/src/flexcan/flexcan_irq.o
                0x01207010                CAN1_ORed_16_31_MB_IRQHandler
 *fill*         0x01207026        0x2 
 .text.CAN1_ORed_32_63_MB_IRQHandler
                0x01207028       0x16 ./SDK/platform/drivers/src/flexcan/flexcan_irq.o
                0x01207028                CAN1_ORed_32_63_MB_IRQHandler
 *fill*         0x0120703e        0x2 
 .text.CAN1_ORed_64_95_MB_IRQHandler
                0x01207040       0x16 ./SDK/platform/drivers/src/flexcan/flexcan_irq.o
                0x01207040                CAN1_ORed_64_95_MB_IRQHandler
 *fill*         0x01207056        0x2 
 .text.CAN2_ORed_IRQHandler
                0x01207058       0x16 ./SDK/platform/drivers/src/flexcan/flexcan_irq.o
                0x01207058                CAN2_ORed_IRQHandler
 *fill*         0x0120706e        0x2 
 .text.CAN2_Error_IRQHandler
                0x01207070       0x16 ./SDK/platform/drivers/src/flexcan/flexcan_irq.o
                0x01207070                CAN2_Error_IRQHandler
 *fill*         0x01207086        0x2 
 .text.CAN2_ORed_00_03_MB_IRQHandler
                0x01207088       0x16 ./SDK/platform/drivers/src/flexcan/flexcan_irq.o
                0x01207088                CAN2_ORed_00_03_MB_IRQHandler
 *fill*         0x0120709e        0x2 
 .text.CAN2_ORed_04_07_MB_IRQHandler
                0x012070a0       0x16 ./SDK/platform/drivers/src/flexcan/flexcan_irq.o
                0x012070a0                CAN2_ORed_04_07_MB_IRQHandler
 *fill*         0x012070b6        0x2 
 .text.CAN2_ORed_08_11_MB_IRQHandler
                0x012070b8       0x16 ./SDK/platform/drivers/src/flexcan/flexcan_irq.o
                0x012070b8                CAN2_ORed_08_11_MB_IRQHandler
 *fill*         0x012070ce        0x2 
 .text.CAN2_ORed_12_15_MB_IRQHandler
                0x012070d0       0x16 ./SDK/platform/drivers/src/flexcan/flexcan_irq.o
                0x012070d0                CAN2_ORed_12_15_MB_IRQHandler
 *fill*         0x012070e6        0x2 
 .text.CAN2_ORed_16_31_MB_IRQHandler
                0x012070e8       0x16 ./SDK/platform/drivers/src/flexcan/flexcan_irq.o
                0x012070e8                CAN2_ORed_16_31_MB_IRQHandler
 *fill*         0x012070fe        0x2 
 .text.CAN2_ORed_32_63_MB_IRQHandler
                0x01207100       0x16 ./SDK/platform/drivers/src/flexcan/flexcan_irq.o
                0x01207100                CAN2_ORed_32_63_MB_IRQHandler
 *fill*         0x01207116        0x2 
 .text.CAN2_ORed_64_95_MB_IRQHandler
                0x01207118       0x16 ./SDK/platform/drivers/src/flexcan/flexcan_irq.o
                0x01207118                CAN2_ORed_64_95_MB_IRQHandler
 *fill*         0x0120712e        0x2 
 .text.CAN3_ORed_IRQHandler
                0x01207130       0x16 ./SDK/platform/drivers/src/flexcan/flexcan_irq.o
                0x01207130                CAN3_ORed_IRQHandler
 *fill*         0x01207146        0x2 
 .text.CAN3_Error_IRQHandler
                0x01207148       0x16 ./SDK/platform/drivers/src/flexcan/flexcan_irq.o
                0x01207148                CAN3_Error_IRQHandler
 *fill*         0x0120715e        0x2 
 .text.CAN3_ORed_00_03_MB_IRQHandler
                0x01207160       0x16 ./SDK/platform/drivers/src/flexcan/flexcan_irq.o
                0x01207160                CAN3_ORed_00_03_MB_IRQHandler
 *fill*         0x01207176        0x2 
 .text.CAN3_ORed_04_07_MB_IRQHandler
                0x01207178       0x16 ./SDK/platform/drivers/src/flexcan/flexcan_irq.o
                0x01207178                CAN3_ORed_04_07_MB_IRQHandler
 *fill*         0x0120718e        0x2 
 .text.CAN3_ORed_08_11_MB_IRQHandler
                0x01207190       0x16 ./SDK/platform/drivers/src/flexcan/flexcan_irq.o
                0x01207190                CAN3_ORed_08_11_MB_IRQHandler
 *fill*         0x012071a6        0x2 
 .text.CAN3_ORed_12_15_MB_IRQHandler
                0x012071a8       0x16 ./SDK/platform/drivers/src/flexcan/flexcan_irq.o
                0x012071a8                CAN3_ORed_12_15_MB_IRQHandler
 *fill*         0x012071be        0x2 
 .text.CAN3_ORed_16_31_MB_IRQHandler
                0x012071c0       0x16 ./SDK/platform/drivers/src/flexcan/flexcan_irq.o
                0x012071c0                CAN3_ORed_16_31_MB_IRQHandler
 *fill*         0x012071d6        0x2 
 .text.CAN3_ORed_32_63_MB_IRQHandler
                0x012071d8       0x16 ./SDK/platform/drivers/src/flexcan/flexcan_irq.o
                0x012071d8                CAN3_ORed_32_63_MB_IRQHandler
 *fill*         0x012071ee        0x2 
 .text.CAN3_ORed_64_95_MB_IRQHandler
                0x012071f0       0x16 ./SDK/platform/drivers/src/flexcan/flexcan_irq.o
                0x012071f0                CAN3_ORed_64_95_MB_IRQHandler
 *fill*         0x01207206        0x2 
 .text.CAN4_ORed_IRQHandler
                0x01207208       0x16 ./SDK/platform/drivers/src/flexcan/flexcan_irq.o
                0x01207208                CAN4_ORed_IRQHandler
 *fill*         0x0120721e        0x2 
 .text.CAN4_Error_IRQHandler
                0x01207220       0x16 ./SDK/platform/drivers/src/flexcan/flexcan_irq.o
                0x01207220                CAN4_Error_IRQHandler
 *fill*         0x01207236        0x2 
 .text.CAN4_ORed_00_03_MB_IRQHandler
                0x01207238       0x16 ./SDK/platform/drivers/src/flexcan/flexcan_irq.o
                0x01207238                CAN4_ORed_00_03_MB_IRQHandler
 *fill*         0x0120724e        0x2 
 .text.CAN4_ORed_04_07_MB_IRQHandler
                0x01207250       0x16 ./SDK/platform/drivers/src/flexcan/flexcan_irq.o
                0x01207250                CAN4_ORed_04_07_MB_IRQHandler
 *fill*         0x01207266        0x2 
 .text.CAN4_ORed_08_11_MB_IRQHandler
                0x01207268       0x16 ./SDK/platform/drivers/src/flexcan/flexcan_irq.o
                0x01207268                CAN4_ORed_08_11_MB_IRQHandler
 *fill*         0x0120727e        0x2 
 .text.CAN4_ORed_12_15_MB_IRQHandler
                0x01207280       0x16 ./SDK/platform/drivers/src/flexcan/flexcan_irq.o
                0x01207280                CAN4_ORed_12_15_MB_IRQHandler
 *fill*         0x01207296        0x2 
 .text.CAN4_ORed_16_31_MB_IRQHandler
                0x01207298       0x16 ./SDK/platform/drivers/src/flexcan/flexcan_irq.o
                0x01207298                CAN4_ORed_16_31_MB_IRQHandler
 *fill*         0x012072ae        0x2 
 .text.CAN4_ORed_32_63_MB_IRQHandler
                0x012072b0       0x16 ./SDK/platform/drivers/src/flexcan/flexcan_irq.o
                0x012072b0                CAN4_ORed_32_63_MB_IRQHandler
 *fill*         0x012072c6        0x2 
 .text.CAN4_ORed_64_95_MB_IRQHandler
                0x012072c8       0x16 ./SDK/platform/drivers/src/flexcan/flexcan_irq.o
                0x012072c8                CAN4_ORed_64_95_MB_IRQHandler
 *fill*         0x012072de        0x2 
 .text.CAN5_ORed_IRQHandler
                0x012072e0       0x16 ./SDK/platform/drivers/src/flexcan/flexcan_irq.o
                0x012072e0                CAN5_ORed_IRQHandler
 *fill*         0x012072f6        0x2 
 .text.CAN5_Error_IRQHandler
                0x012072f8       0x16 ./SDK/platform/drivers/src/flexcan/flexcan_irq.o
                0x012072f8                CAN5_Error_IRQHandler
 *fill*         0x0120730e        0x2 
 .text.CAN5_ORed_00_03_MB_IRQHandler
                0x01207310       0x16 ./SDK/platform/drivers/src/flexcan/flexcan_irq.o
                0x01207310                CAN5_ORed_00_03_MB_IRQHandler
 *fill*         0x01207326        0x2 
 .text.CAN5_ORed_04_07_MB_IRQHandler
                0x01207328       0x16 ./SDK/platform/drivers/src/flexcan/flexcan_irq.o
                0x01207328                CAN5_ORed_04_07_MB_IRQHandler
 *fill*         0x0120733e        0x2 
 .text.CAN5_ORed_08_11_MB_IRQHandler
                0x01207340       0x16 ./SDK/platform/drivers/src/flexcan/flexcan_irq.o
                0x01207340                CAN5_ORed_08_11_MB_IRQHandler
 *fill*         0x01207356        0x2 
 .text.CAN5_ORed_12_15_MB_IRQHandler
                0x01207358       0x16 ./SDK/platform/drivers/src/flexcan/flexcan_irq.o
                0x01207358                CAN5_ORed_12_15_MB_IRQHandler
 *fill*         0x0120736e        0x2 
 .text.CAN5_ORed_16_31_MB_IRQHandler
                0x01207370       0x16 ./SDK/platform/drivers/src/flexcan/flexcan_irq.o
                0x01207370                CAN5_ORed_16_31_MB_IRQHandler
 *fill*         0x01207386        0x2 
 .text.CAN5_ORed_32_63_MB_IRQHandler
                0x01207388       0x16 ./SDK/platform/drivers/src/flexcan/flexcan_irq.o
                0x01207388                CAN5_ORed_32_63_MB_IRQHandler
 *fill*         0x0120739e        0x2 
 .text.CAN5_ORed_64_95_MB_IRQHandler
                0x012073a0       0x16 ./SDK/platform/drivers/src/flexcan/flexcan_irq.o
                0x012073a0                CAN5_ORed_64_95_MB_IRQHandler
 *fill*         0x012073b6        0x2 
 .text.CAN6_ORed_IRQHandler
                0x012073b8       0x16 ./SDK/platform/drivers/src/flexcan/flexcan_irq.o
                0x012073b8                CAN6_ORed_IRQHandler
 *fill*         0x012073ce        0x2 
 .text.CAN6_Error_IRQHandler
                0x012073d0       0x16 ./SDK/platform/drivers/src/flexcan/flexcan_irq.o
                0x012073d0                CAN6_Error_IRQHandler
 *fill*         0x012073e6        0x2 
 .text.CAN6_ORed_00_03_MB_IRQHandler
                0x012073e8       0x16 ./SDK/platform/drivers/src/flexcan/flexcan_irq.o
                0x012073e8                CAN6_ORed_00_03_MB_IRQHandler
 *fill*         0x012073fe        0x2 
 .text.CAN6_ORed_04_07_MB_IRQHandler
                0x01207400       0x16 ./SDK/platform/drivers/src/flexcan/flexcan_irq.o
                0x01207400                CAN6_ORed_04_07_MB_IRQHandler
 *fill*         0x01207416        0x2 
 .text.CAN6_ORed_08_11_MB_IRQHandler
                0x01207418       0x16 ./SDK/platform/drivers/src/flexcan/flexcan_irq.o
                0x01207418                CAN6_ORed_08_11_MB_IRQHandler
 *fill*         0x0120742e        0x2 
 .text.CAN6_ORed_12_15_MB_IRQHandler
                0x01207430       0x16 ./SDK/platform/drivers/src/flexcan/flexcan_irq.o
                0x01207430                CAN6_ORed_12_15_MB_IRQHandler
 *fill*         0x01207446        0x2 
 .text.CAN6_ORed_16_31_MB_IRQHandler
                0x01207448       0x16 ./SDK/platform/drivers/src/flexcan/flexcan_irq.o
                0x01207448                CAN6_ORed_16_31_MB_IRQHandler
 *fill*         0x0120745e        0x2 
 .text.CAN6_ORed_32_63_MB_IRQHandler
                0x01207460       0x16 ./SDK/platform/drivers/src/flexcan/flexcan_irq.o
                0x01207460                CAN6_ORed_32_63_MB_IRQHandler
 *fill*         0x01207476        0x2 
 .text.CAN6_ORed_64_95_MB_IRQHandler
                0x01207478       0x16 ./SDK/platform/drivers/src/flexcan/flexcan_irq.o
                0x01207478                CAN6_ORed_64_95_MB_IRQHandler
 *fill*         0x0120748e        0x2 
 .text.CAN7_ORed_IRQHandler
                0x01207490       0x16 ./SDK/platform/drivers/src/flexcan/flexcan_irq.o
                0x01207490                CAN7_ORed_IRQHandler
 *fill*         0x012074a6        0x2 
 .text.CAN7_Error_IRQHandler
                0x012074a8       0x16 ./SDK/platform/drivers/src/flexcan/flexcan_irq.o
                0x012074a8                CAN7_Error_IRQHandler
 *fill*         0x012074be        0x2 
 .text.CAN7_ORed_00_03_MB_IRQHandler
                0x012074c0       0x16 ./SDK/platform/drivers/src/flexcan/flexcan_irq.o
                0x012074c0                CAN7_ORed_00_03_MB_IRQHandler
 *fill*         0x012074d6        0x2 
 .text.CAN7_ORed_04_07_MB_IRQHandler
                0x012074d8       0x16 ./SDK/platform/drivers/src/flexcan/flexcan_irq.o
                0x012074d8                CAN7_ORed_04_07_MB_IRQHandler
 *fill*         0x012074ee        0x2 
 .text.CAN7_ORed_08_11_MB_IRQHandler
                0x012074f0       0x16 ./SDK/platform/drivers/src/flexcan/flexcan_irq.o
                0x012074f0                CAN7_ORed_08_11_MB_IRQHandler
 *fill*         0x01207506        0x2 
 .text.CAN7_ORed_12_15_MB_IRQHandler
                0x01207508       0x16 ./SDK/platform/drivers/src/flexcan/flexcan_irq.o
                0x01207508                CAN7_ORed_12_15_MB_IRQHandler
 *fill*         0x0120751e        0x2 
 .text.CAN7_ORed_16_31_MB_IRQHandler
                0x01207520       0x16 ./SDK/platform/drivers/src/flexcan/flexcan_irq.o
                0x01207520                CAN7_ORed_16_31_MB_IRQHandler
 *fill*         0x01207536        0x2 
 .text.CAN7_ORed_32_63_MB_IRQHandler
                0x01207538       0x16 ./SDK/platform/drivers/src/flexcan/flexcan_irq.o
                0x01207538                CAN7_ORed_32_63_MB_IRQHandler
 *fill*         0x0120754e        0x2 
 .text.CAN7_ORed_64_95_MB_IRQHandler
                0x01207550       0x16 ./SDK/platform/drivers/src/flexcan/flexcan_irq.o
                0x01207550                CAN7_ORed_64_95_MB_IRQHandler
 *fill*         0x01207566        0x2 
 .text.INT_SYS_InstallHandler
                0x01207568       0x28 ./SDK/platform/drivers/src/interrupt/interrupt_manager_MPC57xx.o
                0x01207568                INT_SYS_InstallHandler
 .text.INT_SYS_EnableIRQ
                0x01207590       0x2e ./SDK/platform/drivers/src/interrupt/interrupt_manager_MPC57xx.o
                0x01207590                INT_SYS_EnableIRQ
 *fill*         0x012075be        0x2 
 .text.INT_SYS_DisableIRQ
                0x012075c0       0x2a ./SDK/platform/drivers/src/interrupt/interrupt_manager_MPC57xx.o
                0x012075c0                INT_SYS_DisableIRQ
 *fill*         0x012075ea        0x2 
 .text.INT_SYS_EnableIRQGlobal
                0x012075ec       0x26 ./SDK/platform/drivers/src/interrupt/interrupt_manager_MPC57xx.o
                0x012075ec                INT_SYS_EnableIRQGlobal
 *fill*         0x01207612        0x2 
 .text.INT_SYS_DisableIRQGlobal
                0x01207614       0x10 ./SDK/platform/drivers/src/interrupt/interrupt_manager_MPC57xx.o
                0x01207614                INT_SYS_DisableIRQGlobal
 .text.INT_SYS_SetPriority
                0x01207624       0x18 ./SDK/platform/drivers/src/interrupt/interrupt_manager_MPC57xx.o
                0x01207624                INT_SYS_SetPriority
 .text.PINS_DRV_Init
                0x0120763c       0x38 ./SDK/platform/drivers/src/pins/siul2/pins_siul2_driver.o
                0x0120763c                PINS_DRV_Init
 .text.PINS_Init
                0x01207674      0x144 ./SDK/platform/drivers/src/pins/siul2/siul2_hw_access.o
                0x01207674                PINS_Init
 .text.PIT_DRV_Deinit
                0x012077b8       0x1a ./SDK/platform/drivers/src/pit/pit_driver.o
                0x012077b8                PIT_DRV_Deinit
 *fill*         0x012077d2        0x2 
 .text.PIT_Reset
                0x012077d4       0x42 ./SDK/platform/drivers/src/pit/pit_hw_access.o
                0x012077d4                PIT_Reset
 *fill*         0x01207816        0x2 
 .text.CAN_FindFlexCANState
                0x01207818        0x4 ./SDK/platform/pal/src/can/can_pal.o
 .text.CAN_FlexInternalCallback
                0x0120781c       0xa2 ./SDK/platform/pal/src/can/can_pal.o
 *fill*         0x012078be        0x2 
 .text.CAN_Init
                0x012078c0      0x114 ./SDK/platform/pal/src/can/can_pal.o
                0x012078c0                CAN_Init
 .text.CAN_Deinit
                0x012079d4       0x40 ./SDK/platform/pal/src/can/can_pal.o
                0x012079d4                CAN_Deinit
 .text.CAN_ConfigTxBuff
                0x01207a14       0xa4 ./SDK/platform/pal/src/can/can_pal.o
                0x01207a14                CAN_ConfigTxBuff
 .text.CAN_ConfigRxBuff
                0x01207ab8       0xb0 ./SDK/platform/pal/src/can/can_pal.o
                0x01207ab8                CAN_ConfigRxBuff
 .text.CAN_Send
                0x01207b68       0xac ./SDK/platform/pal/src/can/can_pal.o
                0x01207b68                CAN_Send
 .text.CAN_Receive
                0x01207c14       0x7a ./SDK/platform/pal/src/can/can_pal.o
                0x01207c14                CAN_Receive
 *fill*         0x01207c8e        0x2 
 .text.CAN_InstallEventCallback
                0x01207c90       0x62 ./SDK/platform/pal/src/can/can_pal.o
                0x01207c90                CAN_InstallEventCallback
 *fill*         0x01207cf2        0x2 
 .text.vListInitialise
                0x01207cf4       0x14 ./SDK/rtos/FreeRTOS_PA/Source/list.o
                0x01207cf4                vListInitialise
 .text.vListInitialiseItem
                0x01207d08        0x6 ./SDK/rtos/FreeRTOS_PA/Source/list.o
                0x01207d08                vListInitialiseItem
 *fill*         0x01207d0e        0x2 
 .text.vListInsertEnd
                0x01207d10       0x18 ./SDK/rtos/FreeRTOS_PA/Source/list.o
                0x01207d10                vListInsertEnd
 .text.vListInsert
                0x01207d28       0x34 ./SDK/rtos/FreeRTOS_PA/Source/list.o
                0x01207d28                vListInsert
 .text.uxListRemove
                0x01207d5c       0x2a ./SDK/rtos/FreeRTOS_PA/Source/list.o
                0x01207d5c                uxListRemove
 .text.prvCopyDataToQueue
                0x01207d86       0xa0 ./SDK/rtos/FreeRTOS_PA/Source/queue.o
 *fill*         0x01207e26        0x2 
 .text.prvUnlockQueue
                0x01207e28       0xba ./SDK/rtos/FreeRTOS_PA/Source/queue.o
 *fill*         0x01207ee2        0x2 
 .text.xQueueGenericReset
                0x01207ee4       0xb2 ./SDK/rtos/FreeRTOS_PA/Source/queue.o
                0x01207ee4                xQueueGenericReset
 *fill*         0x01207f96        0x2 
 .text.xQueueGenericCreate
                0x01207f98       0x9c ./SDK/rtos/FreeRTOS_PA/Source/queue.o
                0x01207f98                xQueueGenericCreate
 .text.xQueueCreateCountingSemaphore
                0x01208034       0x82 ./SDK/rtos/FreeRTOS_PA/Source/queue.o
                0x01208034                xQueueCreateCountingSemaphore
 *fill*         0x012080b6        0x2 
 .text.xQueueGenericSend
                0x012080b8      0x220 ./SDK/rtos/FreeRTOS_PA/Source/queue.o
                0x012080b8                xQueueGenericSend
 .text.xQueueGiveFromISR
                0x012082d8      0x15c ./SDK/rtos/FreeRTOS_PA/Source/queue.o
                0x012082d8                xQueueGiveFromISR
 .text.vQueueDelete
                0x01208434       0x42 ./SDK/rtos/FreeRTOS_PA/Source/queue.o
                0x01208434                vQueueDelete
 *fill*         0x01208476        0x2 
 .text.prvResetNextTaskUnblockTime
                0x01208478       0x24 ./SDK/rtos/FreeRTOS_PA/Source/tasks.o
 .text.prvIdleTask
                0x0120849c       0x76 ./SDK/rtos/FreeRTOS_PA/Source/tasks.o
 *fill*         0x01208512        0x2 
 .text.prvAddCurrentTaskToDelayedList
                0x01208514       0xb2 ./SDK/rtos/FreeRTOS_PA/Source/tasks.o
 *fill*         0x012085c6        0x2 
 .text.xTaskCreate
                0x012085c8      0x1fc ./SDK/rtos/FreeRTOS_PA/Source/tasks.o
                0x012085c8                xTaskCreate
 .text.vTaskStartScheduler
                0x012087c4       0xa4 ./SDK/rtos/FreeRTOS_PA/Source/tasks.o
                0x012087c4                vTaskStartScheduler
 .text.vTaskSuspendAll
                0x01208868        0xc ./SDK/rtos/FreeRTOS_PA/Source/tasks.o
                0x01208868                vTaskSuspendAll
 .text.xTaskIncrementTick
                0x01208874      0x15e ./SDK/rtos/FreeRTOS_PA/Source/tasks.o
                0x01208874                xTaskIncrementTick
 *fill*         0x012089d2        0x2 
 .text.xTaskResumeAll
                0x012089d4      0x12a ./SDK/rtos/FreeRTOS_PA/Source/tasks.o
                0x012089d4                xTaskResumeAll
 *fill*         0x01208afe        0x2 
 .text.vTaskDelay
                0x01208b00       0x68 ./SDK/rtos/FreeRTOS_PA/Source/tasks.o
                0x01208b00                vTaskDelay
 .text.vTaskSwitchContext
                0x01208b68       0xc6 ./SDK/rtos/FreeRTOS_PA/Source/tasks.o
                0x01208b68                vTaskSwitchContext
 *fill*         0x01208c2e        0x2 
 .text.vTaskPlaceOnEventList
                0x01208c30       0x56 ./SDK/rtos/FreeRTOS_PA/Source/tasks.o
                0x01208c30                vTaskPlaceOnEventList
 *fill*         0x01208c86        0x2 
 .text.xTaskRemoveFromEventList
                0x01208c88       0xbe ./SDK/rtos/FreeRTOS_PA/Source/tasks.o
                0x01208c88                xTaskRemoveFromEventList
 *fill*         0x01208d46        0x2 
 .text.vTaskInternalSetTimeOutState
                0x01208d48        0xe ./SDK/rtos/FreeRTOS_PA/Source/tasks.o
                0x01208d48                vTaskInternalSetTimeOutState
 *fill*         0x01208d56        0x2 
 .text.xTaskCheckForTimeOut
                0x01208d58       0xe8 ./SDK/rtos/FreeRTOS_PA/Source/tasks.o
                0x01208d58                xTaskCheckForTimeOut
 .text.vTaskMissedYield
                0x01208e40        0x8 ./SDK/rtos/FreeRTOS_PA/Source/tasks.o
                0x01208e40                vTaskMissedYield
 .text.xTaskGetSchedulerState
                0x01208e48       0x1a ./SDK/rtos/FreeRTOS_PA/Source/tasks.o
                0x01208e48                xTaskGetSchedulerState
 *fill*         0x01208e62        0x2 
 .text.xTaskPriorityDisinherit
                0x01208e64      0x126 ./SDK/rtos/FreeRTOS_PA/Source/tasks.o
                0x01208e64                xTaskPriorityDisinherit
 *fill*         0x01208f8a        0x2 
 .text.vPortTickISR
                0x01208f8c       0x7a ./SDK/rtos/FreeRTOS_PA/Source/portable/GCC/PowerPC/port.o
                0x01208f8c                vPortTickISR
 *fill*         0x01209006        0x2 
 .text.pxPortInitialiseStack
                0x01209008       0xf6 ./SDK/rtos/FreeRTOS_PA/Source/portable/GCC/PowerPC/port.o
                0x01209008                pxPortInitialiseStack
 *fill*         0x012090fe        0x2 
 .text.xPortStartScheduler
                0x01209100       0x26 ./SDK/rtos/FreeRTOS_PA/Source/portable/GCC/PowerPC/port.o
                0x01209100                xPortStartScheduler
 *fill*         0x01209126        0x2 
 .text.vPortTaskEnterCritical
                0x01209128       0x30 ./SDK/rtos/FreeRTOS_PA/Source/portable/GCC/PowerPC/port.o
                0x01209128                vPortTaskEnterCritical
 .text.vPortTaskExitCritical
                0x01209158       0x34 ./SDK/rtos/FreeRTOS_PA/Source/portable/GCC/PowerPC/port.o
                0x01209158                vPortTaskExitCritical
 .text.prvPortTimerSetup
                0x0120918c       0x50 ./SDK/rtos/FreeRTOS_PA/Source/portable/GCC/PowerPC/porttimer.o
                0x0120918c                prvPortTimerSetup
 .text.prvPortTimerReset
                0x012091dc        0xc ./SDK/rtos/FreeRTOS_PA/Source/portable/GCC/PowerPC/porttimer.o
                0x012091dc                prvPortTimerReset
 .text.pvPortMalloc
                0x012091e8       0xfc ./SDK/rtos/FreeRTOS_PA/Source/portable/MemMang/heap_2.o
                0x012091e8                pvPortMalloc
 .text.vPortFree
                0x012092e4       0x58 ./SDK/rtos/FreeRTOS_PA/Source/portable/MemMang/heap_2.o
                0x012092e4                vPortFree
 .text.OSIF_SemaPost
                0x0120933c       0xb2 ./SDK/rtos/osif/osif_freertos.o
                0x0120933c                OSIF_SemaPost
 *fill*         0x012093ee        0x2 
 .text.OSIF_SemaCreate
                0x012093f0       0x24 ./SDK/rtos/osif/osif_freertos.o
                0x012093f0                OSIF_SemaCreate
 .text.OSIF_SemaDestroy
                0x01209414       0x18 ./SDK/rtos/osif/osif_freertos.o
                0x01209414                OSIF_SemaDestroy
 .text.Bootloader_Init
                0x0120942c       0x88 ./Sources/Bootloader.o
                0x0120942c                Bootloader_Init
 .text.Bootloader_Erase_Memory
                0x012094b4       0x4c ./Sources/Bootloader.o
                0x012094b4                Bootloader_Erase_Memory
 .text.Bootloader_Program
                0x01209500       0x6c ./Sources/Bootloader.o
                0x01209500                Bootloader_Program
 .text.Bootloader_CheckMemory
                0x0120956c       0x60 ./Sources/Bootloader.o
                0x0120956c                Bootloader_CheckMemory
 .text.interrupt_callback
                0x012095cc       0x3c ./Sources/CanTP.o
                0x012095cc                interrupt_callback
 .text.handleFlowCtl
                0x01209608       0x2e ./Sources/CanTP.o
                0x01209608                handleFlowCtl
 *fill*         0x01209636        0x2 
 .text.send_flow_control
                0x01209638       0x70 ./Sources/CanTP.o
                0x01209638                send_flow_control
 .text.send_single_frame
                0x012096a8       0xa4 ./Sources/CanTP.o
                0x012096a8                send_single_frame
 .text.sendFromUDS
                0x0120974c       0x2c ./Sources/CanTP.o
                0x0120974c                sendFromUDS
 .text.resetCanTP
                0x01209778       0x22 ./Sources/CanTP.o
                0x01209778                resetCanTP
 *fill*         0x0120979a        0x2 
 .text.handleSingleFrame
                0x0120979c       0x64 ./Sources/CanTP.o
                0x0120979c                handleSingleFrame
 .text.timeOutHandle
                0x01209800       0x4a ./Sources/CanTP.o
                0x01209800                timeOutHandle
 *fill*         0x0120984a        0x2 
 .text.recieve  0x0120984c       0x80 ./Sources/CanTP.o
                0x0120984c                recieve
 .text.readCanTPPayload
                0x012098cc       0x52 ./Sources/CanTP.o
                0x012098cc                readCanTPPayload
 *fill*         0x0120991e        0x2 
 .text.handleConsecutiveFrame
                0x01209920       0xe6 ./Sources/CanTP.o
                0x01209920                handleConsecutiveFrame
 *fill*         0x01209a06        0x2 
 .text.handleFirstFrame
                0x01209a08       0x5e ./Sources/CanTP.o
                0x01209a08                handleFirstFrame
 *fill*         0x01209a66        0x2 
 .text.CanTP_init
                0x01209a68       0x16 ./Sources/CanTP.o
                0x01209a68                CanTP_init
 *fill*         0x01209a7e        0x2 
 .text.Can_init
                0x01209a80       0x6c ./Sources/CanTP.o
                0x01209a80                Can_init
 .text.Do_Reset
                0x01209aec        0x2 ./Sources/ResetWrapper.o
                0x01209aec                Do_Reset
 *fill*         0x01209aee        0x2 
 .text.REQ_Download_Abort
                0x01209af0       0x16 ./Sources/UDS.o
 *fill*         0x01209b06        0x2 
 .text.Transfer_Data_Abort
                0x01209b08       0x1a ./Sources/UDS.o
 *fill*         0x01209b22        0x2 
 .text.Finished_Routine_CTR
                0x01209b24       0x1c ./Sources/UDS.o
                0x01209b24                Finished_Routine_CTR
 .text.UDS_Create_pos_response
                0x01209b40       0x28 ./Sources/UDS.o
                0x01209b40                UDS_Create_pos_response
 .text.UDS_Create_neg_response
                0x01209b68       0x24 ./Sources/UDS.o
                0x01209b68                UDS_Create_neg_response
 .text.UDS_Session_Control
                0x01209b8c       0x8e ./Sources/UDS.o
                0x01209b8c                UDS_Session_Control
 *fill*         0x01209c1a        0x2 
 .text.UDS_ECU_Reset
                0x01209c1c       0x8c ./Sources/UDS.o
                0x01209c1c                UDS_ECU_Reset
 .text.UDS_Read_by_ID
                0x01209ca8       0x6a ./Sources/UDS.o
                0x01209ca8                UDS_Read_by_ID
 *fill*         0x01209d12        0x2 
 .text.UDS_Write_by_ID
                0x01209d14       0x66 ./Sources/UDS.o
                0x01209d14                UDS_Write_by_ID
 *fill*         0x01209d7a        0x2 
 .text.UDS_Request_Download
                0x01209d7c      0x188 ./Sources/UDS.o
                0x01209d7c                UDS_Request_Download
 .text.UDS_Transfer_Data
                0x01209f04      0x13a ./Sources/UDS.o
                0x01209f04                UDS_Transfer_Data
 *fill*         0x0120a03e        0x2 
 .text.UDS_Request_Transfer_Exit
                0x0120a040       0x62 ./Sources/UDS.o
                0x0120a040                UDS_Request_Transfer_Exit
 *fill*         0x0120a0a2        0x2 
 .text.UDS_Check_Memory
                0x0120a0a4       0xa8 ./Sources/UDS.o
                0x0120a0a4                UDS_Check_Memory
 .text.UDS_Erase_Memory
                0x0120a14c       0xa6 ./Sources/UDS.o
                0x0120a14c                UDS_Erase_Memory
 *fill*         0x0120a1f2        0x2 
 .text.UDS_Routine_Control
                0x0120a1f4      0x350 ./Sources/UDS.o
                0x0120a1f4                UDS_Routine_Control
 .text.UDS_Init
                0x0120a544       0x36 ./Sources/UDS.o
                0x0120a544                UDS_Init
 *fill*         0x0120a57a        0x2 
 .text.UDS_Receive
                0x0120a57c      0x102 ./Sources/UDS.o
                0x0120a57c                UDS_Receive
 *fill*         0x0120a67e        0x2 
 .text.UDS_BL_Receive
                0x0120a680        0xa ./Sources/UDS.o
                0x0120a680                UDS_BL_Receive
 *fill*         0x0120a68a        0x2 
 .text.sendFromUDS2
                0x0120a68c       0x1c ./Sources/main.o
                0x0120a68c                sendFromUDS2
 .text.recieve2
                0x0120a6a8       0x20 ./Sources/main.o
                0x0120a6a8                recieve2
 .text.main     0x0120a6c8      0x112 ./Sources/main.o
                0x0120a6c8                main
 *fill*         0x0120a7da        0x2 
 .text.BootloaderFlash_Init
                0x0120a7dc       0x2c ./Sources/Bootloader_Flash/BootloaderFlash.o
                0x0120a7dc                BootloaderFlash_Init
 .text.BootloaderFlash_Unlock
                0x0120a808       0x18 ./Sources/Bootloader_Flash/BootloaderFlash.o
                0x0120a808                BootloaderFlash_Unlock
 .text.BootloaderFlash_Erase
                0x0120a820       0xbc ./Sources/Bootloader_Flash/BootloaderFlash.o
                0x0120a820                BootloaderFlash_Erase
 .text.BootloaderFlash_VerifyBlank
                0x0120a8dc       0x1e ./Sources/Bootloader_Flash/BootloaderFlash.o
                0x0120a8dc                BootloaderFlash_VerifyBlank
 *fill*         0x0120a8fa        0x2 
 .text.BootloaderFlash_Program
                0x0120a8fc       0x4c ./Sources/Bootloader_Flash/BootloaderFlash.o
                0x0120a8fc                BootloaderFlash_Program
 .text.BootloaderFlash_ProgramVerify
                0x0120a948       0x4c ./Sources/Bootloader_Flash/BootloaderFlash.o
                0x0120a948                BootloaderFlash_ProgramVerify
 .text.BootloaderFlash_InitCRC
                0x0120a994       0x1e ./Sources/Bootloader_Flash/BootloaderFlash.o
                0x0120a994                BootloaderFlash_InitCRC
 *fill*         0x0120a9b2        0x2 
 .text.BootloaderFlash_CalculateCRC32
                0x0120a9b4       0x24 ./Sources/Bootloader_Flash/BootloaderFlash.o
                0x0120a9b4                BootloaderFlash_CalculateCRC32
 .text.DisableFlashControllerCache
                0x0120a9d8       0x18 ./Sources/Bootloader_Flash/BootloaderFlash.o
                0x0120a9d8                DisableFlashControllerCache
 .text.RestoreFlashControllerCache
                0x0120a9f0        0xa ./Sources/Bootloader_Flash/BootloaderFlash.o
                0x0120a9f0                RestoreFlashControllerCache
 .text.memcpy   0x0120a9fa       0x3c D:/S32/S32DS/build_tools/e200_ewl2/lib/e200z4/fp\libc99.a(memcpy.o)
                0x0120a9fa                memcpy
 .text.memset   0x0120aa36       0x1a D:/S32/S32DS/build_tools/e200_ewl2/lib/e200z4/fp\libc99.a(memset.o)
                0x0120aa36                memset
 .text.__fill_mem
                0x0120aa50       0xa0 D:/S32/S32DS/build_tools/e200_ewl2/lib/e200z4/fp\libc99.a(__filll_mem.o)
                0x0120aa50                __fill_mem
 *(.init)
 .init          0x0120aaf0        0xc d:/s32/s32ds/build_tools/powerpc-eabivle-4_9/bin/../lib/gcc/powerpc-eabivle/4.9.4/e200z4/fp/ecrti.o
                0x0120aaf0                __init
 .init          0x0120aafc        0x4 d:/s32/s32ds/build_tools/powerpc-eabivle-4_9/bin/../lib/gcc/powerpc-eabivle/4.9.4/e200z4/fp/crtbegin.o
 .init          0x0120ab00        0x4 d:/s32/s32ds/build_tools/powerpc-eabivle-4_9/bin/../lib/gcc/powerpc-eabivle/4.9.4/e200z4/fp/crtend.o
 .init          0x0120ab04        0xa d:/s32/s32ds/build_tools/powerpc-eabivle-4_9/bin/../lib/gcc/powerpc-eabivle/4.9.4/e200z4/fp/ecrtn.o
 *(.fini)
 *fill*         0x0120ab0e        0x2 
 .fini          0x0120ab10        0xc d:/s32/s32ds/build_tools/powerpc-eabivle-4_9/bin/../lib/gcc/powerpc-eabivle/4.9.4/e200z4/fp/ecrti.o
                0x0120ab10                __fini
 .fini          0x0120ab1c        0x4 d:/s32/s32ds/build_tools/powerpc-eabivle-4_9/bin/../lib/gcc/powerpc-eabivle/4.9.4/e200z4/fp/crtbegin.o
 .fini          0x0120ab20        0xa d:/s32/s32ds/build_tools/powerpc-eabivle-4_9/bin/../lib/gcc/powerpc-eabivle/4.9.4/e200z4/fp/ecrtn.o
                0x0120ab30                . = ALIGN (0x10)
 *fill*         0x0120ab2a        0x6 

.glink          0x0120ab30        0x0
 .glink         0x0120ab30        0x0 d:/s32/s32ds/build_tools/powerpc-eabivle-4_9/bin/../lib/gcc/powerpc-eabivle/4.9.4/e200z4/fp/crtbegin.o

.sdata2         0x0120ab30        0x8
                0x0120ab30                . = ALIGN (0x4)
                0x0120ab30                __sdata2_start__ = .
 *(.sdata2)
 .sdata2        0x0120ab30        0x0 d:/s32/s32ds/build_tools/powerpc-eabivle-4_9/bin/../lib/gcc/powerpc-eabivle/4.9.4/e200z4/fp/ecrti.o
                0x0120ab30                __SDATA2_START__
 .sdata2        0x0120ab30        0x0 d:/s32/s32ds/build_tools/powerpc-eabivle-4_9/bin/../lib/gcc/powerpc-eabivle/4.9.4/e200z4/fp/crtbegin.o
                0x01212b30                _SDA2_BASE_
 *(.sdata2.*)
 .sdata2.can_pal1_instance
                0x0120ab30        0x8 ./Generated_Code/can_pal1.o
                0x0120ab30                can_pal1_instance
                0x0120ab38                . = ALIGN (0x4)
                0x0120ab38                __sdata2_end__ = .

.got2           0x0120ab38       0x1c
 *(.got2*)
 .got2          0x0120ab38       0x1c d:/s32/s32ds/build_tools/powerpc-eabivle-4_9/bin/../lib/gcc/powerpc-eabivle/4.9.4/e200z4/fp\libgcc.a(eabivle.o)

.preinit_array  0x0120ab54        0x0
                [!provide]                PROVIDE (__preinit_array_start, .)
 *(.preinit_array)
                [!provide]                PROVIDE (__preinit_array_end, .)

.init_array     0x0120ab54        0x0
                [!provide]                PROVIDE (__init_array_start, .)
 *(SORT(.init_array.*))
 *(.init_array)
                [!provide]                PROVIDE (__init_array_end, .)

.dtors          0x0120ab54        0x8
 *crtbegin.o(.dtors)
 .dtors         0x0120ab54        0x4 d:/s32/s32ds/build_tools/powerpc-eabivle-4_9/bin/../lib/gcc/powerpc-eabivle/4.9.4/e200z4/fp/crtbegin.o
 *crtbegin?.o(.dtors)
 *(EXCLUDE_FILE(*crtend?.o *crtend.o) .dtors)
 .dtors         0x0120ab58        0x0 d:/s32/s32ds/build_tools/powerpc-eabivle-4_9/bin/../lib/gcc/powerpc-eabivle/4.9.4/e200z4/fp/ecrti.o
                0x0120ab58                __DTOR_LIST__
 .dtors         0x0120ab58        0x0 d:/s32/s32ds/build_tools/powerpc-eabivle-4_9/bin/../lib/gcc/powerpc-eabivle/4.9.4/e200z4/fp/ecrtn.o
 *(SORT(.dtors.*))
 *(.dtors)
 .dtors         0x0120ab58        0x4 d:/s32/s32ds/build_tools/powerpc-eabivle-4_9/bin/../lib/gcc/powerpc-eabivle/4.9.4/e200z4/fp/crtend.o
                0x0120ab58                __DTOR_END__

.ctors          0x0120ab5c        0x8
 *crtbegin.o(.ctors)
 .ctors         0x0120ab5c        0x4 d:/s32/s32ds/build_tools/powerpc-eabivle-4_9/bin/../lib/gcc/powerpc-eabivle/4.9.4/e200z4/fp/crtbegin.o
 *crtbegin?.o(.ctors)
 *(EXCLUDE_FILE(*crtend?.o *crtend.o) .ctors)
 .ctors         0x0120ab60        0x0 d:/s32/s32ds/build_tools/powerpc-eabivle-4_9/bin/../lib/gcc/powerpc-eabivle/4.9.4/e200z4/fp/ecrti.o
                0x0120ab60                __CTOR_LIST__
 .ctors         0x0120ab60        0x0 d:/s32/s32ds/build_tools/powerpc-eabivle-4_9/bin/../lib/gcc/powerpc-eabivle/4.9.4/e200z4/fp/ecrtn.o
                0x0120ab60                __CTOR_END__
 *(SORT(.ctors.*))
 *(.ctors)
 .ctors         0x0120ab60        0x4 d:/s32/s32ds/build_tools/powerpc-eabivle-4_9/bin/../lib/gcc/powerpc-eabivle/4.9.4/e200z4/fp/crtend.o

.fini_array     0x0120ab64        0x0
                [!provide]                PROVIDE (__fini_array_start, .)
 *(SORT(.fini_array.*))
 *(.fini_array)
                [!provide]                PROVIDE (__fini_array_end, .)

.noinit         0x40040000        0x4
                0x40040000                __noinit_start__ = .
 *(.noinit)
 .noinit        0x40040000        0x4 ./Sources/UDS.o
                0x40040000                initVAR
 *(.noinit.*)
                0x40040004                __noinit_end__ = .

.rodata         0x0120ab64      0x6a0
 *(.rodata)
 .rodata        0x0120ab64       0x10 ./SDK/platform/drivers/src/flexcan/flexcan_driver.o
 *(.rodata.*)
 .rodata.can_pal1_Config0
                0x0120ab74       0x44 ./Generated_Code/can_pal1.o
                0x0120ab74                can_pal1_Config0
 .rodata.s_vectors
                0x0120abb8        0xc ./SDK/platform/devices/startup.o
 .rodata.CLOCK_DRV_Init
                0x0120abc4       0xe8 ./SDK/platform/drivers/src/clock/MPC57xx/clock_MPC57xx.o
 .rodata.clockNameMappings
                0x0120acac      0x10a ./SDK/platform/drivers/src/clock/MPC57xx/clock_MPC57xx.o
                0x0120acac                clockNameMappings
 *fill*         0x0120adb6        0x2 
 .rodata.EDMA_DRV_ConfigSingleBlockTransfer
                0x0120adb8       0x10 ./SDK/platform/drivers/src/edma/edma_driver.o
 .rodata.FLASH_DRV_SetLock
                0x0120adc8       0x18 ./SDK/platform/drivers/src/flash_c55/flash_c55_driver.o
 .rodata.FLASH_DRV_GetLock
                0x0120ade0       0x18 ./SDK/platform/drivers/src/flash_c55/flash_c55_driver.o
 .rodata.FLASH_BLOCK_ADDR
                0x0120adf8       0xb0 ./SDK/platform/drivers/src/flash_c55/flash_c55_driver.o
 .rodata.FLASH_BLOCK_MASK
                0x0120aea8       0xb0 ./SDK/platform/drivers/src/flash_c55/flash_c55_driver.o
 .rodata.g_flexcanBusOffIrqId
                0x0120af58       0x20 ./SDK/platform/drivers/src/flexcan/flexcan_driver.o
 .rodata.g_flexcanErrorIrqId
                0x0120af78       0x20 ./SDK/platform/drivers/src/flexcan/flexcan_driver.o
 .rodata.g_flexcanOredMessageBufferIrqId
                0x0120af98       0xe0 ./SDK/platform/drivers/src/flexcan/flexcan_driver.o
 .rodata.g_flexcanBase
                0x0120b078       0x20 ./SDK/platform/drivers/src/flexcan/flexcan_driver.o
 .rodata.g_flexcanWakeUpIrqId
                0x0120b098       0x20 ./SDK/platform/drivers/src/flexcan/flexcan_driver.o
 .rodata.FLEXCAN_ComputePayloadSize
                0x0120b0b8       0x1c ./SDK/platform/drivers/src/flexcan/flexcan_hw_access.o
 .rodata.FLEXCAN_SetRxFifoFilter
                0x0120b0d4       0x10 ./SDK/platform/drivers/src/flexcan/flexcan_hw_access.o
 .rodata.FLEXCAN_SetOperationMode
                0x0120b0e4       0x14 ./SDK/platform/drivers/src/flexcan/flexcan_hw_access.o
 .rodata.payload_code.5741
                0x0120b0f8       0x41 ./SDK/platform/drivers/src/flexcan/flexcan_hw_access.o
 *fill*         0x0120b139        0x3 
 .rodata.flexcanBase.5760
                0x0120b13c       0x20 ./SDK/platform/drivers/src/flexcan/flexcan_hw_access.o
 .rodata.maxMbNum.5761
                0x0120b15c       0x20 ./SDK/platform/drivers/src/flexcan/flexcan_hw_access.o
 .rodata.str1.4
                0x0120b17c        0x5 ./SDK/rtos/FreeRTOS_PA/Source/tasks.o
 *fill*         0x0120b181        0x3 
 .rodata.str1.4
                0x0120b184       0x14 ./Sources/main.o
                                 0x13 (size before relaxing)
 .rodata.g_BlocksStartAddresses
                0x0120b198       0x58 ./Sources/Bootloader_Flash/BootloaderFlash.o
 .rodata.g_BootloaderFLashCRC_InitConfig
                0x0120b1f0       0x14 ./Sources/Bootloader_Flash/BootloaderFlashCRCConfig.o
                0x0120b1f0                g_BootloaderFLashCRC_InitConfig

.sbss2          0x0120b204        0x0
 .sbss2         0x0120b204        0x0 d:/s32/s32ds/build_tools/powerpc-eabivle-4_9/bin/../lib/gcc/powerpc-eabivle/4.9.4/e200z4/fp/ecrtn.o

.eh_frame_hdr   0x0120b204       0x14
 *(.eh_frame_hdr)
 .eh_frame_hdr  0x0120b204       0x14 d:/s32/s32ds/build_tools/powerpc-eabivle-4_9/bin/../lib/gcc/powerpc-eabivle/4.9.4/e200z4/fp\libgcc.a(_udivdi3.o)
                0x0120b204                __GNU_EH_FRAME_HDR

.eh_frame       0x0120b218       0x84
 *(.eh_frame)
 .eh_frame      0x0120b218        0x0 d:/s32/s32ds/build_tools/powerpc-eabivle-4_9/bin/../lib/gcc/powerpc-eabivle/4.9.4/e200z4/fp/ecrti.o
                0x0120b218                __EH_FRAME_BEGIN__
 .eh_frame      0x0120b218        0x0 d:/s32/s32ds/build_tools/powerpc-eabivle-4_9/bin/../lib/gcc/powerpc-eabivle/4.9.4/e200z4/fp/crtbegin.o
 .eh_frame      0x0120b218        0x0 d:/s32/s32ds/build_tools/powerpc-eabivle-4_9/bin/../lib/gcc/powerpc-eabivle/4.9.4/e200z4/fp/crtbegin.o
 .eh_frame      0x0120b218        0x0 d:/s32/s32ds/build_tools/powerpc-eabivle-4_9/bin/../lib/gcc/powerpc-eabivle/4.9.4/e200z4/fp\libgcc.a(_udivdi3.o)
                                 0x48 (size before relaxing)